ï¿½ï¿½Ñ¹esp32: SPI ï¿½ets Jun  8 2016 00:22:57

rst:0x1 (POWERON_RESET),boot:0x17 (SPI_FAST_FLASH_BOOT)
configsip: 0, SPIWP:0xee
clk_drv:0x00,q_drv:0x00,d_drv:0x00,cs0_drv:0x00,hd_drv:0x00,wp_drv:0x00
mode:DIO, clock div:2
load:0x3fff0030,len:7176
load:0x40078000,len:15564
ho 0 tail 12 room 4
load:0x40080400,len:4
load:0x40080404,len:3904
entry 0x40080640
[0;32mI (30) boot: ESP-IDF v5.3.1-dirty 2nd stage bootloader[0m
[0;32mI (30) boot: compile time Nov  2 2024 18:17:21[0m
[0;32mI (30) boot: Multicore bootloader[0m
[0;32mI (35) boot: chip revision: v1.0[0m
[0;32mI (39) boot.esp32: SPI Speed      : 40MHz[0m
[0;32mI (43) boot.esp32: SPI Mode       : DIO[0m
[0;32mI (48) boot.esp32: SPI Flash Size : 2MB[0m
[0;32mI (52) boot: Enabling RNG early entropy source...[0m
[0;32mI (58) boot: Partition Table:[0m
[0;32mI (61) boot: ## Label            Usage          Type ST Offset   Length[0m
[0;32mI (69) boot:  0 nvs              WiFi data        01 02 00009000 00006000[0m
[0;32mI (76) boot:  1 phy_init         RF data          01 01 0000f000 00001000[0m
[0;32mI (84) boot:  2 factory          factory app      00 00 00010000 00100000[0m
[0;32mI (91) boot: End of partition table[0m
[0;32mI (95) esp_image: segment 0: paddr=00010020 vaddr=3f400020 size=1d3e4h (119780) map[0m
[0;32mI (145) esp_image: segment 1: paddr=0002d40c vaddr=3ffb0000 size=02c0ch ( 11276) load[0m
[0;32mI (149) esp_image: segment 2: paddr=00030020 vaddr=400d0020 size=71430h (463920) map[0m
[0;32mI (310) esp_image: segment 3: paddr=000a1458 vaddr=3ffb2c0c size=0165ch (  5724) load[0m
[0;32mI (312) esp_image: segment 4: paddr=000a2abc vaddr=40080000 size=18bb0h (101296) load[0m
[0;32mI (367) boot: Loaded app from partition at offset 0x10000[0m
[0;32mI (367) boot: Disabling RNG early entropy source...[0m
[0;32mI (379) cpu_start: Multicore app[0m
[0;32mI (388) cpu_start: Pro cpu start user code[0m
[0;32mI (388) cpu_start: cpu freq: 160000000 Hz[0m
[0;32mI (388) app_init: Application information:[0m
[0;32mI (391) app_init: Project name:     wifi_rtos[0m
[0;32mI (396) app_init: App version:      1[0m
[0;32mI (400) app_init: Compile time:     Nov  2 2024 18:13:49[0m
[0;32mI (406) app_init: ELF file SHA256:  57355a7bae00f746...[0m
[0;32mI (412) app_init: ESP-IDF:          v5.3.1-dirty[0m
[0;32mI (417) efuse_init: Min chip rev:     v0.0[0m
[0;32mI (422) efuse_init: Max chip rev:     v3.99 [0m
[0;32mI (427) efuse_init: Chip rev:         v1.0[0m
[0;32mI (432) heap_init: Initializing. RAM available for dynamic allocation:[0m
[0;32mI (439) heap_init: At 3FFAE6E0 len 00001920 (6 KiB): DRAM[0m
[0;32mI (445) heap_init: At 3FFB8358 len 00027CA8 (159 KiB): DRAM[0m
[0;32mI (451) heap_init: At 3FFE0440 len 00003AE0 (14 KiB): D/IRAM[0m
[0;32mI (458) heap_init: At 3FFE4350 len 0001BCB0 (111 KiB): D/IRAM[0m
[0;32mI (464) heap_init: At 40098BB0 len 00007450 (29 KiB): IRAM[0m
[0;32mI (472) spi_flash: detected chip: gd[0m
[0;32mI (475) spi_flash: flash io: dio[0m
[0;33mW (479) spi_flash: Detected size(4096k) larger than the size in the binary image header(2048k). Using the size in the binary image header.[0m
[0;33mW (492) i2c: This driver is an old driver, please migrate your application code to adapt `driver/i2c_master.h`[0m
[0;32mI (503) main_task: Started on CPU0[0m
[0;32mI (513) main_task: Calling app_main()[0m
I (703) wifi:wifi driver task: 3ffbe1f4, prio:23, stack:6656, core=0
I (703) wifi:wifi firmware version: ccaebfa
I (703) wifi:wifi certification version: v7.0
I (703) wifi:config NVS flash: enabled
I (703) wifi:config nano formating: disabled
I (713) wifi:Init data frame dynamic rx buffer num: 32
I (713) wifi:Init static rx mgmt buffer num: 5
I (723) wifi:Init management short buffer num: 32
I (723) wifi:Init dynamic tx buffer num: 32
I (723) wifi:Init static rx buffer size: 1600
I (733) wifi:Init static rx buffer num: 10
I (733) wifi:Init dynamic rx buffer num: 32
[0;32mI (743) wifi_init: rx ba win: 6[0m
[0;32mI (743) wifi_init: accept mbox: 6[0m
[0;32mI (743) wifi_init: tcpip mbox: 32[0m
[0;32mI (753) wifi_init: udp mbox: 6[0m
[0;32mI (753) wifi_init: tcp mbox: 6[0m
[0;32mI (753) wifi_init: tcp tx win: 5744[0m
[0;32mI (763) wifi_init: tcp rx win: 5744[0m
[0;32mI (763) wifi_init: tcp mss: 1440[0m
[0;32mI (773) wifi_init: WiFi IRAM OP enabled[0m
[0;32mI (773) wifi_init: WiFi RX IRAM OP enabled[0m
[0;32mI (783) phy_init: phy_version 4830,54550f7,Jun 20 2024,14:22:08[0m
[0;33mW (783) phy_init: failed to load RF calibration data (0x1102), falling back to full calibration[0m
[0;33mW (863) phy_init: saving new calibration data because of checksum failure, mode(2)[0m
E (873) wifi:failed to post WiFi event=43 ret=259
I (883) wifi:mode : sta (b4:e6:2d:b1:e1:f9)
I (883) wifi:enable tsf
E (883) wifi:failed to post WiFi event=2 ret=259
[0;32mI (1003) main_task: Returned from app_main()[0m
E (3413) wifi:failed to post WiFi event=1 ret=259
SSID: Hariom.l1-4G  RSSI: -66 dBm
SSID: Hariom.l2-4g  RSSI: -88 dBm
SSID: ACTFIBERNET  RSSI: -91 dBm
SSID: Dream Spoon  RSSI: -93 dBm
SSID: Hariom R2  RSSI: -93 dBm

Press 1->Samsung	2->ViVo	3->Fibernet	0->exit
		Select Store :: [0;32mI (5023) BTN: Waiting For Press.[0m
[0;32mI (15643) BTN: BTN Pressed Down.[0m
[0;32mI (16003) BTN: Short Press[0m
2
[0;32mI (16003) BTN: BTN Released.[0m
[0;32mI (17373) BTN: BTN Pressed Down.[0m
[0;32mI (18363) BTN: Long Press[0m

selected ViVo store
Seleeeeeeeee = 2
yyyyyyyyyyyyyyyyyyyyyyyyyyyyyy 0 0 0 
-1000 -1000 -1000 
temp = 0	inde = -1	data =-1000	large = -1
temp = -1000	inde = -1	data =-1000	large = -1
temp = -1000	inde = -1	data =-1000	large = -1

present_ap = -1 , next_location_ap = 1

next_location_ap = 1
Magnetic data: X:-291.44 mG, Y:179.75 mG, Z:-30.03 mG
Heading = 80.503413
E (22493) wifi:failed to post WiFi event=1 ret=259
SSID: Hariom.l1-4G  RSSI: -82 dBm
SSID: Dream Spoon  RSSI: -98 dBm
SSID: Hariom.l2-4g  RSSI: -99 dBm
-1000 -1000 -1000 
temp = -1000	inde = -1	data =-1000	large = -1
temp = -1000	inde = -1	data =-1000	large = -1
temp = -1000	inde = -1	data =-1000	large = -1
Moving
Heading = 80.503413	-1.000000
left
Magnetic data: X:-209.05 mG, Y:97.05 mG, Z:-43.76 mG
Heading = 87.262755
E (25013) wifi:failed to post WiFi event=1 ret=259
SSID: Hariom.l1-4G  RSSI: -90 dBm
SSID: Hariom.l2-4g  RSSI: -95 dBm
SSID: Dream Spoon  RSSI: -96 dBm
-1000 -1000 -1000 
temp = -1000	inde = -1	data =-1000	large = -1
temp = -1000	inde = -1	data =-1000	large = -1
temp = -1000	inde = -1	data =-1000	large = -1
Moving
Heading = 87.262755	-1.000000
left
Magnetic data: X:-172.73 mG, Y:110.90 mG, Z:-49.26 mG
Heading = 79.465734
E (27533) wifi:failed to post WiFi event=1 ret=259
SSID: Hariom.l1-4G  RSSI: -89 dBm
SSID: Hariom.l2-4g  RSSI: -95 dBm
-1000 -1000 -1000 
temp = -1000	inde = -1	data =-1000	large = -1
temp = -1000	inde = -1	data =-1000	large = -1
temp = -1000	inde = -1	data =-1000	large = -1
Moving
Heading = 79.465734	-1.000000
left
Magnetic data: X:-168.58 mG, Y:132.26 mG, Z:-65.92 mG
Heading = 74.053489
E (30053) wifi:failed to post WiFi event=1 ret=259
SSID: Hariom.l1-4G  RSSI: -93 dBm
-1000 -1000 -1000 
temp = -1000	inde = -1	data =-1000	large = -1
temp = -1000	inde = -1	data =-1000	large = -1
temp = -1000	inde = -1	data =-1000	large = -1
Moving
Heading = 74.053489	-1.000000
left
Magnetic data: X:-222.29 mG, Y:138.06 mG, Z:-7.63 mG
Heading = 80.323967
E (32573) wifi:failed to post WiFi event=1 ret=259
SSID: Hariom.l1-4G  RSSI: -85 dBm
SSID: Hariom R2  RSSI: -95 dBm
-1000 -1000 -1000 
temp = -1000	inde = -1	data =-1000	large = -1
temp = -1000	inde = -1	data =-1000	large = -1
temp = -1000	inde = -1	data =-1000	large = -1
Moving
Heading = 80.323967	-1.000000
left
Magnetic data: X:-251.59 mG, Y:159.73 mG, Z:8.54 mG
Heading = 79.757195
E (35093) wifi:failed to post WiFi event=1 ret=259
SSID: Hariom.l1-4G  RSSI: -89 dBm
-1000 -1000 -1000 
temp = -1000	inde = -1	data =-1000	large = -1
temp = -1000	inde = -1	data =-1000	large = -1
temp = -1000	inde = -1	data =-1000	large = -1
Moving
Heading = 79.757195	-1.000000
left
Magnetic data: X:-349.12 mG, Y:158.39 mG, Z:-199.10 mG
Heading = 87.762432
E (37613) wifi:failed to post WiFi event=1 ret=259
SSID: Hariom.l1-4G  RSSI: -91 dBm
SSID: Dream Spoon  RSSI: -95 dBm
-1000 -1000 -1000 
temp = -1000	inde = -1	data =-1000	large = -1
temp = -1000	inde = -1	data =-1000	large = -1
temp = -1000	inde = -1	data =-1000	large = -1
Moving
Heading = 87.762432	-1.000000
left
Magnetic data: X:-163.27 mG, Y:224.61 mG, Z:215.45 mG
Heading = 58.190251
E (40133) wifi:failed to post WiFi event=1 ret=259
SSID: Hariom.l1-4G  RSSI: -89 dBm
-1000 -1000 -1000 
temp = -1000	inde = -1	data =-1000	large = -1
temp = -1000	inde = -1	data =-1000	large = -1
temp = -1000	inde = -1	data =-1000	large = -1
Moving
Heading = 58.190251	-1.000000
left
Magnetic data: X:-192.87 mG, Y:434.08 mG, Z:274.05 mG
Heading = 46.138126
E (42653) wifi:failed to post WiFi event=1 ret=259
SSID: Hariom.l1-4G  RSSI: -95 dBm
-1000 -1000 -1000 
temp = -1000	inde = -1	data =-1000	large = -1
temp = -1000	inde = -1	data =-1000	large = -1
temp = -1000	inde = -1	data =-1000	large = -1
Moving
Heading = 46.138126	-1.000000
left
Magnetic data: X:-226.87 mG, Y:65.43 mG, Z:-47.42 mG
Heading = 96.073714
E (45173) wifi:failed to post WiFi event=1 ret=259
SSID: Hariom.l1-4G  RSSI: -82 dBm
SSID: Dream Spoon  RSSI: -94 dBm
SSID: Hariom GF 4G  RSSI: -98 dBm
-1000 -1000 -1000 
temp = -1000	inde = -1	data =-1000	large = -1
temp = -1000	inde = -1	data =-1000	large = -1
temp = -1000	inde = -1	data =-1000	large = -1
Moving
Heading = 96.073714	-1.000000
left
Magnetic data: X:-184.75 mG, Y:48.65 mG, Z:14.65 mG
Heading = 97.409966
E (47693) wifi:failed to post WiFi event=1 ret=259
SSID: Hariom.l1-4G  RSSI: -85 dBm
SSID: Hariom.l2-4g  RSSI: -96 dBm
SSID: Hariom R2  RSSI: -99 dBm
-1000 -1000 -1000 
temp = -1000	inde = -1	data =-1000	large = -1
temp = -1000	inde = -1	data =-1000	large = -1
temp = -1000	inde = -1	data =-1000	large = -1
Moving
Heading = 97.409966	-1.000000
left
Magnetic data: X:-84.96 mG, Y:152.10 mG, Z:65.00 mG
Heading = 51.366691
