eoot.esp32: SPI Speed      :ï¿½ets Jun  8 2016 00:22:57

rst:0x1 (POWERON_RESET),boot:0x17 (SPI_FAST_FLASH_BOOT)
configsip: 0, SPIWP:0xee
clk_drv:0x00,q_drv:0x00,d_drv:0x00,cs0_drv:0x00,hd_drv:0x00,wp_drv:0x00
mode:DIO, clock div:2
load:0x3fff0030,len:7176
load:0x40078000,len:15564
ho 0 tail 12 room 4
load:0x40080400,len:4
load:0x40080404,len:3904
entry 0x40080640
[0;32mI (30) boot: ESP-IDF v5.3.1-dirty 2nd stage bootloader[0m
[0;32mI (30) boot: compile time Nov  7 2024 00:56:28[0m
[0;32mI (30) boot: Multicore bootloader[0m
[0;32mI (35) boot: chip revision: v1.0[0m
[0;32mI (38) boot.esp32: SPI Speed      : 40MHz[0m
[0;32mI (43) boot.esp32: SPI Mode       : DIO[0m
[0;32mI (48) boot.esp32: SPI Flash Size : 2MB[0m
[0;32mI (52) boot: Enabling RNG early entropy source...[0m
[0;32mI (58) boot: Partition Table:[0m
[0;32mI (61) boot: ## Label            Usage          Type ST Offset   Length[0m
[0;32mI (68) boot:  0 nvs              WiFi data        01 02 00009000 00006000[0m
[0;32mI (76) boot:  1 phy_init         RF data          01 01 0000f000 00001000[0m
[0;32mI (83) boot:  2 factory          factory app      00 00 00010000 00100000[0m
[0;32mI (91) boot: End of partition table[0m
[0;32mI (95) esp_image: segment 0: paddr=00010020 vaddr=3f400020 size=1d3f4h (119796) map[0m
[0;32mI (145) esp_image: segment 1: paddr=0002d41c vaddr=3ffb0000 size=02bfch ( 11260) load[0m
[0;32mI (149) esp_image: segment 2: paddr=00030020 vaddr=400d0020 size=715a4h (464292) map[0m
[0;32mI (309) esp_image: segment 3: paddr=000a15cc vaddr=3ffb2bfc size=016dch (  5852) load[0m
[0;32mI (312) esp_image: segment 4: paddr=000a2cb0 vaddr=40080000 size=18bb0h (101296) load[0m
[0;32mI (367) boot: Loaded app from partition at offset 0x10000[0m
[0;32mI (367) boot: Disabling RNG early entropy source...[0m
[0;32mI (379) cpu_start: Multicore app[0m
[0;32mI (388) cpu_start: Pro cpu start user code[0m
[0;32mI (388) cpu_start: cpu freq: 160000000 Hz[0m
[0;32mI (388) app_init: Application information:[0m
[0;32mI (391) app_init: Project name:     wifi_rtos[0m
[0;32mI (396) app_init: App version:      60e9f13-dirty[0m
[0;32mI (401) app_init: Compile time:     Nov  7 2024 00:54:29[0m
[0;32mI (407) app_init: ELF file SHA256:  ccd5418e3c67ed7b...[0m
[0;32mI (413) app_init: ESP-IDF:          v5.3.1-dirty[0m
[0;32mI (418) efuse_init: Min chip rev:     v0.0[0m
[0;32mI (423) efuse_init: Max chip rev:     v3.99 [0m
[0;32mI (428) efuse_init: Chip rev:         v1.0[0m
[0;32mI (433) heap_init: Initializing. RAM available for dynamic allocation:[0m
[0;32mI (440) heap_init: At 3FFAE6E0 len 00001920 (6 KiB): DRAM[0m
[0;32mI (446) heap_init: At 3FFB85C8 len 00027A38 (158 KiB): DRAM[0m
[0;32mI (452) heap_init: At 3FFE0440 len 00003AE0 (14 KiB): D/IRAM[0m
[0;32mI (459) heap_init: At 3FFE4350 len 0001BCB0 (111 KiB): D/IRAM[0m
[0;32mI (465) heap_init: At 40098BB0 len 00007450 (29 KiB): IRAM[0m
[0;32mI (473) spi_flash: detected chip: gd[0m
[0;32mI (476) spi_flash: flash io: dio[0m
[0;33mW (480) spi_flash: Detected size(4096k) larger than the size in the binary image header(2048k). Using the size in the binary image header.[0m
[0;33mW (493) i2c: This driver is an old driver, please migrate your application code to adapt `driver/i2c_master.h`[0m
[0;32mI (504) main_task: Started on CPU0[0m
[0;32mI (514) main_task: Calling app_main()[0m
I (704) wifi:wifi driver task: 3ffbe464, prio:23, stack:6656, core=0
I (704) wifi:wifi firmware version: ccaebfa
I (704) wifi:wifi certification version: v7.0
I (704) wifi:config NVS flash: enabled
I (704) wifi:config nano formating: disabled
I (714) wifi:Init data frame dynamic rx buffer num: 32
I (714) wifi:Init static rx mgmt buffer num: 5
I (724) wifi:Init management short buffer num: 32
I (724) wifi:Init dynamic tx buffer num: 32
I (724) wifi:Init static rx buffer size: 1600
I (734) wifi:Init static rx buffer num: 10
I (734) wifi:Init dynamic rx buffer num: 32
[0;32mI (744) wifi_init: rx ba win: 6[0m
[0;32mI (744) wifi_init: accept mbox: 6[0m
[0;32mI (744) wifi_init: tcpip mbox: 32[0m
[0;32mI (754) wifi_init: udp mbox: 6[0m
[0;32mI (754) wifi_init: tcp mbox: 6[0m
[0;32mI (754) wifi_init: tcp tx win: 5744[0m
[0;32mI (764) wifi_init: tcp rx win: 5744[0m
[0;32mI (764) wifi_init: tcp mss: 1440[0m
[0;32mI (774) wifi_init: WiFi IRAM OP enabled[0m
[0;32mI (774) wifi_init: WiFi RX IRAM OP enabled[0m
[0;32mI (784) phy_init: phy_version 4830,54550f7,Jun 20 2024,14:22:08[0m
[0;33mW (784) phy_init: failed to load RF calibration data (0x1102), falling back to full calibration[0m
[0;33mW (864) phy_init: saving new calibration data because of checksum failure, mode(2)[0m
E (874) wifi:failed to post WiFi event=43 ret=259
I (884) wifi:mode : sta (b4:e6:2d:b1:e1:f9)
I (884) wifi:enable tsf
E (884) wifi:failed to post WiFi event=2 ret=259
[0;32mI (1014) main_task: Returned from app_main()[0m
E (3414) wifi:failed to post WiFi event=1 ret=259
SSID: Hariom.l1-4G  RSSI: -74 dBm
SSID: ACTFIBERNET  RSSI: -94 dBm
SSID: Dream Spoon  RSSI: -96 dBm
SSID: Hariom R2  RSSI: -97 dBm

Press 1->Puma

Press 2->Foreever21

Press 3->Nike

Press 4->UpdateDatabase
[0;32mI (5044) BTN: Waiting For Press.[0m
[0;32mI (12894) BTN: BTN Pressed Down.[0m
[0;32mI (13064) BTN: Short Press[0m
2
[0;32mI (13064) BTN: BTN Released.[0m
[0;32mI (14914) BTN: BTN Pressed Down.[0m
[0;32mI (15054) BTN: Short Press[0m
3
[0;32mI (15054) BTN: BTN Released.[0m
[0;32mI (17074) BTN: BTN Pressed Down.[0m
[0;32mI (17164) BTN: Short Press[0m
4
[0;32mI (17164) BTN: BTN Released.[0m
[0;32mI (18054) BTN: BTN Pressed Down.[0m
[0;32mI (19044) BTN: Long Press[0m
---debug:buttonPress:4
---debug:TotalShops:4

Updating Database: Move aroundUpdating Database: Move aroundUpdating Database: Move aroundUpdating Database: Move aroundIndex of selected Shop = 1073415716
c0a5dd1eda91
3c52a16e82c2
f0a731f76e18
3ccd576b6416
yyyyyyyyyyyyyyyyyyyyyyyyyyyyyy 0 -74 0 
-1000 -74 -1000 temp = -74	inde = 1	data =-74	large = 1

present_ap = 1 , next_location_ap = 1073415715

next_location_ap = 1073415715
Magnetic data: X:173.03 mG, Y:-401.61 mG, Z:124.02 mG
Heading = 225.563135
E (23214) wifi:failed to post WiFi event=1 ret=259
SSID: Hariom.l1-4G  RSSI: -70 dBm
SSID: Dream Spoon  RSSI: -97 dBm
SSID: Hariom.l2-4g  RSSI: -98 dBm
--debug enteredc0a5dd1eda91
f0a731f76e18
5c8c30310329
-1000 -70 -1000 temp = -70	inde = 1	data =-70	large = 1
Moving
Heading = 225.563135	-1.000000
left
Magnetic data: X:174.38 mG, Y:-498.96 mG, Z:201.54 mG
Heading = 221.519423
E (25734) wifi:failed to post WiFi event=1 ret=259
SSID: Hariom.l1-4G  RSSI: -79 dBm
SSID: ACTFIBERNET  RSSI: -89 dBm
SSID: Hariom.l2-4g  RSSI: -91 dBm
SSID: Hariom R3 4g  RSSI: -96 dBm
--debug enteredc0a5dd1eda91
3c52a16e82c2
5c8c30310329
f48ceb11595a
-1000 -79 -1000 temp = -79	inde = 1	data =-79	large = 1
Moving
Heading = 221.519423	-1.000000
left
Magnetic data: X:66.96 mG, Y:-372.31 mG, Z:234.07 mG
Heading = 212.454441
E (28254) wifi:failed to post WiFi event=1 ret=259
SSID: Hariom.l1-4G  RSSI: -79 dBm
SSID: Dream Spoon  RSSI: -91 dBm
SSID: ACTFIBERNET  RSSI: -92 dBm
SSID: Hariom.l2-4g  RSSI: -97 dBm
c0a5dd1eda91
f0a731f76e18
3c52a16e82c2
5c8c30310329
-1000 -79 -1000 temp = -79	inde = 1	data =-79	large = 1
Moving
Heading = 212.454441	-1.000000
left
Magnetic data: X:66.35 mG, Y:-373.84 mG, Z:231.75 mG
Heading = 212.323087
E (30774) wifi:failed to post WiFi event=1 ret=259
SSID: Hariom.l1-4G  RSSI: -83 dBm
SSID: Hariom R2  RSSI: -92 dBm
SSID: Dream Spoon  RSSI: -94 dBm
SSID: ACTFIBERNET  RSSI: -94 dBm
SSID: Hariom.l2-4g  RSSI: -95 dBm
--debug enteredc0a5dd1eda91
3ccd576b6416
f0a731f76e18
3c52a16e82c2
5c8c30310329
-1000 -83 -1000 temp = -83	inde = 1	data =-83	large = 1
Moving
Heading = 212.323087	-1.000000
left
Magnetic data: X:57.19 mG, Y:-379.33 mG, Z:113.04 mG
Heading = 210.833805
