e39) boot.esp32: Sï¿½ets Jun  8 2016 00:22:57

rst:0x1 (POWERON_RESET),boot:0x13 (SPI_FAST_FLASH_BOOT)
configsip: 0, SPIWP:0xee
clk_drv:0x00,q_drv:0x00,d_drv:0x00,cs0_drv:0x00,hd_drv:0x00,wp_drv:0x00
mode:DIO, clock div:2
load:0x3fff0030,len:7176
load:0x40078000,len:15564
ho 0 tail 12 room 4
load:0x40080400,len:4
load:0x40080404,len:3904
entry 0x40080640
[0;32mI (30) boot: ESP-IDF v5.3.1-dirty 2nd stage bootloader[0m
[0;32mI (30) boot: compile time Nov  2 2024 18:17:21[0m
[0;32mI (31) boot: Multicore bootloader[0m
[0;32mI (35) boot: chip revision: v1.0[0m
[0;32mI (39) boot.esp32: SPI Speed      : 40MHz[0m
[0;32mI (44) boot.esp32: SPI Mode       : DIO[0m
[0;32mI (48) boot.esp32: SPI Flash Size : 2MB[0m
[0;32mI (53) boot: Enabling RNG early entropy source...[0m
[0;32mI (58) boot: Partition Table:[0m
[0;32mI (62) boot: ## Label            Usage          Type ST Offset   Length[0m
[0;32mI (69) boot:  0 nvs              WiFi data        01 02 00009000 00006000[0m
[0;32mI (76) boot:  1 phy_init         RF data          01 01 0000f000 00001000[0m
[0;32mI (84) boot:  2 factory          factory app      00 00 00010000 00100000[0m
[0;32mI (91) boot: End of partition table[0m
[0;32mI (96) esp_image: segment 0: paddr=00010020 vaddr=3f400020 size=1d424h (119844) map[0m
[0;32mI (145) esp_image: segment 1: paddr=0002d44c vaddr=3ffb0000 size=02bcch ( 11212) load[0m
[0;32mI (149) esp_image: segment 2: paddr=00030020 vaddr=400d0020 size=715a4h (464292) map[0m
[0;32mI (310) esp_image: segment 3: paddr=000a15cc vaddr=3ffb2bcc size=0170ch (  5900) load[0m
[0;32mI (312) esp_image: segment 4: paddr=000a2ce0 vaddr=40080000 size=18bb0h (101296) load[0m
[0;32mI (368) boot: Loaded app from partition at offset 0x10000[0m
[0;32mI (368) boot: Disabling RNG early entropy source...[0m
[0;32mI (380) cpu_start: Multicore app[0m
[0;32mI (388) cpu_start: Pro cpu start user code[0m
[0;32mI (388) cpu_start: cpu freq: 160000000 Hz[0m
[0;32mI (388) app_init: Application information:[0m
[0;32mI (391) app_init: Project name:     wifi_rtos[0m
[0;32mI (396) app_init: App version:      60e9f13-dirty[0m
[0;32mI (402) app_init: Compile time:     Nov  6 2024 22:06:38[0m
[0;32mI (408) app_init: ELF file SHA256:  4d504701e68128d5...[0m
[0;32mI (414) app_init: ESP-IDF:          v5.3.1-dirty[0m
[0;32mI (419) efuse_init: Min chip rev:     v0.0[0m
[0;32mI (424) efuse_init: Max chip rev:     v3.99 [0m
[0;32mI (429) efuse_init: Chip rev:         v1.0[0m
[0;32mI (434) heap_init: Initializing. RAM available for dynamic allocation:[0m
[0;32mI (441) heap_init: At 3FFAE6E0 len 00001920 (6 KiB): DRAM[0m
[0;32mI (447) heap_init: At 3FFB83F8 len 00027C08 (159 KiB): DRAM[0m
[0;32mI (453) heap_init: At 3FFE0440 len 00003AE0 (14 KiB): D/IRAM[0m
[0;32mI (459) heap_init: At 3FFE4350 len 0001BCB0 (111 KiB): D/IRAM[0m
[0;32mI (466) heap_init: At 40098BB0 len 00007450 (29 KiB): IRAM[0m
[0;32mI (473) spi_flash: detected chip: gd[0m
[0;32mI (476) spi_flash: flash io: dio[0m
[0;33mW (480) spi_flash: Detected size(4096k) larger than the size in the binary image header(2048k). Using the size in the binary image header.[0m
[0;33mW (493) i2c: This driver is an old driver, please migrate your application code to adapt `driver/i2c_master.h`[0m
[0;32mI (505) main_task: Started on CPU0[0m
[0;32mI (515) main_task: Calling app_main()[0m
I (675) wifi:wifi driver task: 3ffbe294, prio:23, stack:6656, core=0
I (675) wifi:wifi firmware version: ccaebfa
I (675) wifi:wifi certification version: v7.0
I (675) wifi:config NVS flash: enabled
I (675) wifi:config nano formating: disabled
I (685) wifi:Init data frame dynamic rx buffer num: 32
I (685) wifi:Init static rx mgmt buffer num: 5
I (695) wifi:Init management short buffer num: 32
I (695) wifi:Init dynamic tx buffer num: 32
I (695) wifi:Init static rx buffer size: 1600
I (705) wifi:Init static rx buffer num: 10
I (705) wifi:Init dynamic rx buffer num: 32
[0;32mI (715) wifi_init: rx ba win: 6[0m
[0;32mI (715) wifi_init: accept mbox: 6[0m
[0;32mI (715) wifi_init: tcpip mbox: 32[0m
[0;32mI (725) wifi_init: udp mbox: 6[0m
[0;32mI (725) wifi_init: tcp mbox: 6[0m
[0;32mI (725) wifi_init: tcp tx win: 5744[0m
[0;32mI (735) wifi_init: tcp rx win: 5744[0m
[0;32mI (735) wifi_init: tcp mss: 1440[0m
[0;32mI (745) wifi_init: WiFi IRAM OP enabled[0m
[0;32mI (745) wifi_init: WiFi RX IRAM OP enabled[0m
[0;32mI (755) phy_init: phy_version 4830,54550f7,Jun 20 2024,14:22:08[0m
[0;33mW (755) phy_init: failed to load RF calibration data (0x1102), falling back to full calibration[0m
[0;33mW (835) phy_init: saving new calibration data because of checksum failure, mode(2)[0m
E (845) wifi:failed to post WiFi event=43 ret=259
I (845) wifi:mode : sta (30:ae:a4:1b:70:d4)
I (845) wifi:enable tsf
E (845) wifi:failed to post WiFi event=2 ret=259
[0;31mE (1855) i2cdev: Could not read from device [0x0d at 0]: 263 (ESP_ERR_TIMEOUT)[0m
ESP_ERROR_CHECK failed: esp_err_t 0x107 (ESP_ERR_TIMEOUT) at 0x400d7501
file: "./main/magnetometer.c" line 18
func: Sensor_Config
expression: qmc5883l_set_mode(&dev, QMC5883L_MODE_CONTINUOUS)

abort() was called at PC 0x4008acd7 on core 0


Backtrace: 0x40081b9a:0x3ffba5c0 0x4008ace1:0x3ffba5e0 0x400929a9:0x3ffba600 0x4008acd7:0x3ffba670 0x400d7501:0x3ffba6a0 0x400d729a:0x3ffba6c0 0x4013f55f:0x3ffba6f0 0x4008b7fd:0x3ffba720




ELF file SHA256: 4d504701e68128d5

Rebooting...
ets Jun  8 2016 00:22:57

rst:0xc (SW_CPU_RESET),boot:0x13 (SPI_FAST_FLASH_BOOT)
configsip: 0, SPIWP:0xee
clk_drv:0x00,q_drv:0x00,d_drv:0x00,cs0_drv:0x00,hd_drv:0x00,wp_drv:0x00
mode:DIO, clock div:2
load:0x3fff0030,len:7176
load:0x40078000,len:15564
ho 0 tail 12 room 4
load:0x40080400,len:4
load:0x40080404,len:3904
entry 0x40080640
[0;32mI (31) boot: ESP-IDF v5.3.1-dirty 2nd stage bootloader[0m
[0;32mI (31) boot: compile time Nov  2 2024 18:17:21[0m
[0;32mI (31) boot: Multicore bootloader[0m
[0;32mI (36) boot: chip revision: v1.0[0m
[0;32mI (40) boot.esp32: SPI Speed      : 40MHz[0m
[0;32mI (44) boot.esp32: SPI Mode       : DIO[0m
[0;32mI (49) boot.esp32: SPI Flash Size : 2MB[0m
[0;32mI (53) boot: Enabling RNG early entropy source...[0m
[0;32mI (59) boot: Partition Table:[0m
[0;32mI (62) boot: ## Label            Usage          Type ST Offset   Length[0m
[0;32mI (70) boot:  0 nvs              WiFi data        01 02 00009000 00006000[0m
[0;32mI (77) boot:  1 phy_init         RF data          01 01 0000f000 00001000[0m
[0;32mI (84) boot:  2 factory          factory app      00 00 00010000 00100000[0m
[0;32mI (92) boot: End of partition table[0m
[0;32mI (96) esp_image: segment 0: paddr=00010020 vaddr=3f400020 size=1d424h (119844) map[0m
[0;32mI (146) esp_image: segment 1: paddr=0002d44c vaddr=3ffb0000 size=02bcch ( 11212) load[0m
[0;32mI (150) esp_image: segment 2: paddr=00030020 vaddr=400d0020 size=715a4h (464292) map[0m
[0;32mI (311) esp_image: segment 3: paddr=000a15cc vaddr=3ffb2bcc size=0170ch (  5900) load[0m
[0;32mI (313) esp_image: segment 4: paddr=000a2ce0 vaddr=40080000 size=18bb0h (101296) load[0m
[0;32mI (368) boot: Loaded app from partition at offset 0x10000[0m
[0;32mI (368) boot: Disabling RNG early entropy source...[0m
[0;32mI (380) cpu_start: Multicore app[0m
[0;32mI (389) cpu_start: Pro cpu start user code[0m
[0;32mI (389) cpu_start: cpu freq: 160000000 Hz[0m
[0;32mI (389) app_init: Application information:[0m
[0;32mI (392) app_init: Project name:     wifi_rtos[0m
[0;32mI (397) app_init: App version:      60e9f13-dirty[0m
[0;32mI (402) app_init: Compile time:     Nov  6 2024 22:06:38[0m
[0;32mI (408) app_init: ELF file SHA256:  4d504701e68128d5...[0m
[0;32mI (414) app_init: ESP-IDF:          v5.3.1-dirty[0m
[0;32mI (419) efuse_init: Min chip rev:     v0.0[0m
[0;32mI (424) efuse_init: Max chip rev:     v3.99 [0m
[0;32mI (429) efuse_init: Chip rev:         v1.0[0m
[0;32mI (434) heap_init: Initializing. RAM available for dynamic allocation:[0m
[0;32mI (441) heap_init: At 3FFAE6E0 len 00001920 (6 KiB): DRAM[0m
[0;32mI (447) heap_init: At 3FFB83F8 len 00027C08 (159 KiB): DRAM[0m
[0;32mI (453) heap_init: At 3FFE0440 len 00003AE0 (14 KiB): D/IRAM[0m
[0;32mI (460) heap_init: At 3FFE4350 len 0001BCB0 (111 KiB): D/IRAM[0m
[0;32mI (466) heap_init: At 40098BB0 len 00007450 (29 KiB): IRAM[0m
[0;32mI (474) spi_flash: detected chip: gd[0m
[0;32mI (477) spi_flash: flash io: dio[0m
[0;33mW (481) spi_flash: Detected size(4096k) larger than the size in the binary image header(2048k). Using the size in the binary image header.[0m
[0;33mW (494) i2c: This driver is an old driver, please migrate your application code to adapt `driver/i2c_master.h`[0m
[0;32mI (505) main_task: Started on CPU0[0m
[0;32mI (515) main_task: Calling app_main()[0m
I (675) wifi:wifi driver task: 3ffbe294, prio:23, stack:6656, core=0
I (675) wifi:wifi firmware version: ccaebfa
I (675) wifi:wifi certification version: v7.0
I (675) wifi:config NVS flash: enabled
I (675) wifi:config nano formating: disabled
I (685) wifi:Init data frame dynamic rx buffer num: 32
I (685) wifi:Init static rx mgmt buffer num: 5
I (695) wifi:Init management short buffer num: 32
I (695) wifi:Init dynamic tx buffer num: 32
I (695) wifi:Init static rx buffer size: 1600
I (705) wifi:Init static rx buffer num: 10
I (705) wifi:Init dynamic rx buffer num: 32
[0;32mI (715) wifi_init: rx ba win: 6[0m
[0;32mI (715) wifi_init: accept mbox: 6[0m
[0;32mI (715) wifi_init: tcpip mbox: 32[0m
[0;32mI (725) wifi_init: udp mbox: 6[0m
[0;32mI (725) wifi_init: tcp mbox: 6[0m
[0;32mI (725) wifi_init: tcp tx win: 5744[0m
[0;32mI (735) wifi_init: tcp rx win: 5744[0m
[0;32mI (735) wifi_init: tcp mss: 1440[0m
[0;32mI (745) wifi_init: WiFi IRAM OP enabled[0m
[0;32mI (745) wifi_init: WiFi RX IRAM OP enabled[0m
[0;32mI (755) phy_init: phy_version 4830,54550f7,Jun 20 2024,14:22:08[0m
[0;33mW (755) phy_init: failed to load RF calibration data (0x1102), falling back to full calibration[0m
[0;33mW (835) phy_init: saving new calibration data because of checksum failure, mode(2)[0m
E (845) wifi:failed to post WiFi event=43 ret=259
I (855) wifi:mode : sta (30:ae:a4:1b:70:d4)
I (855) wifi:enable tsf
E (855) wifi:failed to post WiFi event=2 ret=259
[0;31mE (865) i2cdev: Could not read from device [0x0d at 0]: 263 (ESP_ERR_TIMEOUT)[0m
ESP_ERROR_CHECK failed: esp_err_t 0x107 (ESP_ERR_TIMEOUT) at 0x400d7501
file: "./main/magnetometer.c" line 18
func: Sensor_Config
expression: qmc5883l_set_mode(&dev, QMC5883L_MODE_CONTINUOUS)

abort() was called at PC 0x4008acd7 on core 0


Backtrace: 0x40081b9a:0x3ffba5c0 0x4008ace1:0x3ffba5e0 0x400929a9:0x3ffba600 0x4008acd7:0x3ffba670 0x400d7501:0x3ffba6a0 0x400d729a:0x3ffba6c0 0x4013f55f:0x3ffba6f0 0x4008b7fd:0x3ffba720




ELF file SHA256: 4d504701e68128d5

Rebooting...
ets Jun  8 2016 00:22:57

rst:0xc (SW_CPU_RESET),boot:0x13 (SPI_FAST_FLASH_BOOT)
configsip: 0, SPIWP:0xee
clk_drv:0x00,q_drv:0x00,d_drv:0x00,cs0_drv:0x00,hd_drv:0x00,wp_drv:0x00
mode:DIO, clock div:2
load:0x3fff0030,len:7176
load:0x40078000,len:15564
ho 0 tail 12 room 4
load:0x40080400,len:4
load:0x40080404,len:3904
entry 0x40080640
[0;32mI (31) boot: ESP-IDF v5.3.1-dirty 2nd stage bootloader[0m
[0;32mI (31) boot: compile time Nov  2 2024 18:17:21[0m
[0;32mI (31) boot: Multicore bootloader[0m
[0;32mI (36) boot: chip revision: v1.0[0m
[0;32mI (40) boot.esp32: SPI Speed      : 40MHz[0m
[0;32mI (44) boot.esp32: SPI Mode       : DIO[0m
[0;32mI (49) boot.esp32: SPI Flash Size : 2MB[0m
[0;32mI (53) boot: Enabling RNG early entropy source...[0m
[0;32mI (59) boot: Partition Table:[0m
[0;32mI (62) boot: ## Label            Usage          Type ST Offset   Length[0m
[0;32mI (70) boot:  0 nvs              WiFi data        01 02 00009000 00006000[0m
[0;32mI (77) boot:  1 phy_init         RF data          01 01 0000f000 00001000[0m
[0;32mI (84) boot:  2 factory          factory app      00 00 00010000 00100000[0m
[0;32mI (92) boot: End of partition table[0m
[0;32mI (96) esp_image: segment 0: paddr=00010020 vaddr=3f400020 size=1d424h (119844) map[0m
[0;32mI (146) esp_image: segment 1: paddr=0002d44c vaddr=3ffb0000 size=02bcch ( 11212) load[0m
[0;32mI (150) esp_image: segment 2: paddr=00030020 vaddr=400d0020 size=715a4h (464292) map[0m
[0;32mI (311) esp_image: segment 3: paddr=000a15cc vaddr=3ffb2bcc size=0170ch (  5900) load[0m
[0;32mI (313) esp_image: segment 4: paddr=000a2ce0 vaddr=40080000 size=18bb0h (101296) load[0m
[0;32mI (368) boot: Loaded app from partition at offset 0x10000[0m
[0;32mI (368) boot: Disabling RNG early entropy source...[0m
[0;32mI (380) cpu_start: Multicore app[0m
[0;32mI (389) cpu_start: Pro cpu start user code[0m
[0;32mI (389) cpu_start: cpu freq: 160000000 Hz[0m
[0;32mI (389) app_init: Application information:[0m
[0;32mI (392) app_init: Project name:     wifi_rtos[0m
[0;32mI (397) app_init: App version:      60e9f13-dirty[0m
[0;32mI (402) app_init: Compile time:     Nov  6 2024 22:06:38[0m
[0;32mI (408) app_init: ELF file SHA256:  4d504701e68128d5...[0m
[0;32mI (414) app_init: ESP-IDF:          v5.3.1-dirty[0m
[0;32mI (419) efuse_init: Min chip rev:     v0.0[0m
[0;32mI (424) efuse_init: Max chip rev:     v3.99 [0m
[0;32mI (429) efuse_init: Chip rev:         v1.0[0m
[0;32mI (434) heap_init: Initializing. RAM available for dynamic allocation:[0m
[0;32mI (441) heap_init: At 3FFAE6E0 len 00001920 (6 KiB): DRAM[0m
[0;32mI (447) heap_init: At 3FFB83F8 len 00027C08 (159 KiB): DRAM[0m
[0;32mI (453) heap_init: At 3FFE0440 len 00003AE0 (14 KiB): D/IRAM[0m
[0;32mI (460) heap_init: At 3FFE4350 len 0001BCB0 (111 KiB): D/IRAM[0m
[0;32mI (466) heap_init: At 40098BB0 len 00007450 (29 KiB): IRAM[0m
[0;32mI (474) spi_flash: detected chip: gd[0m
[0;32mI (477) spi_flash: flash io: dio[0m
[0;33mW (481) spi_flash: Detected size(4096k) larger than the size in the binary image header(2048k). Using the size in the binary image header.[0m
[0;33mW (494) i2c: This driver is an old driver, please migrate your application code to adapt `driver/i2c_master.h`[0m
[0;32mI (505) main_task: Started on CPU0[0m
[0;32mI (515) main_task: Calling app_main()[0m
I (675) wifi:wifi driver task: 3ffbe294, prio:23, stack:6656, core=0
I (675) wifi:wifi firmware version: ccaebfa
I (675) wifi:wifi certification version: v7.0
I (675) wifi:config NVS flash: enabled
I (675) wifi:config nano formating: disabled
I (685) wifi:Init data frame dynamic rx buffer num: 32
I (685) wifi:Init static rx mgmt buffer num: 5
I (695) wifi:Init management short buffer num: 32
I (695) wifi:Init dynamic tx buffer num: 32
I (695) wifi:Init static rx buffer size: 1600
I (705) wifi:Init static rx buffer num: 10
I (705) wifi:Init dynamic rx buffer num: 32
[0;32mI (715) wifi_init: rx ba win: 6[0m
[0;32mI (715) wifi_init: accept mbox: 6[0m
[0;32mI (715) wifi_init: tcpip mbox: 32[0m
[0;32mI (725) wifi_init: udp mbox: 6[0m
[0;32mI (725) wifi_init: tcp mbox: 6[0m
[0;32mI (725) wifi_init: tcp tx win: 5744[0m
[0;32mI (735) wifi_init: tcp rx win: 5744[0m
[0;32mI (735) wifi_init: tcp mss: 1440[0m
[0;32mI (745) wifi_init: WiFi IRAM OP enabled[0m
[0;32mI (745) wifi_init: WiFi RX IRAM OP enabled[0m
[0;32mI (755) phy_init: phy_version 4830,54550f7,Jun 20 2024,14:22:08[0m
[0;33mW (755) phy_init: failed to load RF calibration data (0x1102), falling back to full calibration[0m
[0;33mW (835) phy_init: saving new calibration data because of checksum failure, mode(2)[0m
E (845) wifi:failed to post WiFi event=43 ret=259
I (845) wifi:mode : sta (30:ae:a4:1b:70:d4)
I (845) wifi:enable tsf
E (845) wifi:failed to post WiFi event=2 ret=259
[0;31mE (865) i2cdev: Could not read from device [0x0d at 0]: 263 (ESP_ERR_TIMEOUT)[0m
ESP_ERROR_CHECK failed: esp_err_t 0x107 (ESP_ERR_TIMEOUT) at 0x400d7501
file: "./main/magnetometer.c" line 18
func: Sensor_Config
expression: qmc5883l_set_mode(&dev, QMC5883L_MODE_CONTINUOUS)

abort() was called at PC 0x4008acd7 on core 0


Backtrace: 0x40081b9a:0x3ffba5c0 0x4008ace1:0x3ffba5e0 0x400929a9:0x3ffba600 0x4008acd7:0x3ffba670 0x400d7501:0x3ffba6a0 0x400d729a:0x3ffba6c0 0x4013f55f:0x3ffba6f0 0x4008b7fd:0x3ffba720




ELF file SHA256: 4d504701e68128d5

Rebooting...
ets Jun  8 2016 00:22:57

rst:0xc (SW_CPU_RESET),boot:0x13 (SPI_FAST_FLASH_BOOT)
configsip: 0, SPIWP:0xee
clk_drv:0x00,q_drv:0x00,d_drv:0x00,cs0_drv:0x00,hd_drv:0x00,wp_drv:0x00
mode:DIO, clock div:2
load:0x3fff0030,len:7176
load:0x40078000,len:15564
ho 0 tail 12 room 4
load:0x40080400,len:4
load:0x40080404,len:3904
entry 0x40080640
[0;32mI (31) boot: ESP-IDF v5.3.1-dirty 2nd stage bootloader[0m
[0;32mI (31) boot: compile time Nov  2 2024 18:17:21[0m
[0;32mI (31) boot: Multicore bootloader[0m
[0;32mI (36) boot: chip revision: v1.0[0m
[0;32mI (40) boot.esp32: SPI Speed      : 40MHz[0m
[0;32mI (44) boot.esp32: SPI Mode       : DIO[0m
[0;32mI (49) boot.esp32: SPI Flash Size : 2MB[0m
[0;32mI (53) boot: Enabling RNG early entropy source...[0m
[0;32mI (59) boot: Partition Table:[0m
[0;32mI (62) boot: ## Label            Usage          Type ST Offset   Length[0m
[0;32mI (70) boot:  0 nvs              WiFi data        01 02 00009000 00006000[0m
[0;32mI (77) boot:  1 phy_init         RF data          01 01 0000f000 00001000[0m
[0;32mI (84) boot:  2 factory          factory app      00 00 00010000 00100000[0m
[0;32mI (92) boot: End of partition table[0m
[0;32mI (96) esp_image: segment 0: paddr=00010020 vaddr=3f400020 size=1d424h (119844) map[0m
[0;32mI (146) esp_image: segment 1: paddr=0002d44c vaddr=3ffb0000 size=02bcch ( 11212) load[0m
[0;32mI (150) esp_image: segment 2: paddr=00030020 vaddr=400d0020 size=715a4h (464292) map[0m
[0;32mI (311) esp_image: segment 3: paddr=000a15cc vaddr=3ffb2bcc size=0170ch (  5900) load[0m
[0;32mI (313) esp_image: segment 4: paddr=000a2ce0 vaddr=40080000 size=18bb0h (101296) load[0m
[0;32mI (368) boot: Loaded app from partition at offset 0x10000[0m
[0;32mI (368) boot: Disabling RNG early entropy source...[0m
[0;32mI (380) cpu_start: Multicore app[0m
[0;32mI (389) cpu_start: Pro cpu start user code[0m
[0;32mI (389) cpu_start: cpu freq: 160000000 Hz[0m
[0;32mI (389) app_init: Application information:[0m
[0;32mI (392) app_init: Project name:     wifi_rtos[0m
[0;32mI (397) app_init: App version:      60e9f13-dirty[0m
[0;32mI (402) app_init: Compile time:     Nov  6 2024 22:06:38[0m
[0;32mI (408) app_init: ELF file SHA256:  4d504701e68128d5...[0m
[0;32mI (414) app_init: ESP-IDF:          v5.3.1-dirty[0m
[0;32mI (419) efuse_init: Min chip rev:     v0.0[0m
[0;32mI (424) efuse_init: Max chip rev:     v3.99 [0m
[0;32mI (429) efuse_init: Chip rev:         v1.0[0m
[0;32mI (434) heap_init: Initializing. RAM available for dynamic allocation:[0m
[0;32mI (441) heap_init: At 3FFAE6E0 len 00001920 (6 KiB): DRAM[0m
[0;32mI (447) heap_init: At 3FFB83F8 len 00027C08 (159 KiB): DRAM[0m
[0;32mI (453) heap_init: At 3FFE0440 len 00003AE0 (14 KiB): D/IRAM[0m
[0;32mI (460) heap_init: At 3FFE4350 len 0001BCB0 (111 KiB): D/IRAM[0m
[0;32mI (466) heap_init: At 40098BB0 len 00007450 (29 KiB): IRAM[0m
[0;32mI (474) spi_flash: detected chip: gd[0m
[0;32mI (477) spi_flash: flash io: dio[0m
[0;33mW (481) spi_flash: Detected size(4096k) larger than the size in the binary image header(2048k). Using the size in the binary image header.[0m
[0;33mW (494) i2c: This driver is an old driver, please migrate your application code to adapt `driver/i2c_master.h`[0m
[0;32mI (505) main_task: Started on CPU0[0m
[0;32mI (515) main_task: Calling app_main()[0m
I (675) wifi:wifi driver task: 3ffbe294, prio:23, stack:6656, core=0
I (675) wifi:wifi firmware version: ccaebfa
I (675) wifi:wifi certification version: v7.0
I (675) wifi:config NVS flash: enabled
I (675) wifi:config nano formating: disabled
I (685) wifi:Init data frame dynamic rx buffer num: 32
I (685) wifi:Init static rx mgmt buffer num: 5
I (695) wifi:Init management short buffer num: 32
I (695) wifi:Init dynamic tx buffer num: 32
I (695) wifi:Init static rx buffer size: 1600
I (705) wifi:Init static rx buffer num: 10
I (705) wifi:Init dynamic rx buffer num: 32
[0;32mI (715) wifi_init: rx ba win: 6[0m
[0;32mI (715) wifi_init: accept mbox: 6[0m
[0;32mI (715) wifi_init: tcpip mbox: 32[0m
[0;32mI (725) wifi_init: udp mbox: 6[0m
[0;32mI (725) wifi_init: tcp mbox: 6[0m
[0;32mI (725) wifi_init: tcp tx win: 5744[0m
[0;32mI (735) wifi_init: tcp rx win: 5744[0m
[0;32mI (735) wifi_init: tcp mss: 1440[0m
[0;32mI (745) wifi_init: WiFi IRAM OP enabled[0m
[0;32mI (745) wifi_init: WiFi RX IRAM OP enabled[0m
[0;32mI (755) phy_init: phy_version 4830,54550f7,Jun 20 2024,14:22:08[0m
[0;33mW (755) phy_init: failed to load RF calibration data (0x1102), falling back to full calibration[0m
[0;33mW (835) phy_init: saving new calibration data because of checksum failure, mode(2)[0m
E (845) wifi:failed to post WiFi event=43 ret=259
I (845) wifi:mode : sta (30:ae:a4:1b:70:d4)
I (845) wifi:enable tsf
E (845) wifi:failed to post WiFi event=2 ret=259
[0;31mE (865) i2cdev: Could not read from device [0x0d at 0]: 263 (ESP_ERR_TIMEOUT)[0m
ESP_ERROR_CHECK failed: esp_err_t 0x107 (ESP_ERR_TIMEOUT) at 0x400d7501
file: "./main/magnetometer.c" line 18
func: Sensor_Config
expression: qmc5883l_set_mode(&dev, QMC5883L_MODE_CONTINUOUS)

abort() was called at PC 0x4008acd7 on core 0


Backtrace: 0x40081b9a:0x3ffba5c0 0x4008ace1:0x3ffba5e0 0x400929a9:0x3ffba600 0x4008acd7:0x3ffba670 0x400d7501:0x3ffba6a0 0x400d729a:0x3ffba6c0 0x4013f55f:0x3ffba6f0 0x4008b7fd:0x3ffba720




ELF file SHA256: 4d504701e68128d5

Rebooting...
ets Jun  8 2016 00:22:57

rst:0xc (SW_CPU_RESET),boot:0x13 (SPI_FAST_FLASH_BOOT)
configsip: 0, SPIWP:0xee
clk_drv:0x00,q_drv:0x00,d_drv:0x00,cs0_drv:0x00,hd_drv:0x00,wp_drv:0x00
mode:DIO, clock div:2
load:0x3fff0030,len:7176
load:0x40078000,len:15564
ho 0 tail 12 room 4
load:0x40080400,len:4
load:0x40080404,len:3904
entry 0x40080640
[0;32mI (31) boot: ESP-IDF v5.3.1-dirty 2nd stage bootloader[0m
[0;32mI (31) boot: compile time Nov  2 2024 18:17:21[0m
[0;32mI (31) boot: Multicore bootloader[0m
[0;32mI (36) boot: chip revision: v1.0[0m
[0;32mI (40) boot.esp32: SPI Speed      : 40MHz[0m
[0;32mI (44) boot.esp32: SPI Mode       : DIO[0m
[0;32mI (49) boot.esp32: SPI Flash Size : 2MB[0m
[0;32mI (53) boot: Enabling RNG early entropy source...[0m
[0;32mI (59) boot: Partition Table:[0m
[0;32mI (62) boot: ## Label            Usage          Type ST Offset   Length[0m
[0;32mI (70) boot:  0 nvs              WiFi data        01 02 00009000 00006000[0m
[0;32mI (77) boot:  1 phy_init         RF data          01 01 0000f000 00001000[0m
[0;32mI (84) boot:  2 factory          factory app      00 00 00010000 00100000[0m
[0;32mI (92) boot: End of partition table[0m
[0;32mI (96) esp_image: segment 0: paddr=00010020 vaddr=3f400020 size=1d424h (119844) map[0m
[0;32mI (146) esp_image: segment 1: paddr=0002d44c vaddr=3ffb0000 size=02bcch ( 11212) load[0m
[0;32mI (150) esp_image: segment 2: paddr=00030020 vaddr=400d0020 size=715a4h (464292) map[0m
[0;32mI (311) esp_image: segment 3: paddr=000a15cc vaddr=3ffb2bcc size=0170ch (  5900) load[0m
[0;32mI (313) esp_image: segment 4: paddr=000a2ce0 vaddr=40080000 size=18bb0h (101296) load[0m
[0;32mI (368) boot: Loaded app from partition at offset 0x10000[0m
[0;32mI (368) boot: Disabling RNG early entropy source...[0m
[0;32mI (380) cpu_start: Multicore app[0m
[0;32mI (389) cpu_start: Pro cpu start user code[0m
[0;32mI (389) cpu_start: cpu freq: 160000000 Hz[0m
[0;32mI (389) app_init: Application information:[0m
[0;32mI (392) app_init: Project name:     wifi_rtos[0m
[0;32mI (397) app_init: App version:      60e9f13-dirty[0m
[0;32mI (402) app_init: Compile time:     Nov  6 2024 22:06:38[0m
[0;32mI (408) app_init: ELF file SHA256:  4d504701e68128d5...[0m
[0;32mI (414) app_init: ESP-IDF:          v5.3.1-dirty[0m
[0;32mI (419) efuse_init: Min chip rev:     v0.0[0m
[0;32mI (424) efuse_init: Max chip rev:     v3.99 [0m
[0;32mI (429) efuse_init: Chip rev:         v1.0[0m
[0;32mI (434) heap_init: Initializing. RAM available for dynamic allocation:[0m
[0;32mI (441) heap_init: At 3FFAE6E0 len 00001920 (6 KiB): DRAM[0m
[0;32mI (447) heap_init: At 3FFB83F8 len 00027C08 (159 KiB): DRAM[0m
[0;32mI (453) heap_init: At 3FFE0440 len 00003AE0 (14 KiB): D/IRAM[0m
[0;32mI (460) heap_init: At 3FFE4350 len 0001BCB0 (111 KiB): D/IRAM[0m
[0;32mI (466) heap_init: At 40098BB0 len 00007450 (29 KiB): IRAM[0m
[0;32mI (474) spi_flash: detected chip: gd[0m
[0;32mI (477) spi_flash: flash io: dio[0m
[0;33mW (481) spi_flash: Detected size(4096k) larger than the size in the binary image header(2048k). Using the size in the binary image header.[0m
[0;33mW (494) i2c: This driver is an old driver, please migrate your application code to adapt `driver/i2c_master.h`[0m
[0;32mI (505) main_task: Started on CPU0[0m
[0;32mI (515) main_task: Calling app_main()[0m
I (675) wifi:wifi driver task: 3ffbe294, prio:23, stack:6656, core=0
I (675) wifi:wifi firmware version: ccaebfa
I (675) wifi:wifi certification version: v7.0
I (675) wifi:config NVS flash: enabled
I (675) wifi:config nano formating: disabled
I (685) wifi:Init data frame dynamic rx buffer num: 32
I (685) wifi:Init static rx mgmt buffer num: 5
I (695) wifi:Init management short buffer num: 32
I (695) wifi:Init dynamic tx buffer num: 32
I (695) wifi:Init static rx buffer size: 1600
I (705) wifi:Init static rx buffer num: 10
I (705) wifi:Init dynamic rx buffer num: 32
[0;32mI (715) wifi_init: rx ba win: 6[0m
[0;32mI (715) wifi_init: accept mbox: 6[0m
[0;32mI (715) wifi_init: tcpip mbox: 32[0m
[0;32mI (725) wifi_init: udp mbox: 6[0m
[0;32mI (725) wifi_init: tcp mbox: 6[0m
[0;32mI (725) wifi_init: tcp tx win: 5744[0m
[0;32mI (735) wifi_init: tcp rx win: 5744[0m
[0;32mI (735) wifi_init: tcp mss: 1440[0m
[0;32mI (745) wifi_init: WiFi IRAM OP enabled[0m
[0;32mI (745) wifi_init: WiFi RX IRAM OP enabled[0m
[0;32mI (755) phy_init: phy_version 4830,54550f7,Jun 20 2024,14:22:08[0m
[0;33mW (755) phy_init: failed to load RF calibration data (0x1102), falling back to full calibration[0m
[0;33mW (835) phy_init: saving new calibration data because of checksum failure, mode(2)[0m
E (845) wifi:failed to post WiFi event=43 ret=259
I (845) wifi:mode : sta (30:ae:a4:1b:70:d4)
I (845) wifi:enable tsf
E (845) wifi:failed to post WiFi event=2 ret=259
[0;31mE (865) i2cdev: Could not read from device [0x0d at 0]: 263 (ESP_ERR_TIMEOUT)[0m
ESP_ERROR_CHECK failed: esp_err_t 0x107 (ESP_ERR_TIMEOUT) at 0x400d7501
file: "./main/magnetometer.c" line 18
func: Sensor_Config
expression: qmc5883l_set_mode(&dev, QMC5883L_MODE_CONTINUOUS)

abort() was called at PC 0x4008acd7 on core 0


Backtrace: 0x40081b9a:0x3ffba5c0 0x4008ace1:0x3ffba5e0 0x400929a9:0x3ffba600 0x4008acd7:0x3ffba670 0x400d7501:0x3ffba6a0 0x400d729a:0x3ffba6c0 0x4013f55f:0x3ffba6f0 0x4008b7fd:0x3ffba720




ELF file SHA256: 4d504701e68128d5

Rebooting...
ets Jun  8 2016 00:22:57

rst:0xc (SW_CPU_RESET),boot:0x13 (SPI_FAST_FLASH_BOOT)
configsip: 0, SPIWP:0xee
clk_drv:0x00,q_drv:0x00,d_drv:0x00,cs0_drv:0x00,hd_drv:0x00,wp_drv:0x00
mode:DIO, clock div:2
load:0x3fff0030,len:7176
load:0x40078000,len:15564
ho 0 tail 12 room 4
load:0x40080400,len:4
load:0x40080404,len:3904
entry 0x40080640
[0;32mI (31) boot: ESP-IDF v5.3.1-dirty 2nd stage bootloader[0m
[0;32mI (31) boot: compile time Nov  2 2024 18:17:21[0m
[0;32mI (31) boot: Multicore bootloader[0m
[0;32mI (36) boot: chip revision: v1.0[0m
[0;32mI (40) boot.esp32: SPI Speed      : 40MHz[0m
[0;32mI (44) boot.esp32: SPI Mode       : DIO[0m
[0;32mI (49) boot.esp32: SPI Flash Size : 2MB[0m
[0;32mI (53) boot: Enabling RNG early entropy source...[0m
[0;32mI (59) boot: Partition Table:[0m
[0;32mI (62) boot: ## Label            Usage          Type ST Offset   Length[0m
[0;32mI (70) boot:  0 nvs              WiFi data        01 02 00009000 00006000[0m
[0;32mI (77) boot:  1 phy_init         RF data          01 01 0000f000 00001000[0m
[0;32mI (84) boot:  2 factory          factory app      00 00 00010000 00100000[0m
[0;32mI (92) boot: End of partition table[0m
[0;32mI (96) esp_image: segment 0: paddr=00010020 vaddr=3f400020 size=1d424h (119844) map[0m
[0;32mI (146) esp_image: segment 1: paddr=0002d44c vaddr=3ffb0000 size=02bcch ( 11212) load[0m
[0;32mI (150) esp_image: segment 2: paddr=00030020 vaddr=400d0020 size=715a4h (464292) map[0m
[0;32mI (311) esp_image: segment 3: paddr=000a15cc vaddr=3ffb2bcc size=0170ch (  5900) load[0m
[0;32mI (313) esp_image: segment 4: paddr=000a2ce0 vaddr=40080000 size=18bb0h (101296) load[0m
[0;32mI (368) boot: Loaded app from partition at offset 0x10000[0m
[0;32mI (368) boot: Disabling RNG early entropy source...[0m
[0;32mI (380) cpu_start: Multicore app[0m
[0;32mI (389) cpu_start: Pro cpu start user code[0m
[0;32mI (389) cpu_start: cpu freq: 160000000 Hz[0m
[0;32mI (389) app_init: Application information:[0m
[0;32mI (392) app_init: Project name:     wifi_rtos[0m
[0;32mI (397) app_init: App version:      60e9f13-dirty[0m
[0;32mI (402) app_init: Compile time:     Nov  6 2024 22:06:38[0m
[0;32mI (408) app_init: ELF file SHA256:  4d504701e68128d5...[0m
[0;32mI (414) app_init: ESP-IDF:          v5.3.1-dirty[0m
[0;32mI (419) efuse_init: Min chip rev:     v0.0[0m
[0;32mI (424) efuse_init: Max chip rev:     v3.99 [0m
[0;32mI (429) efuse_init: Chip rev:         v1.0[0m
[0;32mI (434) heap_init: Initializing. RAM available for dynamic allocation:[0m
[0;32mI (441) heap_init: At 3FFAE6E0 len 00001920 (6 KiB): DRAM[0m
[0;32mI (447) heap_init: At 3FFB83F8 len 00027C08 (159 KiB): DRAM[0m
[0;32mI (453) heap_init: At 3FFE0440 len 00003AE0 (14 KiB): D/IRAM[0m
[0;32mI (460) heap_init: At 3FFE4350 len 0001BCB0 (111 KiB): D/IRAM[0m
[0;32mI (466) heap_init: At 40098BB0 len 00007450 (29 KiB): IRAM[0m
[0;32mI (474) spi_flash: detected chip: gd[0m
[0;32mI (477) spi_flash: flash io: dio[0m
[0;33mW (481) spi_flash: Detected size(4096k) larger than the size in the binary image header(2048k). Using the size in the binary image header.[0m
[0;33mW (494) i2c: This driver is an old driver, please migrate your application code to adapt `driver/i2c_master.h`[0m
[0;32mI (505) main_task: Started on CPU0[0m
[0;32mI (515) main_task: Calling app_main()[0m
I (675) wifi:wifi driver task: 3ffbe294, prio:23, stack:6656, core=0
I (675) wifi:wifi firmware version: ccaebfa
I (675) wifi:wifi certification version: v7.0
I (675) wifi:config NVS flash: enabled
I (675) wifi:config nano formating: disabled
I (685) wifi:Init data frame dynamic rx buffer num: 32
I (685) wifi:Init static rx mgmt buffer num: 5
I (695) wifi:Init management short buffer num: 32
I (695) wifi:Init dynamic tx buffer num: 32
I (695) wifi:Init static rx buffer size: 1600
I (705) wifi:Init static rx buffer num: 10
I (705) wifi:Init dynamic rx buffer num: 32
[0;32mI (715) wifi_init: rx ba win: 6[0m
[0;32mI (715) wifi_init: accept mbox: 6[0m
[0;32mI (715) wifi_init: tcpip mbox: 32[0m
[0;32mI (725) wifi_init: udp mbox: 6[0m
[0;32mI (725) wifi_init: tcp mbox: 6[0m
[0;32mI (725) wifi_init: tcp tx win: 5744[0m
[0;32mI (735) wifi_init: tcp rx win: 5744[0m
[0;32mI (735) wifi_init: tcp mss: 1440[0m
[0;32mI (745) wifi_init: WiFi IRAM OP enabled[0m
[0;32mI (745) wifi_init: WiFi RX IRAM OP enabled[0m
[0;32mI (755) phy_init: phy_version 4830,54550f7,Jun 20 2024,14:22:08[0m
[0;33mW (755) phy_init: failed to load RF calibration data (0x1102), falling back to full calibration[0m
[0;33mW (835) phy_init: saving new calibration data because of checksum failure, mode(2)[0m
E (845) wifi:failed to post WiFi event=43 ret=259
I (845) wifi:mode : sta (30:ae:a4:1b:70:d4)
I (845) wifi:enable tsf
E (855) wifi:failed to post WiFi event=2 ret=259
[0;31mE (865) i2cdev: Could not read from device [0x0d at 0]: 263 (ESP_ERR_TIMEOUT)[0m
ESP_ERROR_CHECK failed: esp_err_t 0x107 (ESP_ERR_TIMEOUT) at 0x400d7501
file: "./main/magnetometer.c" line 18
func: Sensor_Config
expression: qmc5883l_set_mode(&dev, QMC5883L_MODE_CONTINUOUS)

abort() was called at PC 0x4008acd7 on core 0


Backtrace: 0x40081b9a:0x3ffba5c0 0x4008ace1:0x3ffba5e0 0x400929a9:0x3ffba600 0x4008acd7:0x3ffba670 0x400d7501:0x3ffba6a0 0x400d729a:0x3ffba6c0 0x4013f55f:0x3ffba6f0 0x4008b7fd:0x3ffba720




ELF file SHA256: 4d504701e68128d5

Rebooting...
ets Jun  8 2016 00:22:57

rst:0xc (SW_CPU_RESET),boot:0x13 (SPI_FAST_FLASH_BOOT)
configsip: 0, SPIWP:0xee
clk_drv:0x00,q_drv:0x00,d_drv:0x00,cs0_drv:0x00,hd_drv:0x00,wp_drv:0x00
mode:DIO, clock div:2
load:0x3fff0030,len:7176
load:0x40078000,len:15564
ho 0 tail 12 room 4
load:0x40080400,len:4
load:0x40080404,len:3904
entry 0x40080640
[0;32mI (31) boot: ESP-IDF v5.3.1-dirty 2nd stage bootloader[0m
[0;32mI (31) boot: compile time Nov  2 2024 18:17:21[0m
[0;32mI (31) boot: Multicore bootloader[0m
[0;32mI (36) boot: chip revision: v1.0[0m
[0;32mI (40) boot.esp32: SPI Speed      : 40MHz[0m
[0;32mI (44) boot.esp32: SPI Mode       : DIO[0m
[0;32mI (49) boot.esp32: SPI Flash Size : 2MB[0m
[0;32mI (53) boot: Enabling RNG early entropy source...[0m
[0;32mI (59) boot: Partition Table:[0m
[0;32mI (62) boot: ## Label            Usage          Type ST Offset   Length[0m
[0;32mI (70) boot:  0 nvs              WiFi data        01 02 00009000 00006000[0m
[0;32mI (77) boot:  1 phy_init         RF data          01 01 0000f000 00001000[0m
[0;32mI (84) boot:  2 factory          factory app      00 00 00010000 00100000[0m
[0;32mI (92) boot: End of partition table[0m
[0;32mI (96) esp_image: segment 0: paddr=00010020 vaddr=3f400020 size=1d424h (119844) map[0m
[0;32mI (146) esp_image: segment 1: paddr=0002d44c vaddr=3ffb0000 size=02bcch ( 11212) load[0m
[0;32mI (150) esp_image: segment 2: paddr=00030020 vaddr=400d0020 size=715a4h (464292) map[0m
[0;32mI (311) esp_image: segment 3: paddr=000a15cc vaddr=3ffb2bcc size=0170ch (  5900) load[0m
[0;32mI (313) esp_image: segment 4: paddr=000a2ce0 vaddr=40080000 size=18bb0h (101296) load[0m
[0;32mI (368) boot: Loaded app from partition at offset 0x10000[0m
[0;32mI (368) boot: Disabling RNG early entropy source...[0m
[0;32mI (380) cpu_start: Multicore app[0m
[0;32mI (389) cpu_start: Pro cpu start user code[0m
[0;32mI (389) cpu_start: cpu freq: 160000000 Hz[0m
[0;32mI (389) app_init: Application information:[0m
[0;32mI (392) app_init: Project name:     wifi_rtos[0m
[0;32mI (397) app_init: App version:      60e9f13-dirty[0m
[0;32mI (402) app_init: Compile time:     Nov  6 2024 22:06:38[0m
[0;32mI (408) app_init: ELF file SHA256:  4d504701e68128d5...[0m
[0;32mI (414) app_init: ESP-IDF:          v5.3.1-dirty[0m
[0;32mI (419) efuse_init: Min chip rev:     v0.0[0m
[0;32mI (424) efuse_init: Max chip rev:     v3.99 [0m
[0;32mI (429) efuse_init: Chip rev:         v1.0[0m
[0;32mI (434) heap_init: Initializing. RAM available for dynamic allocation:[0m
[0;32mI (441) heap_init: At 3FFAE6E0 len 00001920 (6 KiB): DRAM[0m
[0;32mI (447) heap_init: At 3FFB83F8 len 00027C08 (159 KiB): DRAM[0m
[0;32mI (453) heap_init: At 3FFE0440 len 00003AE0 (14 KiB): D/IRAM[0m
[0;32mI (460) heap_init: At 3FFE4350 len 0001BCB0 (111 KiB): D/IRAM[0m
[0;32mI (466) heap_init: At 40098BB0 len 00007450 (29 KiB): IRAM[0m
[0;32mI (474) spi_flash: detected chip: gd[0m
[0;32mI (477) spi_flash: flash io: dio[0m
[0;33mW (481) spi_flash: Detected size(4096k) larger than the size in the binary image header(2048k). Using the size in the binary image header.[0m
[0;33mW (494) i2c: This driver is an old driver, please migrate your application code to adapt `driver/i2c_master.h`[0m
[0;32mI (505) main_task: Started on CPU0[0m
[0;32mI (515) main_task: Calling app_main()[0m
I (675) wifi:wifi driver task: 3ffbe294, prio:23, stack:6656, core=0
I (675) wifi:wifi firmware version: ccaebfa
I (675) wifi:wifi certification version: v7.0
I (675) wifi:config NVS flash: enabled
I (675) wifi:config nano formating: disabled
I (685) wifi:Init data frame dynamic rx buffer num: 32
I (685) wifi:Init static rx mgmt buffer num: 5
I (695) wifi:Init management short buffer num: 32
I (695) wifi:Init dynamic tx buffer num: 32
I (695) wifi:Init static rx buffer size: 1600
I (705) wifi:Init static rx buffer num: 10
I (705) wifi:Init dynamic rx buffer num: 32
[0;32mI (715) wifi_init: rx ba win: 6[0m
[0;32mI (715) wifi_init: accept mbox: 6[0m
[0;32mI (715) wifi_init: tcpip mbox: 32[0m
[0;32mI (725) wifi_init: udp mbox: 6[0m
[0;32mI (725) wifi_init: tcp mbox: 6[0m
[0;32mI (725) wifi_init: tcp tx win: 5744[0m
[0;32mI (735) wifi_init: tcp rx win: 5744[0m
[0;32mI (735) wifi_init: tcp mss: 1440[0m
[0;32mI (745) wifi_init: WiFi IRAM OP enabled[0m
[0;32mI (745) wifi_init: WiFi RX IRAM OP enabled[0m
[0;32mI (755) phy_init: phy_version 4830,54550f7,Jun 20 2024,14:22:08[0m
[0;33mW (755) phy_init: failed to load RF calibration data (0x1102), falling back to full calibration[0m
[0;33mW (835) phy_init: saving new calibration data because of checksum failure, mode(2)[0m
E (845) wifi:failed to post WiFi event=43 ret=259
I (845) wifi:mode : sta (30:ae:a4:1b:70:d4)
I (855) wifi:enable tsf
E (855) wifi:failed to post WiFi event=2 ret=259
[0;31mE (865) i2cdev: Could not read from device [0x0d at 0]: 263 (ESP_ERR_TIMEOUT)[0m
ESP_ERROR_CHECK failed: esp_err_t 0x107 (ESP_ERR_TIMEOUT) at 0x400d7501
file: "./main/magnetometer.c" line 18
func: Sensor_Config
expression: qmc5883l_set_mode(&dev, QMC5883L_MODE_CONTINUOUS)

abort() was called at PC 0x4008acd7 on core 0


Backtrace: 0x40081b9a:0x3ffba5c0 0x4008ace1:0x3ffba5e0 0x400929a9:0x3ffba600 0x4008acd7:0x3ffba670 0x400d7501:0x3ffba6a0 0x400d729a:0x3ffba6c0 0x4013f55f:0x3ffba6f0 0x4008b7fd:0x3ffba720




ELF file SHA256: 4d504701e68128d5

Rebooting...
ets Jun  8 2016 00:22:57

rst:0xc (SW_CPU_RESET),boot:0x13 (SPI_FAST_FLASH_BOOT)
configsip: 0, SPIWP:0xee
clk_drv:0x00,q_drv:0x00,d_drv:0x00,cs0_drv:0x00,hd_drv:0x00,wp_drv:0x00
mode:DIO, clock div:2
load:0x3fff0030,len:7176
load:0x40078000,len:15564
ho 0 tail 12 room 4
load:0x40080400,len:4
load:0x40080404,len:3904
entry 0x40080640
[0;32mI (31) boot: ESP-IDF v5.3.1-dirty 2nd stage bootloader[0m
[0;32mI (31) boot: compile time Nov  2 2024 18:17:21[0m
[0;32mI (31) boot: Multicore bootloader[0m
[0;32mI (36) boot: chip revision: v1.0[0m
[0;32mI (40) boot.esp32: SPI Speed      : 40MHz[0m
[0;32mI (44) boot.esp32: SPI Mode       : DIO[0m
[0;32mI (49) boot.esp32: SPI Flash Size : 2MB[0m
[0;32mI (53) boot: Enabling RNG early entropy source...[0m
[0;32mI (59) boot: Partition Table:[0m
[0;32mI (62) boot: ## Label            Usage          Type ST Offset   Length[0m
[0;32mI (70) boot:  0 nvs              WiFi data        01 02 00009000 00006000[0m
[0;32mI (77) boot:  1 phy_init         RF data          01 01 0000f000 00001000[0m
[0;32mI (84) boot:  2 factory          factory app      00 00 00010000 00100000[0m
[0;32mI (92) boot: End of partition table[0m
[0;32mI (96) esp_image: segment 0: paddr=00010020 vaddr=3f400020 size=1d424h (119844) map[0m
[0;32mI (146) esp_image: segment 1: paddr=0002d44c vaddr=3ffb0000 size=02bcch ( 11212) load[0m
[0;32mI (150) esp_image: segment 2: paddr=00030020 vaddr=400d0020 size=715a4h (464292) map[0m
[0;32mI (311) esp_image: segment 3: paddr=000a15cc vaddr=3ffb2bcc size=0170ch (  5900) load[0m
[0;32mI (313) esp_image: segment 4: paddr=000a2ce0 vaddr=40080000 size=18bb0h (101296) load[0m
[0;32mI (368) boot: Loaded app from partition at offset 0x10000[0m
[0;32mI (368) boot: Disabling RNG early entropy source...[0m
[0;32mI (380) cpu_start: Multicore app[0m
[0;32mI (389) cpu_start: Pro cpu start user code[0m
[0;32mI (389) cpu_start: cpu freq: 160000000 Hz[0m
[0;32mI (389) app_init: Application information:[0m
[0;32mI (392) app_init: Project name:     wifi_rtos[0m
[0;32mI (397) app_init: App version:      60e9f13-dirty[0m
[0;32mI (402) app_init: Compile time:     Nov  6 2024 22:06:38[0m
[0;32mI (408) app_init: ELF file SHA256:  4d504701e68128d5...[0m
[0;32mI (414) app_init: ESP-IDF:          v5.3.1-dirty[0m
[0;32mI (419) efuse_init: Min chip rev:     v0.0[0m
[0;32mI (424) efuse_init: Max chip rev:     v3.99 [0m
[0;32mI (429) efuse_init: Chip rev:         v1.0[0m
[0;32mI (434) heap_init: Initializing. RAM available for dynamic allocation:[0m
[0;32mI (441) heap_init: At 3FFAE6E0 len 00001920 (6 KiB): DRAM[0m
[0;32mI (447) heap_init: At 3FFB83F8 len 00027C08 (159 KiB): DRAM[0m
[0;32mI (453) heap_init: At 3FFE0440 len 00003AE0 (14 KiB): D/IRAM[0m
[0;32mI (460) heap_init: At 3FFE4350 len 0001BCB0 (111 KiB): D/IRAM[0m
[0;32mI (466) heap_init: At 40098BB0 len 00007450 (29 KiB): IRAM[0m
[0;32mI (474) spi_flash: detected chip: gd[0m
[0;32mI (477) spi_flash: flash io: dio[0m
[0;33mW (481) spi_flash: Detected size(4096k) larger than the size in the binary image header(2048k). Using the size in the binary image header.[0m
[0;33mW (494) i2c: This driver is an old driver, please migrate your application code to adapt `driver/i2c_master.h`[0m
[0;32mI (505) main_task: Started on CPU0[0m
[0;32mI (515) main_task: Calling app_main()[0m
I (685) wifi:wifi driver task: 3ffbe294, prio:23, stack:6656, core=0
I (685) wifi:wifi firmware version: ccaebfa
I (685) wifi:wifi certification version: v7.0
I (685) wifi:config NVS flash: enabled
I (685) wifi:config nano formating: disabled
I (695) wifi:Init data frame dynamic rx buffer num: 32
I (695) wifi:Init static rx mgmt buffer num: 5
I (705) wifi:Init management short buffer num: 32
I (705) wifi:Init dynamic tx buffer num: 32
I (705) wifi:Init static rx buffer size: 1600
I (715) wifi:Init static rx buffer num: 10
I (715) wifi:Init dynamic rx buffer num: 32
[0;32mI (725) wifi_init: rx ba win: 6[0m
[0;32mI (725) wifi_init: accept mbox: 6[0m
[0;32mI (725) wifi_init: tcpip mbox: 32[0m
[0;32mI (735) wifi_init: udp mbox: 6[0m
[0;32mI (735) wifi_init: tcp mbox: 6[0m
[0;32mI (735) wifi_init: tcp tx win: 5744[0m
[0;32mI (745) wifi_init: tcp rx win: 5744[0m
[0;32mI (745) wifi_init: tcp mss: 1440[0m
[0;32mI (755) wifi_init: WiFi IRAM OP enabled[0m
[0;32mI (755) wifi_init: WiFi RX IRAM OP enabled[0m
[0;32mI (765) phy_init: phy_version 4830,54550f7,Jun 20 2024,14:22:08[0m
[0;33mW (765) phy_init: failed to load RF calibration data (0x1102), falling back to full calibration[0m
[0;33mW (845) phy_init: saving new calibration data because of checksum failure, mode(2)[0m
E (855) wifi:failed to post WiFi event=43 ret=259
I (865) wifi:mode : sta (30:ae:a4:1b:70:d4)
I (865) wifi:enable tsf
E (865) wifi:failed to post WiFi event=2 ret=259
[0;31mE (875) i2cdev: Could not read from device [0x0d at 0]: 263 (ESP_ERR_TIMEOUT)[0m
ESP_ERROR_CHECK failed: esp_err_t 0x107 (ESP_ERR_TIMEOUT) at 0x400d7501
file: "./main/magnetometer.c" line 18
func: Sensor_Config
expression: qmc5883l_set_mode(&dev, QMC5883L_MODE_CONTINUOUS)

abort() was called at PC 0x4008acd7 on core 0


Backtrace: 0x40081b9a:0x3ffba5c0 0x4008ace1:0x3ffba5e0 0x400929a9:0x3ffba600 0x4008acd7:0x3ffba670 0x400d7501:0x3ffba6a0 0x400d729a:0x3ffba6c0 0x4013f55f:0x3ffba6f0 0x4008b7fd:0x3ffba720




ELF file SHA256: 4d504701e68128d5

Rebooting...
ets Jun  8 2016 00:22:57

rst:0xc (SW_CPU_RESET),boot:0x13 (SPI_FAST_FLASH_BOOT)
configsip: 0, SPIWP:0xee
clk_drv:0x00,q_drv:0x00,d_drv:0x00,cs0_drv:0x00,hd_drv:0x00,wp_drv:0x00
mode:DIO, clock div:2
load:0x3fff0030,len:7176
load:0x40078000,len:15564
ho 0 tail 12 room 4
load:0x40080400,len:4
load:0x40080404,len:3904
entry 0x40080640
[0;32mI (31) boot: ESP-IDF v5.3.1-dirty 2nd stage bootloader[0m
[0;32mI (31) boot: compile time Nov  2 2024 18:17:21[0m
[0;32mI (31) boot: Multicore bootloader[0m
[0;32mI (36) boot: chip revision: v1.0[0m
[0;32mI (40) boot.esp32: SPI Speed      : 40MHz[0m
[0;32mI (44) boot.esp32: SPI Mode       : DIO[0m
[0;32mI (49) boot.esp32: SPI Flash Size : 2MB[0m
[0;32mI (53) boot: Enabling RNG early entropy source...[0m
[0;32mI (59) boot: Partition Table:[0m
[0;32mI (62) boot: ## Label            Usage          Type ST Offset   Length[0m
[0;32mI (70) boot:  0 nvs              WiFi data        01 02 00009000 00006000[0m
[0;32mI (77) boot:  1 phy_init         RF data          01 01 0000f000 00001000[0m
[0;32mI (84) boot:  2 factory          factory app      00 00 00010000 00100000[0m
[0;32mI (92) boot: End of partition table[0m
[0;32mI (96) esp_image: segment 0: paddr=00010020 vaddr=3f400020 size=1d424h (119844) map[0m
[0;32mI (146) esp_image: segment 1: paddr=0002d44c vaddr=3ffb0000 size=02bcch ( 11212) load[0m
[0;32mI (150) esp_image: segment 2: paddr=00030020 vaddr=400d0020 size=715a4h (464292) map[0m
[0;32mI (311) esp_image: segment 3: paddr=000a15cc vaddr=3ffb2bcc size=0170ch (  5900) load[0m
[0;32mI (313) esp_image: segment 4: paddr=000a2ce0 vaddr=40080000 size=18bb0h (101296) load[0m
[0;32mI (368) boot: Loaded app from partition at offset 0x10000[0m
[0;32mI (368) boot: Disabling RNG early entropy source...[0m
[0;32mI (380) cpu_start: Multicore app[0m
[0;32mI (389) cpu_start: Pro cpu start user code[0m
[0;32mI (389) cpu_start: cpu freq: 160000000 Hz[0m
[0;32mI (389) app_init: Application information:[0m
[0;32mI (392) app_init: Project name:     wifi_rtos[0m
[0;32mI (397) app_init: App version:      60e9f13-dirty[0m
[0;32mI (402) app_init: Compile time:     Nov  6 2024 22:06:38[0m
[0;32mI (408) app_init: ELF file SHA256:  4d504701e68128d5...[0m
[0;32mI (414) app_init: ESP-IDF:          v5.3.1-dirty[0m
[0;32mI (419) efuse_init: Min chip rev:     v0.0[0m
[0;32mI (424) efuse_init: Max chip rev:     v3.99 [0m
[0;32mI (429) efuse_init: Chip rev:         v1.0[0m
[0;32mI (434) heap_init: Initializing. RAM available for dynamic allocation:[0m
[0;32mI (441) heap_init: At 3FFAE6E0 len 00001920 (6 KiB): DRAM[0m
[0;32mI (447) heap_init: At 3FFB83F8 len 00027C08 (159 KiB): DRAM[0m
[0;32mI (453) heap_init: At 3FFE0440 len 00003AE0 (14 KiB): D/IRAM[0m
[0;32mI (460) heap_init: At 3FFE4350 len 0001BCB0 (111 KiB): D/IRAM[0m
[0;32mI (466) heap_init: At 40098BB0 len 00007450 (29 KiB): IRAM[0m
[0;32mI (474) spi_flash: detected chip: gd[0m
[0;32mI (477) spi_flash: flash io: dio[0m
[0;33mW (481) spi_flash: Detected size(4096k) larger than the size in the binary image header(2048k). Using the size in the binary image header.[0m
[0;33mW (494) i2c: This driver is an old driver, please migrate your application code to adapt `driver/i2c_master.h`[0m
[0;32mI (505) main_task: Started on CPU0[0m
[0;32mI (515) main_task: Calling app_main()[0m
I (675) wifi:wifi driver task: 3ffbe294, prio:23, stack:6656, core=0
I (675) wifi:wifi firmware version: ccaebfa
I (675) wifi:wifi certification version: v7.0
I (675) wifi:config NVS flash: enabled
I (675) wifi:config nano formating: disabled
I (685) wifi:Init data frame dynamic rx buffer num: 32
I (685) wifi:Init static rx mgmt buffer num: 5
I (695) wifi:Init management short buffer num: 32
I (695) wifi:Init dynamic tx buffer num: 32
I (695) wifi:Init static rx buffer size: 1600
I (705) wifi:Init static rx buffer num: 10
I (705) wifi:Init dynamic rx buffer num: 32
[0;32mI (715) wifi_init: rx ba win: 6[0m
[0;32mI (715) wifi_init: accept mbox: 6[0m
[0;32mI (715) wifi_init: tcpip mbox: 32[0m
[0;32mI (725) wifi_init: udp mbox: 6[0m
[0;32mI (725) wifi_init: tcp mbox: 6[0m
[0;32mI (725) wifi_init: tcp tx win: 5744[0m
[0;32mI (735) wifi_init: tcp rx win: 5744[0m
[0;32mI (735) wifi_init: tcp mss: 1440[0m
[0;32mI (745) wifi_init: WiFi IRAM OP enabled[0m
[0;32mI (745) wifi_init: WiFi RX IRAM OP enabled[0m
[0;32mI (755) phy_init: phy_version 4830,54550f7,Jun 20 2024,14:22:08[0m
[0;33mW (755) phy_init: failed to load RF calibration data (0x1102), falling back to full calibration[0m
[0;33mW (835) phy_init: saving new calibration data because of checksum failure, mode(2)[0m
E (845) wifi:failed to post WiFi event=43 ret=259
I (855) wifi:mode : sta (30:ae:a4:1b:70:d4)
I (855) wifi:enable tsf
E (855) wifi:failed to post WiFi event=2 ret=259
[0;31mE (865) i2cdev: Could not read from device [0x0d at 0]: 263 (ESP_ERR_TIMEOUT)[0m
ESP_ERROR_CHECK failed: esp_err_t 0x107 (ESP_ERR_TIMEOUT) at 0x400d7501
file: "./main/magnetometer.c" line 18
func: Sensor_Config
expression: qmc5883l_set_mode(&dev, QMC5883L_MODE_CONTINUOUS)

abort() was called at PC 0x4008acd7 on core 0


Backtrace: 0x40081b9a:0x3ffba5c0 0x4008ace1:0x3ffba5e0 0x400929a9:0x3ffba600 0x4008acd7:0x3ffba670 0x400d7501:0x3ffba6a0 0x400d729a:0x3ffba6c0 0x4013f55f:0x3ffba6f0 0x4008b7fd:0x3ffba720




ELF file SHA256: 4d504701e68128d5

Rebooting...
ets Jun  8 2016 00:22:57

rst:0xc (SW_CPU_RESET),boot:0x13 (SPI_FAST_FLASH_BOOT)
configsip: 0, SPIWP:0xee
clk_drv:0x00,q_drv:0x00,d_drv:0x00,cs0_drv:0x00,hd_drv:0x00,wp_drv:0x00
mode:DIO, clock div:2
load:0x3fff0030,len:7176
load:0x40078000,len:15564
ho 0 tail 12 room 4
load:0x40080400,len:4
load:0x40080404,len:3904
entry 0x40080640
[0;32mI (31) boot: ESP-IDF v5.3.1-dirty 2nd stage bootloader[0m
[0;32mI (31) boot: compile time Nov  2 2024 18:17:21[0m
[0;32mI (31) boot: Multicore bootloader[0m
[0;32mI (36) boot: chip revision: v1.0[0m
[0;32mI (40) boot.esp32: SPI Speed      : 40MHz[0m
[0;32mI (44) boot.esp32: SPI Mode       : DIO[0m
[0;32mI (49) boot.esp32: SPI Flash Size : 2MB[0m
[0;32mI (53) boot: Enabling RNG early entropy source...[0m
[0;32mI (59) boot: Partition Table:[0m
[0;32mI (62) boot: ## Label            Usage          Type ST Offset   Length[0m
[0;32mI (70) boot:  0 nvs              WiFi data        01 02 00009000 00006000[0m
[0;32mI (77) boot:  1 phy_init         RF data          01 01 0000f000 00001000[0m
[0;32mI (84) boot:  2 factory          factory app      00 00 00010000 00100000[0m
[0;32mI (92) boot: End of partition table[0m
[0;32mI (96) esp_image: segment 0: paddr=00010020 vaddr=3f400020 size=1d424h (119844) map[0m
[0;32mI (146) esp_image: segment 1: paddr=0002d44c vaddr=3ffb0000 size=02bcch ( 11212) load[0m
[0;32mI (150) esp_image: segment 2: paddr=00030020 vaddr=400d0020 size=715a4h (464292) map[0m
[0;32mI (311) esp_image: segment 3: paddr=000a15cc vaddr=3ffb2bcc size=0170ch (  5900) load[0m
[0;32mI (313) esp_image: segment 4: paddr=000a2ce0 vaddr=40080000 size=18bb0h (101296) load[0m
[0;32mI (368) boot: Loaded app from partition at offset 0x10000[0m
[0;32mI (368) boot: Disabling RNG early entropy source...[0m
[0;32mI (380) cpu_start: Multicore app[0m
[0;32mI (389) cpu_start: Pro cpu start user code[0m
[0;32mI (389) cpu_start: cpu freq: 160000000 Hz[0m
[0;32mI (389) app_init: Application information:[0m
[0;32mI (392) app_init: Project name:     wifi_rtos[0m
[0;32mI (397) app_init: App version:      60e9f13-dirty[0m
[0;32mI (402) app_init: Compile time:     Nov  6 2024 22:06:38[0m
[0;32mI (408) app_init: ELF file SHA256:  4d504701e68128d5...[0m
[0;32mI (414) app_init: ESP-IDF:          v5.3.1-dirty[0m
[0;32mI (419) efuse_init: Min chip rev:     v0.0[0m
[0;32mI (424) efuse_init: Max chip rev:     v3.99 [0m
[0;32mI (429) efuse_init: Chip rev:         v1.0[0m
[0;32mI (434) heap_init: Initializing. RAM available for dynamic allocation:[0m
[0;32mI (441) heap_init: At 3FFAE6E0 len 00001920 (6 KiB): DRAM[0m
[0;32mI (447) heap_init: At 3FFB83F8 len 00027C08 (159 KiB): DRAM[0m
[0;32mI (453) heap_init: At 3FFE0440 len 00003AE0 (14 KiB): D/IRAM[0m
[0;32mI (460) heap_init: At 3FFE4350 len 0001BCB0 (111 KiB): D/IRAM[0m
[0;32mI (466) heap_init: At 40098BB0 len 00007450 (29 KiB): IRAM[0m
[0;32mI (474) spi_flash: detected chip: gd[0m
[0;32mI (477) spi_flash: flash io: dio[0m
[0;33mW (481) spi_flash: Detected size(4096k) larger than the size in the binary image header(2048k). Using the size in the binary image header.[0m
[0;33mW (494) i2c: This driver is an old driver, please migrate your application code to adapt `driver/i2c_master.h`[0m
[0;32mI (505) main_task: Started on CPU0[0m
[0;32mI (515) main_task: Calling app_main()[0m
I (675) wifi:wifi driver task: 3ffbe294, prio:23, stack:6656, core=0
I (675) wifi:wifi firmware version: ccaebfa
I (675) wifi:wifi certification version: v7.0
I (675) wifi:config NVS flash: enabled
I (675) wifi:config nano formating: disabled
I (685) wifi:Init data frame dynamic rx buffer num: 32
I (685) wifi:Init static rx mgmt buffer num: 5
I (695) wifi:Init management short buffer num: 32
I (695) wifi:Init dynamic tx buffer num: 32
I (695) wifi:Init static rx buffer size: 1600
I (705) wifi:Init static rx buffer num: 10
I (705) wifi:Init dynamic rx buffer num: 32
[0;32mI (715) wifi_init: rx ba win: 6[0m
[0;32mI (715) wifi_init: accept mbox: 6[0m
[0;32mI (715) wifi_init: tcpip mbox: 32[0m
[0;32mI (725) wifi_init: udp mbox: 6[0m
[0;32mI (725) wifi_init: tcp mbox: 6[0m
[0;32mI (725) wifi_init: tcp tx win: 5744[0m
[0;32mI (735) wifi_init: tcp rx win: 5744[0m
[0;32mI (735) wifi_init: tcp mss: 1440[0m
[0;32mI (745) wifi_init: WiFi IRAM OP enabled[0m
[0;32mI (745) wifi_init: WiFi RX IRAM OP enabled[0m
[0;32mI (755) phy_init: phy_version 4830,54550f7,Jun 20 2024,14:22:08[0m
[0;33mW (755) phy_init: failed to load RF calibration data (0x1102), falling back to full calibration[0m
[0;33mW (835) phy_init: saving new calibration data because of checksum failure, mode(2)[0m
E (845) wifi:failed to post WiFi event=43 ret=259
I (845) wifi:mode : sta (30:ae:a4:1b:70:d4)
I (855) wifi:enable tsf
E (855) wifi:failed to post WiFi event=2 ret=259
[0;31mE (865) i2cdev: Could not read from device [0x0d at 0]: 263 (ESP_ERR_TIMEOUT)[0m
ESP_ERROR_CHECK failed: esp_err_t 0x107 (ESP_ERR_TIMEOUT) at 0x400d7501
file: "./main/magnetometer.c" line 18
func: Sensor_Config
expression: qmc5883l_set_mode(&dev, QMC5883L_MODE_CONTINUOUS)

abort() was called at PC 0x4008acd7 on core 0


Backtrace: 0x40081b9a:0x3ffba5c0 0x4008ace1:0x3ffba5e0 0x400929a9:0x3ffba600 0x4008acd7:0x3ffba670 0x400d7501:0x3ffba6a0 0x400d729a:0x3ffba6c0 0x4013f55f:0x3ffba6f0 0x4008b7fd:0x3ffba720




ELF file SHA256: 4d504701e68128d5

Rebooting...
ets Jun  8 2016 00:22:57

rst:0xc (SW_CPU_RESET),boot:0x13 (SPI_FAST_FLASH_BOOT)
configsip: 0, SPIWP:0xee
clk_drv:0x00,q_drv:0x00,d_drv:0x00,cs0_drv:0x00,hd_drv:0x00,wp_drv:0x00
mode:DIO, clock div:2
load:0x3fff0030,len:7176
load:0x40078000,len:15564
ho 0 tail 12 room 4
load:0x40080400,len:4
load:0x40080404,len:3904
entry 0x40080640
[0;32mI (31) boot: ESP-IDF v5.3.1-dirty 2nd stage bootloader[0m
[0;32mI (31) boot: compile time Nov  2 2024 18:17:21[0m
[0;32mI (31) boot: Multicore bootloader[0m
[0;32mI (36) boot: chip revision: v1.0[0m
[0;32mI (40) boot.esp32: SPI Speed      : 40MHz[0m
[0;32mI (44) boot.esp32: SPI Mode       : DIO[0m
[0;32mI (49) boot.esp32: SPI Flash Size : 2MB[0m
[0;32mI (53) boot: Enabling RNG early entropy source...[0m
[0;32mI (59) boot: Partition Table:[0m
[0;32mI (62) boot: ## Label            Usage          Type ST Offset   Length[0m
[0;32mI (70) boot:  0 nvs              WiFi data        01 02 00009000 00006000[0m
[0;32mI (77) boot:  1 phy_init         RF data          01 01 0000f000 00001000[0m
[0;32mI (84) boot:  2 factory          factory app      00 00 00010000 00100000[0m
[0;32mI (92) boot: End of partition table[0m
[0;32mI (96) esp_image: segment 0: paddr=00010020 vaddr=3f400020 size=1d424h (119844) map[0m
[0;32mI (146) esp_image: segment 1: paddr=0002d44c vaddr=3ffb0000 size=02bcch ( 11212) load[0m
[0;32mI (150) esp_image: segment 2: paddr=00030020 vaddr=400d0020 size=715a4h (464292) map[0m
[0;32mI (311) esp_image: segment 3: paddr=000a15cc vaddr=3ffb2bcc size=0170ch (  5900) load[0m
[0;32mI (313) esp_image: segment 4: paddr=000a2ce0 vaddr=40080000 size=18bb0h (101296) load[0m
[0;32mI (368) boot: Loaded app from partition at offset 0x10000[0m
[0;32mI (368) boot: Disabling RNG early entropy source...[0m
[0;32mI (380) cpu_start: Multicore app[0m
[0;32mI (389) cpu_start: Pro cpu start user code[0m
[0;32mI (389) cpu_start: cpu freq: 160000000 Hz[0m
[0;32mI (389) app_init: Application information:[0m
[0;32mI (392) app_init: Project name:     wifi_rtos[0m
[0;32mI (397) app_init: App version:      60e9f13-dirty[0m
[0;32mI (402) app_init: Compile time:     Nov  6 2024 22:06:38[0m
[0;32mI (408) app_init: ELF file SHA256:  4d504701e68128d5...[0m
[0;32mI (414) app_init: ESP-IDF:          v5.3.1-dirty[0m
[0;32mI (419) efuse_init: Min chip rev:     v0.0[0m
[0;32mI (424) efuse_init: Max chip rev:     v3.99 [0m
[0;32mI (429) efuse_init: Chip rev:         v1.0[0m
[0;32mI (434) heap_init: Initializing. RAM available for dynamic allocation:[0m
[0;32mI (441) heap_init: At 3FFAE6E0 len 00001920 (6 KiB): DRAM[0m
[0;32mI (447) heap_init: At 3FFB83F8 len 00027C08 (159 KiB): DRAM[0m
[0;32mI (453) heap_init: At 3FFE0440 len 00003AE0 (14 KiB): D/IRAM[0m
[0;32mI (460) heap_init: At 3FFE4350 len 0001BCB0 (111 KiB): D/IRAM[0m
[0;32mI (466) heap_init: At 40098BB0 len 00007450 (29 KiB): IRAM[0m
[0;32mI (474) spi_flash: detected chip: gd[0m
[0;32mI (477) spi_flash: flash io: dio[0m
[0;33mW (481) spi_flash: Detected size(4096k) larger than the size in the binary image header(2048k). Using the size in the binary image header.[0m
[0;33mW (494) i2c: This driver is an old driver, please migrate your application code to adapt `driver/i2c_master.h`[0m
[0;32mI (505) main_task: Started on CPU0[0m
[0;32mI (515) main_task: Calling app_main()[0m
I (675) wifi:wifi driver task: 3ffbe294, prio:23, stack:6656, core=0
I (675) wifi:wifi firmware version: ccaebfa
I (675) wifi:wifi certification version: v7.0
I (675) wifi:config NVS flash: enabled
I (675) wifi:config nano formating: disabled
I (685) wifi:Init data frame dynamic rx buffer num: 32
I (685) wifi:Init static rx mgmt buffer num: 5
I (695) wifi:Init management short buffer num: 32
I (695) wifi:Init dynamic tx buffer num: 32
I (695) wifi:Init static rx buffer size: 1600
I (705) wifi:Init static rx buffer num: 10
I (705) wifi:Init dynamic rx buffer num: 32
[0;32mI (715) wifi_init: rx ba win: 6[0m
[0;32mI (715) wifi_init: accept mbox: 6[0m
[0;32mI (715) wifi_init: tcpip mbox: 32[0m
[0;32mI (725) wifi_init: udp mbox: 6[0m
[0;32mI (725) wifi_init: tcp mbox: 6[0m
[0;32mI (725) wifi_init: tcp tx win: 5744[0m
[0;32mI (735) wifi_init: tcp rx win: 5744[0m
[0;32mI (735) wifi_init: tcp mss: 1440[0m
[0;32mI (745) wifi_init: WiFi IRAM OP enabled[0m
[0;32mI (745) wifi_init: WiFi RX IRAM OP enabled[0m
[0;32mI (755) phy_init: phy_version 4830,54550f7,Jun 20 2024,14:22:08[0m
[0;33mW (755) phy_init: failed to load RF calibration data (0x1102), falling back to full calibration[0m
[0;33mW (835) phy_init: saving new calibration data because of checksum failure, mode(2)[0m
E (845) wifi:failed to post WiFi event=43 ret=259
I (855) wifi:mode : sta (30:ae:a4:1b:70:d4)
I (855) wifi:enable tsf
E (855) wifi:failed to post WiFi event=2 ret=259
[0;31mE (865) i2cdev: Could not read from device [0x0d at 0]: 263 (ESP_ERR_TIMEOUT)[0m
ESP_ERROR_CHECK failed: esp_err_t 0x107 (ESP_ERR_TIMEOUT) at 0x400d7501
file: "./main/magnetometer.c" line 18
func: Sensor_Config
expression: qmc5883l_set_mode(&dev, QMC5883L_MODE_CONTINUOUS)

abort() was called at PC 0x4008acd7 on core 0


Backtrace: 0x40081b9a:0x3ffba5c0 0x4008ace1:0x3ffba5e0 0x400929a9:0x3ffba600 0x4008acd7:0x3ffba670 0x400d7501:0x3ffba6a0 0x400d729a:0x3ffba6c0 0x4013f55f:0x3ffba6f0 0x4008b7fd:0x3ffba720




ELF file SHA256: 4d504701e68128d5

Rebooting...
ets Jun  8 2016 00:22:57

rst:0xc (SW_CPU_RESET),boot:0x13 (SPI_FAST_FLASH_BOOT)
configsip: 0, SPIWP:0xee
clk_drv:0x00,q_drv:0x00,d_drv:0x00,cs0_drv:0x00,hd_drv:0x00,wp_drv:0x00
mode:DIO, clock div:2
load:0x3fff0030,len:7176
load:0x40078000,len:15564
ho 0 tail 12 room 4
load:0x40080400,len:4
load:0x40080404,len:3904
entry 0x40080640
[0;32mI (31) boot: ESP-IDF v5.3.1-dirty 2nd stage bootloader[0m
[0;32mI (31) boot: compile time Nov  2 2024 18:17:21[0m
[0;32mI (31) boot: Multicore bootloader[0m
[0;32mI (36) boot: chip revision: v1.0[0m
[0;32mI (40) boot.esp32: SPI Speed      : 40MHz[0m
[0;32mI (44) boot.esp32: SPI Mode       : DIO[0m
[0;32mI (49) boot.esp32: SPI Flash Size : 2MB[0m
[0;32mI (53) boot: Enabling RNG early entropy source...[0m
[0;32mI (59) boot: Partition Table:[0m
[0;32mI (62) boot: ## Label            Usage          Type ST Offset   Length[0m
[0;32mI (70) boot:  0 nvs              WiFi data        01 02 00009000 00006000[0m
[0;32mI (77) boot:  1 phy_init         RF data          01 01 0000f000 00001000[0m
[0;32mI (84) boot:  2 factory          factory app      00 00 00010000 00100000[0m
[0;32mI (92) boot: End of partition table[0m
[0;32mI (96) esp_image: segment 0: paddr=00010020 vaddr=3f400020 size=1d424h (119844) map[0m
[0;32mI (146) esp_image: segment 1: paddr=0002d44c vaddr=3ffb0000 size=02bcch ( 11212) load[0m
[0;32mI (150) esp_image: segment 2: paddr=00030020 vaddr=400d0020 size=715a4h (464292) map[0m
[0;32mI (311) esp_image: segment 3: paddr=000a15cc vaddr=3ffb2bcc size=0170ch (  5900) load[0m
[0;32mI (313) esp_image: segment 4: paddr=000a2ce0 vaddr=40080000 size=18bb0h (101296) load[0m
[0;32mI (368) boot: Loaded app from partition at offset 0x10000[0m
[0;32mI (368) boot: Disabling RNG early entropy source...[0m
[0;32mI (380) cpu_start: Multicore app[0m
[0;32mI (389) cpu_start: Pro cpu start user code[0m
[0;32mI (389) cpu_start: cpu freq: 160000000 Hz[0m
[0;32mI (389) app_init: Application information:[0m
[0;32mI (392) app_init: Project name:     wifi_rtos[0m
[0;32mI (397) app_init: App version:      60e9f13-dirty[0m
[0;32mI (402) app_init: Compile time:     Nov  6 2024 22:06:38[0m
[0;32mI (408) app_init: ELF file SHA256:  4d504701e68128d5...[0m
[0;32mI (414) app_init: ESP-IDF:          v5.3.1-dirty[0m
[0;32mI (419) efuse_init: Min chip rev:     v0.0[0m
[0;32mI (424) efuse_init: Max chip rev:     v3.99 [0m
[0;32mI (429) efuse_init: Chip rev:         v1.0[0m
[0;32mI (434) heap_init: Initializing. RAM available for dynamic allocation:[0m
[0;32mI (441) heap_init: At 3FFAE6E0 len 00001920 (6 KiB): DRAM[0m
[0;32mI (447) heap_init: At 3FFB83F8 len 00027C08 (159 KiB): DRAM[0m
[0;32mI (453) heap_init: At 3FFE0440 len 00003AE0 (14 KiB): D/IRAM[0m
[0;32mI (460) heap_init: At 3FFE4350 len 0001BCB0 (111 KiB): D/IRAM[0m
[0;32mI (466) heap_init: At 40098BB0 len 00007450 (29 KiB): IRAM[0m
[0;32mI (474) spi_flash: detected chip: gd[0m
[0;32mI (477) spi_flash: flash io: dio[0m
[0;33mW (481) spi_flash: Detected size(4096k) larger than the size in the binary image header(2048k). Using the size in the binary image header.[0m
[0;33mW (494) i2c: This driver is an old driver, please migrate your application code to adapt `driver/i2c_master.h`[0m
[0;32mI (505) main_task: Started on CPU0[0m
[0;32mI (515) main_task: Calling app_main()[0m
I (675) wifi:wifi driver task: 3ffbe294, prio:23, stack:6656, core=0
I (675) wifi:wifi firmware version: ccaebfa
I (675) wifi:wifi certification version: v7.0
I (675) wifi:config NVS flash: enabled
I (675) wifi:config nano formating: disabled
I (685) wifi:Init data frame dynamic rx buffer num: 32
I (685) wifi:Init static rx mgmt buffer num: 5
I (695) wifi:Init management short buffer num: 32
I (695) wifi:Init dynamic tx buffer num: 32
I (695) wifi:Init static rx buffer size: 1600
I (705) wifi:Init static rx buffer num: 10
I (705) wifi:Init dynamic rx buffer num: 32
[0;32mI (715) wifi_init: rx ba win: 6[0m
[0;32mI (715) wifi_init: accept mbox: 6[0m
[0;32mI (715) wifi_init: tcpip mbox: 32[0m
[0;32mI (725) wifi_init: udp mbox: 6[0m
[0;32mI (725) wifi_init: tcp mbox: 6[0m
[0;32mI (725) wifi_init: tcp tx win: 5744[0m
[0;32mI (735) wifi_init: tcp rx win: 5744[0m
[0;32mI (735) wifi_init: tcp mss: 1440[0m
[0;32mI (745) wifi_init: WiFi IRAM OP enabled[0m
[0;32mI (745) wifi_init: WiFi RX IRAM OP enabled[0m
[0;32mI (755) phy_init: phy_version 4830,54550f7,Jun 20 2024,14:22:08[0m
[0;33mW (755) phy_init: failed to load RF calibration data (0x1102), falling back to full calibration[0m
[0;33mW (835) phy_init: saving new calibration data because of checksum failure, mode(2)[0m
E (845) wifi:failed to post WiFi event=43 ret=259
I (845) wifi:mode : sta (30:ae:a4:1b:70:d4)
I (855) wifi:enable tsf
E (855) wifi:failed to post WiFi event=2 ret=259
[0;31mE (865) i2cdev: Could not read from device [0x0d at 0]: 263 (ESP_ERR_TIMEOUT)[0m
ESP_ERROR_CHECK failed: esp_err_t 0x107 (ESP_ERR_TIMEOUT) at 0x400d7501
file: "./main/magnetometer.c" line 18
func: Sensor_Config
expression: qmc5883l_set_mode(&dev, QMC5883L_MODE_CONTINUOUS)

abort() was called at PC 0x4008acd7 on core 0


Backtrace: 0x40081b9a:0x3ffba5c0 0x4008ace1:0x3ffba5e0 0x400929a9:0x3ffba600 0x4008acd7:0x3ffba670 0x400d7501:0x3ffba6a0 0x400d729a:0x3ffba6c0 0x4013f55f:0x3ffba6f0 0x4008b7fd:0x3ffba720




ELF file SHA256: 4d504701e68128d5

Rebooting...
ets Jun  8 2016 00:22:57

rst:0xc (SW_CPU_RESET),boot:0x13 (SPI_FAST_FLASH_BOOT)
configsip: 0, SPIWP:0xee
clk_drv:0x00,q_drv:0x00,d_drv:0x00,cs0_drv:0x00,hd_drv:0x00,wp_drv:0x00
mode:DIO, clock div:2
load:0x3fff0030,len:7176
load:0x40078000,len:15564
ho 0 tail 12 room 4
load:0x40080400,len:4
load:0x40080404,len:3904
entry 0x40080640
[0;32mI (31) boot: ESP-IDF v5.3.1-dirty 2nd stage bootloader[0m
[0;32mI (31) boot: compile time Nov  2 2024 18:17:21[0m
[0;32mI (31) boot: Multicore bootloader[0m
[0;32mI (36) boot: chip revision: v1.0[0m
[0;32mI (40) boot.esp32: SPI Speed      : 40MHz[0m
[0;32mI (44) boot.esp32: SPI Mode       : DIO[0m
[0;32mI (49) boot.esp32: SPI Flash Size : 2MB[0m
[0;32mI (53) boot: Enabling RNG early entropy source...[0m
[0;32mI (59) boot: Partition Table:[0m
[0;32mI (62) boot: ## Label            Usage          Type ST Offset   Length[0m
[0;32mI (70) boot:  0 nvs              WiFi data        01 02 00009000 00006000[0m
[0;32mI (77) boot:  1 phy_init         RF data          01 01 0000f000 00001000[0m
[0;32mI (84) boot:  2 factory          factory app      00 00 00010000 00100000[0m
[0;32mI (92) boot: End of partition table[0m
[0;32mI (96) esp_image: segment 0: paddr=00010020 vaddr=3f400020 size=1d424h (119844) map[0m
[0;32mI (146) esp_image: segment 1: paddr=0002d44c vaddr=3ffb0000 size=02bcch ( 11212) load[0m
[0;32mI (150) esp_image: segment 2: paddr=00030020 vaddr=400d0020 size=715a4h (464292) map[0m
[0;32mI (311) esp_image: segment 3: paddr=000a15cc vaddr=3ffb2bcc size=0170ch (  5900) load[0m
[0;32mI (313) esp_image: segment 4: paddr=000a2ce0 vaddr=40080000 size=18bb0h (101296) load[0m
[0;32mI (368) boot: Loaded app from partition at offset 0x10000[0m
[0;32mI (368) boot: Disabling RNG early entropy source...[0m
[0;32mI (380) cpu_start: Multicore app[0m
[0;32mI (389) cpu_start: Pro cpu start user code[0m
[0;32mI (389) cpu_start: cpu freq: 160000000 Hz[0m
[0;32mI (389) app_init: Application information:[0m
[0;32mI (392) app_init: Project name:     wifi_rtos[0m
[0;32mI (397) app_init: App version:      60e9f13-dirty[0m
[0;32mI (402) app_init: Compile time:     Nov  6 2024 22:06:38[0m
[0;32mI (408) app_init: ELF file SHA256:  4d504701e68128d5...[0m
[0;32mI (414) app_init: ESP-IDF:          v5.3.1-dirty[0m
[0;32mI (419) efuse_init: Min chip rev:     v0.0[0m
[0;32mI (424) efuse_init: Max chip rev:     v3.99 [0m
[0;32mI (429) efuse_init: Chip rev:         v1.0[0m
[0;32mI (434) heap_init: Initializing. RAM available for dynamic allocation:[0m
[0;32mI (441) heap_init: At 3FFAE6E0 len 00001920 (6 KiB): DRAM[0m
[0;32mI (447) heap_init: At 3FFB83F8 len 00027C08 (159 KiB): DRAM[0m
[0;32mI (453) heap_init: At 3FFE0440 len 00003AE0 (14 KiB): D/IRAM[0m
[0;32mI (460) heap_init: At 3FFE4350 len 0001BCB0 (111 KiB): D/IRAM[0m
[0;32mI (466) heap_init: At 40098BB0 len 00007450 (29 KiB): IRAM[0m
[0;32mI (474) spi_flash: detected chip: gd[0m
[0;32mI (477) spi_flash: flash io: dio[0m
[0;33mW (481) spi_flash: Detected size(4096k) larger than the size in the binary image header(2048k). Using the size in the binary image header.[0m
[0;33mW (494) i2c: This driver is an old driver, please migrate your application code to adapt `driver/i2c_master.h`[0m
[0;32mI (505) main_task: Started on CPU0[0m
[0;32mI (515) main_task: Calling app_main()[0m
I (685) wifi:wifi driver task: 3ffbe294, prio:23, stack:6656, core=0
I (685) wifi:wifi firmware version: ccaebfa
I (685) wifi:wifi certification version: v7.0
I (685) wifi:config NVS flash: enabled
I (685) wifi:config nano formating: disabled
I (695) wifi:Init data frame dynamic rx buffer num: 32
I (695) wifi:Init static rx mgmt buffer num: 5
I (705) wifi:Init management short buffer num: 32
I (705) wifi:Init dynamic tx buffer num: 32
I (705) wifi:Init static rx buffer size: 1600
I (715) wifi:Init static rx buffer num: 10
I (715) wifi:Init dynamic rx buffer num: 32
[0;32mI (725) wifi_init: rx ba win: 6[0m
[0;32mI (725) wifi_init: accept mbox: 6[0m
[0;32mI (725) wifi_init: tcpip mbox: 32[0m
[0;32mI (735) wifi_init: udp mbox: 6[0m
[0;32mI (735) wifi_init: tcp mbox: 6[0m
[0;32mI (735) wifi_init: tcp tx win: 5744[0m
[0;32mI (745) wifi_init: tcp rx win: 5744[0m
[0;32mI (745) wifi_init: tcp mss: 1440[0m
[0;32mI (755) wifi_init: WiFi IRAM OP enabled[0m
[0;32mI (755) wifi_init: WiFi RX IRAM OP enabled[0m
[0;32mI (765) phy_init: phy_version 4830,54550f7,Jun 20 2024,14:22:08[0m
[0;33mW (765) phy_init: failed to load RF calibration data (0x1102), falling back to full calibration[0m
[0;33mW (845) phy_init: saving new calibration data because of checksum failure, mode(2)[0m
E (855) wifi:failed to post WiFi event=43 ret=259
I (865) wifi:mode : sta (30:ae:a4:1b:70:d4)
I (865) wifi:enable tsf
E (865) wifi:failed to post WiFi event=2 ret=259
[0;31mE (875) i2cdev: Could not read from device [0x0d at 0]: 263 (ESP_ERR_TIMEOUT)[0m
ESP_ERROR_CHECK failed: esp_err_t 0x107 (ESP_ERR_TIMEOUT) at 0x400d7501
file: "./main/magnetometer.c" line 18
func: Sensor_Config
expression: qmc5883l_set_mode(&dev, QMC5883L_MODE_CONTINUOUS)

abort() was called at PC 0x4008acd7 on core 0


Backtrace: 0x40081b9a:0x3ffba5c0 0x4008ace1:0x3ffba5e0 0x400929a9:0x3ffba600 0x4008acd7:0x3ffba670 0x400d7501:0x3ffba6a0 0x400d729a:0x3ffba6c0 0x4013f55f:0x3ffba6f0 0x4008b7fd:0x3ffba720




ELF file SHA256: 4d504701e68128d5

Rebooting...
ets Jun  8 2016 00:22:57

rst:0xc (SW_CPU_RESET),boot:0x13 (SPI_FAST_FLASH_BOOT)
configsip: 0, SPIWP:0xee
clk_drv:0x00,q_drv:0x00,d_drv:0x00,cs0_drv:0x00,hd_drv:0x00,wp_drv:0x00
mode:DIO, clock div:2
load:0x3fff0030,len:7176
load:0x40078000,len:15564
ho 0 tail 12 room 4
load:0x40080400,len:4
load:0x40080404,len:3904
entry 0x40080640
[0;32mI (31) boot: ESP-IDF v5.3.1-dirty 2nd stage bootloader[0m
[0;32mI (31) boot: compile time Nov  2 2024 18:17:21[0m
[0;32mI (31) boot: Multicore bootloader[0m
[0;32mI (36) boot: chip revision: v1.0[0m
[0;32mI (40) boot.esp32: SPI Speed      : 40MHz[0m
[0;32mI (44) boot.esp32: SPI Mode       : DIO[0m
[0;32mI (49) boot.esp32: SPI Flash Size : 2MB[0m
[0;32mI (53) boot: Enabling RNG early entropy source...[0m
[0;32mI (59) boot: Partition Table:[0m
[0;32mI (62) boot: ## Label            Usage          Type ST Offset   Length[0m
[0;32mI (70) boot:  0 nvs              WiFi data        01 02 00009000 00006000[0m
[0;32mI (77) boot:  1 phy_init         RF data          01 01 0000f000 00001000[0m
[0;32mI (84) boot:  2 factory          factory app      00 00 00010000 00100000[0m
[0;32mI (92) boot: End of partition table[0m
[0;32mI (96) esp_image: segment 0: paddr=00010020 vaddr=3f400020 size=1d424h (119844) map[0m
[0;32mI (146) esp_image: segment 1: paddr=0002d44c vaddr=3ffb0000 size=02bcch ( 11212) load[0m
[0;32mI (150) esp_image: segment 2: paddr=00030020 vaddr=400d0020 size=715a4h (464292) map[0m
