et	ï¿½ï¿½Ñ¹esp32: SPIï¿½ets Jun  8 2016 00:22:57

rst:0x1 (POWERON_RESET),boot:0x17 (SPI_FAST_FLASH_BOOT)
configsip: 0, SPIWP:0xee
clk_drv:0x00,q_drv:0x00,d_drv:0x00,cs0_drv:0x00,hd_drv:0x00,wp_drv:0x00
mode:DIO, clock div:2
load:0x3fff0030,len:7176
load:0x40078000,len:15564
ho 0 tail 12 room 4
load:0x40080400,len:4
load:0x40080404,len:3904
entry 0x40080640
[0;32mI (30) boot: ESP-IDF v5.3.1-dirty 2nd stage bootloader[0m
[0;32mI (30) boot: compile time Nov  2 2024 18:17:21[0m
[0;32mI (30) boot: Multicore bootloader[0m
[0;32mI (35) boot: chip revision: v1.0[0m
[0;32mI (39) boot.esp32: SPI Speed      : 40MHz[0m
[0;32mI (43) boot.esp32: SPI Mode       : DIO[0m
[0;32mI (48) boot.esp32: SPI Flash Size : 2MB[0m
[0;32mI (52) boot: Enabling RNG early entropy source...[0m
[0;32mI (58) boot: Partition Table:[0m
[0;32mI (61) boot: ## Label            Usage          Type ST Offset   Length[0m
[0;32mI (69) boot:  0 nvs              WiFi data        01 02 00009000 00006000[0m
[0;32mI (76) boot:  1 phy_init         RF data          01 01 0000f000 00001000[0m
[0;32mI (84) boot:  2 factory          factory app      00 00 00010000 00100000[0m
[0;32mI (91) boot: End of partition table[0m
[0;32mI (95) esp_image: segment 0: paddr=00010020 vaddr=3f400020 size=1d424h (119844) map[0m
[0;32mI (145) esp_image: segment 1: paddr=0002d44c vaddr=3ffb0000 size=02bcch ( 11212) load[0m
[0;32mI (149) esp_image: segment 2: paddr=00030020 vaddr=400d0020 size=715a4h (464292) map[0m
[0;32mI (310) esp_image: segment 3: paddr=000a15cc vaddr=3ffb2bcc size=0170ch (  5900) load[0m
[0;32mI (312) esp_image: segment 4: paddr=000a2ce0 vaddr=40080000 size=18bb0h (101296) load[0m
[0;32mI (368) boot: Loaded app from partition at offset 0x10000[0m
[0;32mI (368) boot: Disabling RNG early entropy source...[0m
[0;32mI (380) cpu_start: Multicore app[0m
[0;32mI (388) cpu_start: Pro cpu start user code[0m
[0;32mI (388) cpu_start: cpu freq: 160000000 Hz[0m
[0;32mI (388) app_init: Application information:[0m
[0;32mI (391) app_init: Project name:     wifi_rtos[0m
[0;32mI (396) app_init: App version:      60e9f13-dirty[0m
[0;32mI (401) app_init: Compile time:     Nov  6 2024 22:06:38[0m
[0;32mI (407) app_init: ELF file SHA256:  2c2f6ca21a376827...[0m
[0;32mI (413) app_init: ESP-IDF:          v5.3.1-dirty[0m
[0;32mI (419) efuse_init: Min chip rev:     v0.0[0m
[0;32mI (423) efuse_init: Max chip rev:     v3.99 [0m
[0;32mI (428) efuse_init: Chip rev:         v1.0[0m
[0;32mI (433) heap_init: Initializing. RAM available for dynamic allocation:[0m
[0;32mI (441) heap_init: At 3FFAE6E0 len 00001920 (6 KiB): DRAM[0m
[0;32mI (446) heap_init: At 3FFB83F8 len 00027C08 (159 KiB): DRAM[0m
[0;32mI (453) heap_init: At 3FFE0440 len 00003AE0 (14 KiB): D/IRAM[0m
[0;32mI (459) heap_init: At 3FFE4350 len 0001BCB0 (111 KiB): D/IRAM[0m
[0;32mI (465) heap_init: At 40098BB0 len 00007450 (29 KiB): IRAM[0m
[0;32mI (473) spi_flash: detected chip: gd[0m
[0;32mI (476) spi_flash: flash io: dio[0m
[0;33mW (480) spi_flash: Detected size(4096k) larger than the size in the binary image header(2048k). Using the size in the binary image header.[0m
[0;33mW (493) i2c: This driver is an old driver, please migrate your application code to adapt `driver/i2c_master.h`[0m
[0;32mI (504) main_task: Started on CPU0[0m
[0;32mI (514) main_task: Calling app_main()[0m
I (664) wifi:wifi driver task: 3ffbe294, prio:23, stack:6656, core=0
I (664) wifi:wifi firmware version: ccaebfa
I (664) wifi:wifi certification version: v7.0
I (664) wifi:config NVS flash: enabled
I (664) wifi:config nano formating: disabled
I (674) wifi:Init data frame dynamic rx buffer num: 32
I (674) wifi:Init static rx mgmt buffer num: 5
I (684) wifi:Init management short buffer num: 32
I (684) wifi:Init dynamic tx buffer num: 32
I (684) wifi:Init static rx buffer size: 1600
I (694) wifi:Init static rx buffer num: 10
I (694) wifi:Init dynamic rx buffer num: 32
[0;32mI (704) wifi_init: rx ba win: 6[0m
[0;32mI (704) wifi_init: accept mbox: 6[0m
[0;32mI (704) wifi_init: tcpip mbox: 32[0m
[0;32mI (714) wifi_init: udp mbox: 6[0m
[0;32mI (714) wifi_init: tcp mbox: 6[0m
[0;32mI (714) wifi_init: tcp tx win: 5744[0m
[0;32mI (724) wifi_init: tcp rx win: 5744[0m
[0;32mI (724) wifi_init: tcp mss: 1440[0m
[0;32mI (734) wifi_init: WiFi IRAM OP enabled[0m
[0;32mI (734) wifi_init: WiFi RX IRAM OP enabled[0m
[0;32mI (744) phy_init: phy_version 4830,54550f7,Jun 20 2024,14:22:08[0m
[0;33mW (744) phy_init: failed to load RF calibration data (0x1102), falling back to full calibration[0m
[0;33mW (824) phy_init: saving new calibration data because of checksum failure, mode(2)[0m
E (834) wifi:failed to post WiFi event=43 ret=259
I (844) wifi:mode : sta (b4:e6:2d:b1:e1:f9)
I (844) wifi:enable tsf
E (844) wifi:failed to post WiFi event=2 ret=259
[0;32mI (964) main_task: Returned from app_main()[0m
E (3374) wifi:failed to post WiFi event=1 ret=259
SSID: Manasa  RSSI: -52 dBm	MAC: 76:d6:56:57:94:92
SSID: Hariom.l1-4G  RSSI: -79 dBm	MAC: c0:a5:dd:1e:da:91
SSID: Hariom R2  RSSI: -90 dBm	MAC: 3c:cd:57:6b:64:16
SSID: Hariom.l2-4g  RSSI: -93 dBm	MAC: 5c:8c:30:31:03:29
SSID: ACTFIBERNET  RSSI: -94 dBm	MAC: 3c:52:a1:6e:82:c2
SSID: Hariom GF 4G  RSSI: -94 dBm	MAC: 5c:f9:fd:8d:fd:49
SSID: Dream Spoon  RSSI: -95 dBm	MAC: f0:a7:31:f7:6e:18
SSID: Galaxy M31CE7C  RSSI: -96 dBm	MAC: 9e:bb:f8:c1:39:32
------debug:TotalShops=4-------
Press 1->Puma

Press 2->Foreever21

Press 3->Nike

Press 4->UpdateDatabase
[0;32mI (5014) BTN: Waiting For Press.[0m
[0;32mI (14904) BTN: BTN Pressed Down.[0m
[0;32mI (15254) BTN: Short Press[0m
2
[0;32mI (15254) BTN: BTN Released.[0m
[0;32mI (19264) BTN: BTN Pressed Down.[0m
[0;32mI (19404) BTN: Short Press[0m
3
[0;32mI (19404) BTN: BTN Released.[0m
[0;32mI (21014) BTN: BTN Pressed Down.[0m
[0;32mI (21144) BTN: Short Press[0m
4
[0;32mI (21144) BTN: BTN Released.[0m
[0;32mI (22994) BTN: BTN Pressed Down.[0m
[0;32mI (23084) BTN: Short Press[0m
1
[0;32mI (23084) BTN: BTN Released.[0m
[0;32mI (24094) BTN: BTN Pressed Down.[0m
[0;32mI (25084) BTN: Long Press[0m

selected Puma store
Seleeeeeeeee = 1
yyyyyyyyyyyyyyyyyyyyyyyyyyyyyy 0 0 0 
-1000 -1000 -1000 
temp = 0	inde = -1	data =-1000	large = -1
temp = -1000	inde = -1	data =-1000	large = -1
temp = -1000	inde = -1	data =-1000	large = -1

present_ap = -1 , next_location_ap = 0

next_location_ap = 0
Magnetic data: X:49.87 mG, Y:-495.42 mG, Z:-148.44 mG
Heading = 208.008986
E (29214) wifi:failed to post WiFi event=1 ret=259
SSID: Manasa  RSSI: -65 dBm	MAC: 76:d6:56:57:94:92
SSID: Hariom.l1-4G  RSSI: -81 dBm	MAC: c0:a5:dd:1e:da:91
SSID: Hariom R2  RSSI: -92 dBm	MAC: 3c:cd:57:6b:64:16
SSID: Hariom GF 4G  RSSI: -96 dBm	MAC: 5c:f9:fd:8d:fd:49
-1000 -1000 -1000 
temp = -1000	inde = -1	data =-1000	large = -1
temp = -1000	inde = -1	data =-1000	large = -1
temp = -1000	inde = -1	data =-1000	large = -1
Moving
Heading = 208.008986	-1.000000
left
Magnetic data: X:44.37 mG, Y:-486.57 mG, Z:-144.17 mG
Heading = 207.472200
E (31744) wifi:failed to post WiFi event=1 ret=259
SSID: Manasa  RSSI: -65 dBm	MAC: 76:d6:56:57:94:92
SSID: Hariom.l1-4G  RSSI: -81 dBm	MAC: c0:a5:dd:1e:da:91
SSID: Hariom R2  RSSI: -90 dBm	MAC: 3c:cd:57:6b:64:16
SSID: Galaxy M31CE7C  RSSI: -98 dBm	MAC: 9e:bb:f8:c1:39:32
-1000 -1000 -1000 
temp = -1000	inde = -1	data =-1000	large = -1
temp = -1000	inde = -1	data =-1000	large = -1
temp = -1000	inde = -1	data =-1000	large = -1
Moving
Heading = 207.472200	-1.000000
left
Magnetic data: X:59.33 mG, Y:-505.07 mG, Z:-147.40 mG
Heading = 208.960363
ets Jun  8 2016 00:22:57

rst:0x1 (POWERON_RESET),boot:0x17 (SPI_FAST_FLASH_BOOT)
configsip: 0, SPIWP:0xee
clk_drv:0x00,q_drv:0x00,d_drv:0x00,cs0_drv:0x00,hd_drv:0x00,wp_drv:0x00
mode:DIO, clock div:2
load:0x3fff0030,len:7176
load:0x40078000,len:15564
ho 0 tail 12 room 4
load:0x40080400,len:4
load:0x40080404,len:3904
entry 0x40080640
[0;32mI (30) boot: ESP-IDF v5.3.1-dirty 2nd stage bootloader[0m
[0;32mI (30) boot: compile time Nov  2 2024 18:17:21[0m
[0;32mI (30) boot: Multicore bootloader[0m
[0;32mI (35) boot: chip revision: v1.0[0m
[0;32mI (39) boot.esp32: SPI Speed      : 40MHz[0m
[0;32mI (43) boot.esp32: SPI Mode       : DIO[0m
[0;32mI (48) boot.esp32: SPI Flash Size : 2MB[0m
[0;32mI (52) boot: Enabling RNG early entropy source...[0m
[0;32mI (58) boot: Partition Table:[0m
[0;32mI (61) boot: ## Label            Usage          Type ST Offset   Length[0m
[0;32mI (69) boot:  0 nvs              WiFi data        01 02 00009000 00006000[0m
[0;32mI (76) boot:  1 phy_init         RF data          01 01 0000f000 00001000[0m
[0;32mI (84) boot:  2 factory          factory app      00 00 00010000 00100000[0m
[0;32mI (91) boot: End of partition table[0m
[0;32mI (95) esp_image: segment 0: paddr=00010020 vaddr=3f400020 size=1d424h (119844) map[0m
[0;32mI (145) esp_image: segment 1: paddr=0002d44c vaddr=3ffb0000 size=02bcch ( 11212) load[0m
[0;32mI (149) esp_image: segment 2: paddr=00030020 vaddr=400d0020 size=715a4h (464292) map[0m
[0;32mI (310) esp_image: segment 3: paddr=000a15cc vaddr=3ffb2bcc size=0170ch (  5900) load[0m
[0;32mI (312) esp_image: segment 4: paddr=000a2ce0 vaddr=40080000 size=18bb0h (101296) load[0m
[0;32mI (368) boot: Loaded app from partition at offset 0x10000[0m
[0;32mI (368) boot: Disabling RNG early entropy source...[0m
[0;32mI (380) cpu_start: Multicore app[0m
[0;32mI (388) cpu_start: Pro cpu start user code[0m
[0;32mI (388) cpu_start: cpu freq: 160000000 Hz[0m
[0;32mI (388) app_init: Application information:[0m
[0;32mI (391) app_init: Project name:     wifi_rtos[0m
[0;32mI (396) app_init: App version:      60e9f13-dirty[0m
[0;32mI (401) app_init: Compile time:     Nov  6 2024 22:06:38[0m
[0;32mI (407) app_init: ELF file SHA256:  2c2f6ca21a376827...[0m
[0;32mI (413) app_init: ESP-IDF:          v5.3.1-dirty[0m
[0;32mI (419) efuse_init: Min chip rev:     v0.0[0m
[0;32mI (423) efuse_init: Max chip rev:     v3.99 [0m
[0;32mI (428) efuse_init: Chip rev:         v1.0[0m
[0;32mI (433) heap_init: Initializing. RAM available for dynamic allocation:[0m
[0;32mI (440) heap_init: At 3FFAE6E0 len 00001920 (6 KiB): DRAM[0m
[0;32mI (446) heap_init: At 3FFB83F8 len 00027C08 (159 KiB): DRAM[0m
[0;32mI (453) heap_init: At 3FFE0440 len 00003AE0 (14 KiB): D/IRAM[0m
[0;32mI (459) heap_init: At 3FFE4350 len 0001BCB0 (111 KiB): D/IRAM[0m
[0;32mI (465) heap_init: At 40098BB0 len 00007450 (29 KiB): IRAM[0m
[0;32mI (473) spi_flash: detected chip: gd[0m
[0;32mI (476) spi_flash: flash io: dio[0m
[0;33mW (480) spi_flash: Detected size(4096k) larger than the size in the binary image header(2048k). Using the size in the binary image header.[0m
[0;33mW (493) i2c: This driver is an old driver, please migrate your application code to adapt `driver/i2c_master.h`[0m
[0;32mI (504) main_task: Started on CPU0[0m
[0;32mI (514) main_task: Calling app_main()[0m
I (694) wifi:wifi driver task: 3ffbe294, prio:23, stack:6656, core=0
I (694) wifi:wifi firmware version: ccaebfa
I (694) wifi:wifi certification version: v7.0
I (694) wifi:config NVS flash: enabled
I (694) wifi:config nano formating: disabled
I (704) wifi:Init data frame dynamic rx buffer num: 32
I (704) wifi:Init static rx mgmt buffer num: 5
I (714) wifi:Init management short buffer num: 32
I (714) wifi:Init dynamic tx buffer num: 32
I (714) wifi:Init static rx buffer size: 1600
I (724) wifi:Init static rx buffer num: 10
I (724) wifi:Init dynamic rx buffer num: 32
[0;32mI (734) wifi_init: rx ba win: 6[0m
[0;32mI (734) wifi_init: accept mbox: 6[0m
[0;32mI (734) wifi_init: tcpip mbox: 32[0m
[0;32mI (744) wifi_init: udp mbox: 6[0m
[0;32mI (744) wifi_init: tcp mbox: 6[0m
[0;32mI (744) wifi_init: tcp tx win: 5744[0m
[0;32mI (754) wifi_init: tcp rx win: 5744[0m
[0;32mI (754) wifi_init: tcp mss: 1440[0m
[0;32mI (764) wifi_init: WiFi IRAM OP enabled[0m
[0;32mI (764) wifi_init: WiFi RX IRAM OP enabled[0m
[0;32mI (774) phy_init: phy_version 4830,54550f7,Jun 20 2024,14:22:08[0m
[0;33mW (774) phy_init: failed to load RF calibration data (0x1102), falling back to full calibration[0m
[0;33mW (854) phy_init: saving new calibration data because of checksum failure, mode(2)[0m
E (864) wifi:failed to post WiFi event=43 ret=259
I (874) wifi:mode : sta (b4:e6:2d:b1:e1:f9)
I (874) wifi:enable tsf
E (874) wifi:failed to post WiFi event=2 ret=259
[0;32mI (994) main_task: Returned from app_main()[0m
E (3404) wifi:failed to post WiFi event=1 ret=259
SSID: Manasa  RSSI: -65 dBm	MAC: 76:d6:56:57:94:92
SSID: Hariom.l1-4G  RSSI: -78 dBm	MAC: c0:a5:dd:1e:da:91
SSID: Galaxy M31CE7C  RSSI: -97 dBm	MAC: 9e:bb:f8:c1:39:32
SSID: Hariom GF 4G  RSSI: -97 dBm	MAC: 5c:f9:fd:8d:fd:49
------debug:TotalShops=4-------
Press 1->Puma

Press 2->Foreever21

Press 3->Nike

Press 4->UpdateDatabase
[0;32mI (5024) BTN: Waiting For Press.[0m
[0;32mI (6154) BTN: BTN Pressed Down.[0m
[0;32mI (6254) BTN: Short Press[0m
2
[0;32mI (6254) BTN: BTN Released.[0m
[0;32mI (7024) BTN: BTN Pressed Down.[0m
[0;32mI (8014) BTN: Long Press[0m

selected Foreever21 store
Seleeeeeeeee = 2
yyyyyyyyyyyyyyyyyyyyyyyyyyyyyy 0 0 0 
-1000 -1000 -1000 
temp = 0	inde = -1	data =-1000	large = -1
temp = -1000	inde = -1	data =-1000	large = -1
temp = -1000	inde = -1	data =-1000	large = -1

present_ap = -1 , next_location_ap = 1

next_location_ap = 1
Magnetic data: X:160.22 mG, Y:-431.21 mG, Z:-146.18 mG
Heading = 222.638011
ets Jun  8 2016 00:22:57

rst:0x1 (POWERON_RESET),boot:0x17 (SPI_FAST_FLASH_BOOT)
configsip: 0, SPIWP:0xee
clk_drv:0x00,q_drv:0x00,d_drv:0x00,cs0_drv:0x00,hd_drv:0x00,wp_drv:0x00
mode:DIO, clock div:2
load:0x3fff0030,len:7176
load:0x40078000,len:15564
ho 0 tail 12 room 4
load:0x40080400,len:4
load:0x40080404,len:3904
entry 0x40080640
[0;32mI (30) boot: ESP-IDF v5.3.1-dirty 2nd stage bootloader[0m
[0;32mI (30) boot: compile time Nov  2 2024 18:17:21[0m
[0;32mI (30) boot: Multicore bootloader[0m
[0;32mI (35) boot: chip revision: v1.0[0m
[0;32mI (39) boot.esp32: SPI Speed      : 40MHz[0m
[0;32mI (43) boot.esp32: SPI Mode       : DIO[0m
[0;32mI (48) boot.esp32: SPI Flash Size : 2MB[0m
[0;32mI (52) boot: Enabling RNG early entropy source...[0m
[0;32mI (58) boot: Partition Table:[0m
[0;32mI (61) boot: ## Label            Usage          Type ST Offset   Length[0m
[0;32mI (69) boot:  0 nvs              WiFi data        01 02 00009000 00006000[0m
[0;32mI (76) boot:  1 phy_init         RF data          01 01 0000f000 00001000[0m
[0;32mI (84) boot:  2 factory          factory app      00 00 00010000 00100000[0m
[0;32mI (91) boot: End of partition table[0m
[0;32mI (95) esp_image: segment 0: paddr=00010020 vaddr=3f400020 size=1d424h (119844) map[0m
[0;32mI (145) esp_image: segment 1: paddr=0002d44c vaddr=3ffb0000 size=02bcch ( 11212) load[0m
[0;32mI (149) esp_image: segment 2: paddr=00030020 vaddr=400d0020 size=715a4h (464292) map[0m
[0;32mI (310) esp_image: segment 3: paddr=000a15cc vaddr=3ffb2bcc size=0170ch (  5900) load[0m
[0;32mI (312) esp_image: segment 4: paddr=000a2ce0 vaddr=40080000 size=18bb0h (101296) load[0m
[0;32mI (368) boot: Loaded app from partition at offset 0x10000[0m
[0;32mI (368) boot: Disabling RNG early entropy source...[0m
[0;32mI (380) cpu_start: Multicore app[0m
[0;32mI (388) cpu_start: Pro cpu start user code[0m
[0;32mI (388) cpu_start: cpu freq: 160000000 Hz[0m
[0;32mI (388) app_init: Application information:[0m
[0;32mI (391) app_init: Project name:     wifi_rtos[0m
[0;32mI (396) app_init: App version:      60e9f13-dirty[0m
[0;32mI (401) app_init: Compile time:     Nov  6 2024 22:06:38[0m
[0;32mI (407) app_init: ELF file SHA256:  2c2f6ca21a376827...[0m
[0;32mI (413) app_init: ESP-IDF:          v5.3.1-dirty[0m
[0;32mI (419) efuse_init: Min chip rev:     v0.0[0m
[0;32mI (423) efuse_init: Max chip rev:     v3.99 [0m
[0;32mI (428) efuse_init: Chip rev:         v1.0[0m
[0;32mI (433) heap_init: Initializing. RAM available for dynamic allocation:[0m
[0;32mI (440) heap_init: At 3FFAE6E0 len 00001920 (6 KiB): DRAM[0m
[0;32mI (446) heap_init: At 3FFB83F8 len 00027C08 (159 KiB): DRAM[0m
[0;32mI (453) heap_init: At 3FFE0440 len 00003AE0 (14 KiB): D/IRAM[0m
[0;32mI (459) heap_init: At 3FFE4350 len 0001BCB0 (111 KiB): D/IRAM[0m
[0;32mI (465) heap_init: At 40098BB0 len 00007450 (29 KiB): IRAM[0m
[0;32mI (473) spi_flash: detected chip: gd[0m
[0;32mI (476) spi_flash: flash io: dio[0m
[0;33mW (480) spi_flash: Detected size(4096k) larger than the size in the binary image header(2048k). Using the size in the binary image header.[0m
[0;33mW (493) i2c: This driver is an old driver, please migrate your application code to adapt `driver/i2c_master.h`[0m
[0;32mI (504) main_task: Started on CPU0[0m
[0;32mI (514) main_task: Calling app_main()[0m
I (694) wifi:wifi driver task: 3ffbe294, prio:23, stack:6656, core=0
I (694) wifi:wifi firmware version: ccaebfa
I (694) wifi:wifi certification version: v7.0
I (694) wifi:config NVS flash: enabled
I (694) wifi:config nano formating: disabled
I (704) wifi:Init data frame dynamic rx buffer num: 32
I (704) wifi:Init static rx mgmt buffer num: 5
I (714) wifi:Init management short buffer num: 32
I (714) wifi:Init dynamic tx buffer num: 32
I (714) wifi:Init static rx buffer size: 1600
I (724) wifi:Init static rx buffer num: 10
I (724) wifi:Init dynamic rx buffer num: 32
[0;32mI (734) wifi_init: rx ba win: 6[0m
[0;32mI (734) wifi_init: accept mbox: 6[0m
[0;32mI (734) wifi_init: tcpip mbox: 32[0m
[0;32mI (744) wifi_init: udp mbox: 6[0m
[0;32mI (744) wifi_init: tcp mbox: 6[0m
[0;32mI (744) wifi_init: tcp tx win: 5744[0m
[0;32mI (754) wifi_init: tcp rx win: 5744[0m
[0;32mI (754) wifi_init: tcp mss: 1440[0m
[0;32mI (764) wifi_init: WiFi IRAM OP enabled[0m
[0;32mI (764) wifi_init: WiFi RX IRAM OP enabled[0m
[0;32mI (774) phy_init: phy_version 4830,54550f7,Jun 20 2024,14:22:08[0m
[0;33mW (774) phy_init: failed to load RF calibration data (0x1102), falling back to full calibration[0m
[0;33mW (854) phy_init: saving new calibration data because of checksum failure, mode(2)[0m
E (864) wifi:failed to post WiFi event=43 ret=259
I (864) wifi:mode : sta (b4:e6:2d:b1:e1:f9)
I (874) wifi:enable tsf
E (874) wifi:failed to post WiFi event=2 ret=259
[0;32mI (994) main_task: Returned from app_main()[0m
E (3404) wifi:failed to post WiFi event=1 ret=259
SSID: Manasa  RSSI: -65 dBm	MAC: 76:d6:56:57:94:92
SSID: Hariom.l1-4G  RSSI: -80 dBm	MAC: c0:a5:dd:1e:da:91
SSID: ACTFIBERNET  RSSI: -92 dBm	MAC: 3c:52:a1:6e:82:c2
SSID: Hariom R2  RSSI: -96 dBm	MAC: 3c:cd:57:6b:64:16
SSID: Galaxy M31CE7C  RSSI: -98 dBm	MAC: 9e:bb:f8:c1:39:32
------debug:TotalShops=4-------
Press 1->Puma

Press 2->Foreever21

Press 3->Nike

Press 4->UpdateDatabase
[0;32mI (5034) BTN: Waiting For Press.[0m
[0;32mI (5924) BTN: BTN Pressed Down.[0m
[0;32mI (6034) BTN: Short Press[0m
2
[0;32mI (6034) BTN: BTN Released.[0m
[0;32mI (7284) BTN: BTN Pressed Down.[0m
[0;32mI (7324) BTN: Short Press[0m
3
[0;32mI (7324) BTN: BTN Released.[0m
[0;32mI (8094) BTN: BTN Pressed Down.[0m
[0;32mI (9084) BTN: Long Press[0m

selected Nike store
Seleeeeeeeee = 3
yyyyyyyyyyyyyyyyyyyyyyyyyyyyyy 0 0 0 
-1000 -1000 -1000 
temp = 0	inde = -1	data =-1000	large = -1
temp = -1000	inde = -1	data =-1000	large = -1
temp = -1000	inde = -1	data =-1000	large = -1

present_ap = -1 , next_location_ap = 2

next_location_ap = 2
Magnetic data: X:116.58 mG, Y:-462.34 mG, Z:-136.23 mG
Heading = 216.409840
ets Jun  8 2016 00:22:57

rst:0x1 (POWERON_RESET),boot:0x17 (SPI_FAST_FLASH_BOOT)
configsip: 0, SPIWP:0xee
clk_drv:0x00,q_drv:0x00,d_drv:0x00,cs0_drv:0x00,hd_drv:0x00,wp_drv:0x00
mode:DIO, clock div:2
load:0x3fff0030,len:7176
load:0x40078000,len:15564
ho 0 tail 12 room 4
load:0x40080400,len:4
load:0x40080404,len:3904
entry 0x40080640
[0;32mI (30) boot: ESP-IDF v5.3.1-dirty 2nd stage bootloader[0m
[0;32mI (30) boot: compile time Nov  2 2024 18:17:21[0m
[0;32mI (30) boot: Multicore bootloader[0m
[0;32mI (35) boot: chip revision: v1.0[0m
[0;32mI (39) boot.esp32: SPI Speed      : 40MHz[0m
[0;32mI (43) boot.esp32: SPI Mode       : DIO[0m
[0;32mI (48) boot.esp32: SPI Flash Size : 2MB[0m
[0;32mI (52) boot: Enabling RNG early entropy source...[0m
[0;32mI (58) boot: Partition Table:[0m
[0;32mI (61) boot: ## Label            Usage          Type ST Offset   Length[0m
[0;32mI (69) boot:  0 nvs              WiFi data        01 02 00009000 00006000[0m
[0;32mI (76) boot:  1 phy_init         RF data          01 01 0000f000 00001000[0m
[0;32mI (84) boot:  2 factory          factory app      00 00 00010000 00100000[0m
[0;32mI (91) boot: End of partition table[0m
[0;32mI (95) esp_image: segment 0: paddr=00010020 vaddr=3f400020 size=1d424h (119844) map[0m
[0;32mI (145) esp_image: segment 1: paddr=0002d44c vaddr=3ffb0000 size=02bcch ( 11212) load[0m
[0;32mI (149) esp_image: segment 2: paddr=00030020 vaddr=400d0020 size=715a4h (464292) map[0m
[0;32mI (310) esp_image: segment 3: paddr=000a15cc vaddr=3ffb2bcc size=0170ch (  5900) load[0m
[0;32mI (312) esp_image: segment 4: paddr=000a2ce0 vaddr=40080000 size=18bb0h (101296) load[0m
[0;32mI (367) boot: Loaded app from partition at offset 0x10000[0m
[0;32mI (368) boot: Disabling RNG early entropy source...[0m
[0;32mI (380) cpu_start: Multicore app[0m
[0;32mI (388) cpu_start: Pro cpu start user code[0m
[0;32mI (388) cpu_start: cpu freq: 160000000 Hz[0m
[0;32mI (388) app_init: Application information:[0m
[0;32mI (391) app_init: Project name:     wifi_rtos[0m
[0;32mI (396) app_init: App version:      60e9f13-dirty[0m
[0;32mI (401) app_init: Compile time:     Nov  6 2024 22:06:38[0m
[0;32mI (407) app_init: ELF file SHA256:  2c2f6ca21a376827...[0m
[0;32mI (413) app_init: ESP-IDF:          v5.3.1-dirty[0m
[0;32mI (419) efuse_init: Min chip rev:     v0.0[0m
[0;32mI (423) efuse_init: Max chip rev:     v3.99 [0m
[0;32mI (428) efuse_init: Chip rev:         v1.0[0m
[0;32mI (433) heap_init: Initializing. RAM available for dynamic allocation:[0m
[0;32mI (440) heap_init: At 3FFAE6E0 len 00001920 (6 KiB): DRAM[0m
[0;32mI (446) heap_init: At 3FFB83F8 len 00027C08 (159 KiB): DRAM[0m
[0;32mI (453) heap_init: At 3FFE0440 len 00003AE0 (14 KiB): D/IRAM[0m
[0;32mI (459) heap_init: At 3FFE4350 len 0001BCB0 (111 KiB): D/IRAM[0m
[0;32mI (465) heap_init: At 40098BB0 len 00007450 (29 KiB): IRAM[0m
[0;32mI (473) spi_flash: detected chip: gd[0m
[0;32mI (476) spi_flash: flash io: dio[0m
[0;33mW (480) spi_flash: Detected size(4096k) larger than the size in the binary image header(2048k). Using the size in the binary image header.[0m
[0;33mW (493) i2c: This driver is an old driver, please migrate your application code to adapt `driver/i2c_master.h`[0m
[0;32mI (504) main_task: Started on CPU0[0m
[0;32mI (514) main_task: Calling app_main()[0m
I (694) wifi:wifi driver task: 3ffbe294, prio:23, stack:6656, core=0
I (694) wifi:wifi firmware version: ccaebfa
I (694) wifi:wifi certification version: v7.0
I (694) wifi:config NVS flash: enabled
I (694) wifi:config nano formating: disabled
I (704) wifi:Init data frame dynamic rx buffer num: 32
I (704) wifi:Init static rx mgmt buffer num: 5
I (714) wifi:Init management short buffer num: 32
I (714) wifi:Init dynamic tx buffer num: 32
I (714) wifi:Init static rx buffer size: 1600
I (724) wifi:Init static rx buffer num: 10
I (724) wifi:Init dynamic rx buffer num: 32
[0;32mI (734) wifi_init: rx ba win: 6[0m
[0;32mI (734) wifi_init: accept mbox: 6[0m
[0;32mI (734) wifi_init: tcpip mbox: 32[0m
[0;32mI (744) wifi_init: udp mbox: 6[0m
[0;32mI (744) wifi_init: tcp mbox: 6[0m
[0;32mI (744) wifi_init: tcp tx win: 5744[0m
[0;32mI (754) wifi_init: tcp rx win: 5744[0m
[0;32mI (754) wifi_init: tcp mss: 1440[0m
[0;32mI (764) wifi_init: WiFi IRAM OP enabled[0m
[0;32mI (764) wifi_init: WiFi RX IRAM OP enabled[0m
[0;32mI (774) phy_init: phy_version 4830,54550f7,Jun 20 2024,14:22:08[0m
[0;33mW (774) phy_init: failed to load RF calibration data (0x1102), falling back to full calibration[0m
[0;33mW (854) phy_init: saving new calibration data because of checksum failure, mode(2)[0m
E (864) wifi:failed to post WiFi event=43 ret=259
I (864) wifi:mode : sta (b4:e6:2d:b1:e1:f9)
I (864) wifi:enable tsf
E (864) wifi:failed to post WiFi event=2 ret=259
[0;32mI (994) main_task: Returned from app_main()[0m
E (3404) wifi:failed to post WiFi event=1 ret=259
SSID: Manasa  RSSI: -67 dBm	MAC: 76:d6:56:57:94:92
SSID: Hariom.l1-4G  RSSI: -77 dBm	MAC: c0:a5:dd:1e:da:91
SSID: ACTFIBERNET  RSSI: -97 dBm	MAC: 3c:52:a1:6e:82:c2
SSID: Hariom R2  RSSI: -97 dBm	MAC: 3c:cd:57:6b:64:16
SSID: Galaxy M31CE7C  RSSI: -98 dBm	MAC: 9e:bb:f8:c1:39:32
------debug:TotalShops=4-------
Press 1->Puma

Press 2->Foreever21

Press 3->Nike

Press 4->UpdateDatabase
[0;32mI (5034) BTN: Waiting For Press.[0m
[0;32mI (5804) BTN: BTN Pressed Down.[0m
[0;32mI (5954) BTN: Short Press[0m
2
[0;32mI (5954) BTN: BTN Released.[0m
[0;32mI (6604) BTN: BTN Pressed Down.[0m
[0;32mI (6674) BTN: Short Press[0m
3
[0;32mI (6674) BTN: BTN Released.[0m
[0;32mI (8164) BTN: BTN Pressed Down.[0m
[0;32mI (8214) BTN: Short Press[0m
4
[0;32mI (8214) BTN: BTN Released.[0m
[0;32mI (9104) BTN: BTN Pressed Down.[0m
[0;32mI (10094) BTN: Long Press[0m

select from above listed stores
Seleeeeeeeee = 1073415720
yyyyyyyyyyyyyyyyyyyyyyyyyyyyyy 0 0 0 
-1000 -1000 -1000 
temp = 0	inde = -1	data =-1000	large = -1
temp = -1000	inde = -1	data =-1000	large = -1
temp = -1000	inde = -1	data =-1000	large = -1

present_ap = -1 , next_location_ap = 1073415719

next_location_ap = 1073415719
Magnetic data: X:172.73 mG, Y:-418.52 mG, Z:-157.29 mG
Heading = 224.681413
E (14224) wifi:failed to post WiFi event=1 ret=259
SSID: Manasa  RSSI: -65 dBm	MAC: 76:d6:56:57:94:92
SSID: Hariom.l1-4G  RSSI: -83 dBm	MAC: c0:a5:dd:1e:da:91
SSID: ACTFIBERNET  RSSI: -94 dBm	MAC: 3c:52:a1:6e:82:c2
SSID: Hariom R2  RSSI: -96 dBm	MAC: 3c:cd:57:6b:64:16
-1000 -1000 -1000 
temp = -1000	inde = -1	data =-1000	large = -1
temp = -1000	inde = -1	data =-1000	large = -1
temp = -1000	inde = -1	data =-1000	large = -1
Moving
Heading = 224.681413	-1.000000
left
Magnetic data: X:167.24 mG, Y:-414.25 mG, Z:-162.48 mG
Heading = 224.239392
E (16754) wifi:failed to post WiFi event=1 ret=259
SSID: Manasa  RSSI: -67 dBm	MAC: 76:d6:56:57:94:92
SSID: Hariom.l1-4G  RSSI: -83 dBm	MAC: c0:a5:dd:1e:da:91
SSID: Hariom R2  RSSI: -95 dBm	MAC: 3c:cd:57:6b:64:16
SSID: ACTFIBERNET  RSSI: -96 dBm	MAC: 3c:52:a1:6e:82:c2
-1000 -1000 -1000 
temp = -1000	inde = -1	data =-1000	large = -1
temp = -1000	inde = -1	data =-1000	large = -1
temp = -1000	inde = -1	data =-1000	large = -1
Moving
Heading = 224.239392	-1.000000
left
Magnetic data: X:160.83 mG, Y:-428.89 mG, Z:-149.35 mG
Heading = 222.810549
ets Jun  8 2016 00:22:57

rst:0x1 (POWERON_RESET),boot:0x17 (SPI_FAST_FLASH_BOOT)
configsip: 0, SPIWP:0xee
clk_drv:0x00,q_drv:0x00,d_drv:0x00,cs0_drv:0x00,hd_drv:0x00,wp_drv:0x00
mode:DIO, clock div:2
load:0x3fff0030,len:7176
load:0x40078000,len:15564
ho 0 tail 12 room 4
load:0x40080400,len:4
load:0x40080404,len:3904
entry 0x40080640
[0;32mI (30) boot: ESP-IDF v5.3.1-dirty 2nd stage bootloader[0m
[0;32mI (30) boot: compile time Nov  2 2024 18:17:21[0m
[0;32mI (30) boot: Multicore bootloader[0m
[0;32mI (35) boot: chip revision: v1.0[0m
[0;32mI (39) boot.esp32: SPI Speed      : 40MHz[0m
[0;32mI (43) boot.esp32: SPI Mode       : DIO[0m
[0;32mI (48) boot.esp32: SPI Flash Size : 2MB[0m
[0;32mI (52) boot: Enabling RNG early entropy source...[0m
[0;32mI (58) boot: Partition Table:[0m
[0;32mI (61) boot: ## Label            Usage          Type ST Offset   Length[0m
[0;32mI (69) boot:  0 nvs              WiFi data        01 02 00009000 00006000[0m
[0;32mI (76) boot:  1 phy_init         RF data          01 01 0000f000 00001000[0m
[0;32mI (84) boot:  2 factory          factory app      00 00 00010000 00100000[0m
[0;32mI (91) boot: End of partition table[0m
[0;32mI (95) esp_image: segment 0: paddr=00010020 vaddr=3f400020 size=1d424h (119844) map[0m
[0;32mI (145) esp_image: segment 1: paddr=0002d44c vaddr=3ffb0000 size=02bcch ( 11212) load[0m
[0;32mI (149) esp_image: segment 2: paddr=00030020 vaddr=400d0020 size=715a4h (464292) map[0m
[0;32mI (310) esp_image: segment 3: paddr=000a15cc vaddr=3ffb2bcc size=0170ch (  5900) load[0m
[0;32mI (312) esp_image: segment 4: paddr=000a2ce0 vaddr=40080000 size=18bb0h (101296) load[0m
[0;32mI (367) boot: Loaded app from partition at offset 0x10000[0m
[0;32mI (368) boot: Disabling RNG early entropy source...[0m
[0;32mI (380) cpu_start: Multicore app[0m
[0;32mI (388) cpu_start: Pro cpu start user code[0m
[0;32mI (388) cpu_start: cpu freq: 160000000 Hz[0m
[0;32mI (388) app_init: Application information:[0m
[0;32mI (391) app_init: Project name:     wifi_rtos[0m
[0;32mI (396) app_init: App version:      60e9f13-dirty[0m
[0;32mI (401) app_init: Compile time:     Nov  6 2024 22:06:38[0m
[0;32mI (407) app_init: ELF file SHA256:  2c2f6ca21a376827...[0m
[0;32mI (413) app_init: ESP-IDF:          v5.3.1-dirty[0m
[0;32mI (419) efuse_init: Min chip rev:     v0.0[0m
[0;32mI (423) efuse_init: Max chip rev:     v3.99 [0m
[0;32mI (428) efuse_init: Chip rev:         v1.0[0m
[0;32mI (433) heap_init: Initializing. RAM available for dynamic allocation:[0m
[0;32mI (440) heap_init: At 3FFAE6E0 len 00001920 (6 KiB): DRAM[0m
[0;32mI (446) heap_init: At 3FFB83F8 len 00027C08 (159 KiB): DRAM[0m
[0;32mI (453) heap_init: At 3FFE0440 len 00003AE0 (14 KiB): D/IRAM[0m
[0;32mI (459) heap_init: At 3FFE4350 len 0001BCB0 (111 KiB): D/IRAM[0m
[0;32mI (465) heap_init: At 40098BB0 len 00007450 (29 KiB): IRAM[0m
[0;32mI (473) spi_flash: detected chip: gd[0m
[0;32mI (476) spi_flash: flash io: dio[0m
[0;33mW (480) spi_flash: Detected size(4096k) larger than the size in the binary image header(2048k). Using the size in the binary image header.[0m
[0;33mW (493) i2c: This driver is an old driver, please migrate your application code to adapt `driver/i2c_master.h`[0m
[0;32mI (504) main_task: Started on CPU0[0m
[0;32mI (514) main_task: Calling app_main()[0m
I (694) wifi:wifi driver task: 3ffbe294, prio:23, stack:6656, core=0
I (694) wifi:wifi firmware version: ccaebfa
I (694) wifi:wifi certification version: v7.0
I (694) wifi:config NVS flash: enabled
I (694) wifi:config nano formating: disabled
I (704) wifi:Init data frame dynamic rx buffer num: 32
I (704) wifi:Init static rx mgmt buffer num: 5
I (714) wifi:Init management short buffer num: 32
I (714) wifi:Init dynamic tx buffer num: 32
I (714) wifi:Init static rx buffer size: 1600
I (724) wifi:Init static rx buffer num: 10
I (724) wifi:Init dynamic rx buffer num: 32
[0;32mI (734) wifi_init: rx ba win: 6[0m
[0;32mI (734) wifi_init: accept mbox: 6[0m
[0;32mI (734) wifi_init: tcpip mbox: 32[0m
[0;32mI (744) wifi_init: udp mbox: 6[0m
[0;32mI (744) wifi_init: tcp mbox: 6[0m
[0;32mI (744) wifi_init: tcp tx win: 5744[0m
[0;32mI (754) wifi_init: tcp rx win: 5744[0m
[0;32mI (754) wifi_init: tcp mss: 1440[0m
[0;32mI (764) wifi_init: WiFi IRAM OP enabled[0m
[0;32mI (764) wifi_init: WiFi RX IRAM OP enabled[0m
[0;32mI (774) phy_init: phy_version 4830,54550f7,Jun 20 2024,14:22:08[0m
[0;33mW (774) phy_init: failed to load RF calibration data (0x1102), falling back to full calibration[0m
[0;33mW (854) phy_init: saving new calibration data because of checksum failure, mode(2)[0m
E (864) wifi:failed to post WiFi event=43 ret=259
I (864) wifi:mode : sta (b4:e6:2d:b1:e1:f9)
I (864) wifi:enable tsf
E (864) wifi:failed to post WiFi event=2 ret=259
[0;32mI (994) main_task: Returned from app_main()[0m
E (3404) wifi:failed to post WiFi event=1 ret=259
SSID: Manasa  RSSI: -59 dBm	MAC: 76:d6:56:57:94:92
SSID: Hariom.l1-4G  RSSI: -75 dBm	MAC: c0:a5:dd:1e:da:91
SSID: ACTFIBERNET  RSSI: -93 dBm	MAC: 3c:52:a1:6e:82:c2
SSID: Hariom R2  RSSI: -95 dBm	MAC: 3c:cd:57:6b:64:16
SSID: Dream Spoon  RSSI: -95 dBm	MAC: f0:a7:31:f7:6e:18
------debug:TotalShops=4-------
Press 1->Puma

Press 2->Foreever21

Press 3->Nike

Press 4->UpdateDatabase
[0;32mI (5034) BTN: Waiting For Press.[0m
[0;32mI (6644) BTN: BTN Pressed Down.[0m
[0;32mI (6744) BTN: Short Press[0m
2
[0;32mI (6744) BTN: BTN Released.[0m
[0;32mI (8044) BTN: BTN Pressed Down.[0m
[0;32mI (8134) BTN: Short Press[0m
3
[0;32mI (8134) BTN: BTN Released.[0m
[0;32mI (8664) BTN: BTN Pressed Down.[0m
[0;32mI (8754) BTN: Short Press[0m
4
[0;32mI (8754) BTN: BTN Released.[0m
[0;32mI (9284) BTN: BTN Pressed Down.[0m
[0;32mI (9304) BTN: Short Press[0m
1
[0;32mI (9304) BTN: BTN Released.[0m
