eï¿½) boot.esp32: SPets Jun  8 2016 00:22:57

rst:0x1 (POWERON_RESET),boot:0x17 (SPI_FAST_FLASH_BOOT)
configsip: 0, SPIWP:0xee
clk_drv:0x00,q_drv:0x00,d_drv:0x00,cs0_drv:0x00,hd_drv:0x00,wp_drv:0x00
mode:DIO, clock div:2
load:0x3fff0030,len:7176
load:0x40078000,len:15564
ho 0 tail 12 room 4
load:0x40080400,len:4
load:0x40080404,len:3904
entry 0x40080640
[0;32mI (30) boot: ESP-IDF v5.3.1-dirty 2nd stage bootloader[0m
[0;32mI (30) boot: compile time Nov  2 2024 18:17:21[0m
[0;32mI (30) boot: Multicore bootloader[0m
[0;32mI (35) boot: chip revision: v1.0[0m
[0;32mI (39) boot.esp32: SPI Speed      : 40MHz[0m
[0;32mI (43) boot.esp32: SPI Mode       : DIO[0m
[0;32mI (48) boot.esp32: SPI Flash Size : 2MB[0m
[0;32mI (52) boot: Enabling RNG early entropy source...[0m
[0;32mI (58) boot: Partition Table:[0m
[0;32mI (61) boot: ## Label            Usage          Type ST Offset   Length[0m
[0;32mI (69) boot:  0 nvs              WiFi data        01 02 00009000 00006000[0m
[0;32mI (76) boot:  1 phy_init         RF data          01 01 0000f000 00001000[0m
[0;32mI (84) boot:  2 factory          factory app      00 00 00010000 00100000[0m
[0;32mI (91) boot: End of partition table[0m
[0;32mI (95) esp_image: segment 0: paddr=00010020 vaddr=3f400020 size=1d3f4h (119796) map[0m
[0;32mI (145) esp_image: segment 1: paddr=0002d41c vaddr=3ffb0000 size=02bfch ( 11260) load[0m
[0;32mI (149) esp_image: segment 2: paddr=00030020 vaddr=400d0020 size=71430h (463920) map[0m
[0;32mI (310) esp_image: segment 3: paddr=000a1458 vaddr=3ffb2bfc size=0166ch (  5740) load[0m
[0;32mI (312) esp_image: segment 4: paddr=000a2acc vaddr=40080000 size=18bb0h (101296) load[0m
[0;32mI (367) boot: Loaded app from partition at offset 0x10000[0m
[0;32mI (368) boot: Disabling RNG early entropy source...[0m
[0;32mI (380) cpu_start: Multicore app[0m
[0;32mI (388) cpu_start: Pro cpu start user code[0m
[0;32mI (388) cpu_start: cpu freq: 160000000 Hz[0m
[0;32mI (388) app_init: Application information:[0m
[0;32mI (391) app_init: Project name:     wifi_rtos[0m
[0;32mI (396) app_init: App version:      1[0m
[0;32mI (400) app_init: Compile time:     Nov  2 2024 18:13:49[0m
[0;32mI (406) app_init: ELF file SHA256:  54b3c20673d4f771...[0m
[0;32mI (412) app_init: ESP-IDF:          v5.3.1-dirty[0m
[0;32mI (417) efuse_init: Min chip rev:     v0.0[0m
[0;32mI (422) efuse_init: Max chip rev:     v3.99 [0m
[0;32mI (427) efuse_init: Chip rev:         v1.0[0m
[0;32mI (432) heap_init: Initializing. RAM available for dynamic allocation:[0m
[0;32mI (439) heap_init: At 3FFAE6E0 len 00001920 (6 KiB): DRAM[0m
[0;32mI (445) heap_init: At 3FFB8358 len 00027CA8 (159 KiB): DRAM[0m
[0;32mI (451) heap_init: At 3FFE0440 len 00003AE0 (14 KiB): D/IRAM[0m
[0;32mI (458) heap_init: At 3FFE4350 len 0001BCB0 (111 KiB): D/IRAM[0m
[0;32mI (464) heap_init: At 40098BB0 len 00007450 (29 KiB): IRAM[0m
[0;32mI (472) spi_flash: detected chip: gd[0m
[0;32mI (475) spi_flash: flash io: dio[0m
[0;33mW (479) spi_flash: Detected size(4096k) larger than the size in the binary image header(2048k). Using the size in the binary image header.[0m
[0;33mW (492) i2c: This driver is an old driver, please migrate your application code to adapt `driver/i2c_master.h`[0m
[0;32mI (503) main_task: Started on CPU0[0m
[0;32mI (513) main_task: Calling app_main()[0m
I (663) wifi:wifi driver task: 3ffbe1f4, prio:23, stack:6656, core=0
I (663) wifi:wifi firmware version: ccaebfa
I (663) wifi:wifi certification version: v7.0
I (663) wifi:config NVS flash: enabled
I (663) wifi:config nano formating: disabled
I (673) wifi:Init data frame dynamic rx buffer num: 32
I (673) wifi:Init static rx mgmt buffer num: 5
I (683) wifi:Init management short buffer num: 32
I (683) wifi:Init dynamic tx buffer num: 32
I (683) wifi:Init static rx buffer size: 1600
I (693) wifi:Init static rx buffer num: 10
I (693) wifi:Init dynamic rx buffer num: 32
[0;32mI (703) wifi_init: rx ba win: 6[0m
[0;32mI (703) wifi_init: accept mbox: 6[0m
[0;32mI (703) wifi_init: tcpip mbox: 32[0m
[0;32mI (713) wifi_init: udp mbox: 6[0m
[0;32mI (713) wifi_init: tcp mbox: 6[0m
[0;32mI (713) wifi_init: tcp tx win: 5744[0m
[0;32mI (723) wifi_init: tcp rx win: 5744[0m
[0;32mI (723) wifi_init: tcp mss: 1440[0m
[0;32mI (733) wifi_init: WiFi IRAM OP enabled[0m
[0;32mI (733) wifi_init: WiFi RX IRAM OP enabled[0m
[0;32mI (743) phy_init: phy_version 4830,54550f7,Jun 20 2024,14:22:08[0m
[0;33mW (743) phy_init: failed to load RF calibration data (0x1102), falling back to full calibration[0m
[0;33mW (823) phy_init: saving new calibration data because of checksum failure, mode(2)[0m
E (833) wifi:failed to post WiFi event=43 ret=259
I (833) wifi:mode : sta (b4:e6:2d:b1:e1:f9)
I (843) wifi:enable tsf
E (843) wifi:failed to post WiFi event=2 ret=259
[0;31mE (843) i2cdev: Could not read from device [0x0d at 0]: -1 (ESP_FAIL)[0m
ESP_ERROR_CHECK failed: esp_err_t 0xffffffff (ESP_FAIL) at 0x400d7799
file: "./main/magnetometer.c" line 17
func: Sensor_Config
expression: qmc5883l_set_mode(&dev, QMC5883L_MODE_CONTINUOUS)

abort() was called at PC 0x4008acd7 on core 0


Backtrace: 0x40081b9a:0x3ffba520 0x4008ace1:0x3ffba540 0x400929a9:0x3ffba560 0x4008acd7:0x3ffba5d0 0x400d7799:0x3ffba600 0x400d755e:0x3ffba620 0x4013f3eb:0x3ffba650 0x4008b7fd:0x3ffba680




ELF file SHA256: 54b3c20673d4f771

Rebooting...
ets Jun  8 2016 00:22:57

rst:0xc (SW_CPU_RESET),boot:0x17 (SPI_FAST_FLASH_BOOT)
configsip: 0, SPIWP:0xee
clk_drv:0x00,q_drv:0x00,d_drv:0x00,cs0_drv:0x00,hd_drv:0x00,wp_drv:0x00
mode:DIO, clock div:2
load:0x3fff0030,len:7176
load:0x40078000,len:15564
ho 0 tail 12 room 4
load:0x40080400,len:4
load:0x40080404,len:3904
entry 0x40080640
[0;32mI (31) boot: ESP-IDF v5.3.1-dirty 2nd stage bootloader[0m
[0;32mI (31) boot: compile time Nov  2 2024 18:17:21[0m
[0;32mI (31) boot: Multicore bootloader[0m
[0;32mI (36) boot: chip revision: v1.0[0m
[0;32mI (40) boot.esp32: SPI Speed      : 40MHz[0m
[0;32mI (44) boot.esp32: SPI Mode       : DIO[0m
[0;32mI (49) boot.esp32: SPI Flash Size : 2MB[0m
[0;32mI (53) boot: Enabling RNG early entropy source...[0m
[0;32mI (59) boot: Partition Table:[0m
[0;32mI (62) boot: ## Label            Usage          Type ST Offset   Length[0m
[0;32mI (70) boot:  0 nvs              WiFi data        01 02 00009000 00006000[0m
[0;32mI (77) boot:  1 phy_init         RF data          01 01 0000f000 00001000[0m
[0;32mI (84) boot:  2 factory          factory app      00 00 00010000 00100000[0m
[0;32mI (92) boot: End of partition table[0m
[0;32mI (96) esp_image: segment 0: paddr=00010020 vaddr=3f400020 size=1d3f4h (119796) map[0m
[0;32mI (146) esp_image: segment 1: paddr=0002d41c vaddr=3ffb0000 size=02bfch ( 11260) load[0m
[0;32mI (150) esp_image: segment 2: paddr=00030020 vaddr=400d0020 size=71430h (463920) map[0m
[0;32mI (310) esp_image: segment 3: paddr=000a1458 vaddr=3ffb2bfc size=0166ch (  5740) load[0m
[0;32mI (313) esp_image: segment 4: paddr=000a2acc vaddr=40080000 size=18bb0h (101296) load[0m
[0;32mI (368) boot: Loaded app from partition at offset 0x10000[0m
[0;32mI (368) boot: Disabling RNG early entropy source...[0m
[0;32mI (380) cpu_start: Multicore app[0m
[0;32mI (389) cpu_start: Pro cpu start user code[0m
[0;32mI (389) cpu_start: cpu freq: 160000000 Hz[0m
[0;32mI (389) app_init: Application information:[0m
[0;32mI (392) app_init: Project name:     wifi_rtos[0m
[0;32mI (397) app_init: App version:      1[0m
[0;32mI (401) app_init: Compile time:     Nov  2 2024 18:13:49[0m
[0;32mI (407) app_init: ELF file SHA256:  54b3c20673d4f771...[0m
[0;32mI (413) app_init: ESP-IDF:          v5.3.1-dirty[0m
[0;32mI (418) efuse_init: Min chip rev:     v0.0[0m
[0;32mI (423) efuse_init: Max chip rev:     v3.99 [0m
[0;32mI (428) efuse_init: Chip rev:         v1.0[0m
[0;32mI (433) heap_init: Initializing. RAM available for dynamic allocation:[0m
[0;32mI (440) heap_init: At 3FFAE6E0 len 00001920 (6 KiB): DRAM[0m
[0;32mI (446) heap_init: At 3FFB8358 len 00027CA8 (159 KiB): DRAM[0m
[0;32mI (452) heap_init: At 3FFE0440 len 00003AE0 (14 KiB): D/IRAM[0m
[0;32mI (459) heap_init: At 3FFE4350 len 0001BCB0 (111 KiB): D/IRAM[0m
[0;32mI (465) heap_init: At 40098BB0 len 00007450 (29 KiB): IRAM[0m
[0;32mI (473) spi_flash: detected chip: gd[0m
[0;32mI (475) spi_flash: flash io: dio[0m
[0;33mW (479) spi_flash: Detected size(4096k) larger than the size in the binary image header(2048k). Using the size in the binary image header.[0m
[0;33mW (493) i2c: This driver is an old driver, please migrate your application code to adapt `driver/i2c_master.h`[0m
[0;32mI (504) main_task: Started on CPU0[0m
[0;32mI (514) main_task: Calling app_main()[0m
I (694) wifi:wifi driver task: 3ffbe1f4, prio:23, stack:6656, core=0
I (694) wifi:wifi firmware version: ccaebfa
I (694) wifi:wifi certification version: v7.0
I (694) wifi:config NVS flash: enabled
I (694) wifi:config nano formating: disabled
I (704) wifi:Init data frame dynamic rx buffer num: 32
I (704) wifi:Init static rx mgmt buffer num: 5
I (714) wifi:Init management short buffer num: 32
I (714) wifi:Init dynamic tx buffer num: 32
I (714) wifi:Init static rx buffer size: 1600
I (724) wifi:Init static rx buffer num: 10
I (724) wifi:Init dynamic rx buffer num: 32
[0;32mI (734) wifi_init: rx ba win: 6[0m
[0;32mI (734) wifi_init: accept mbox: 6[0m
[0;32mI (734) wifi_init: tcpip mbox: 32[0m
[0;32mI (744) wifi_init: udp mbox: 6[0m
[0;32mI (744) wifi_init: tcp mbox: 6[0m
[0;32mI (744) wifi_init: tcp tx win: 5744[0m
[0;32mI (754) wifi_init: tcp rx win: 5744[0m
[0;32mI (754) wifi_init: tcp mss: 1440[0m
[0;32mI (764) wifi_init: WiFi IRAM OP enabled[0m
[0;32mI (764) wifi_init: WiFi RX IRAM OP enabled[0m
[0;32mI (774) phy_init: phy_version 4830,54550f7,Jun 20 2024,14:22:08[0m
[0;33mW (774) phy_init: failed to load RF calibration data (0x1102), falling back to full calibration[0m
[0;33mW (854) phy_init: saving new calibration data because of checksum failure, mode(2)[0m
E (864) wifi:failed to post WiFi event=43 ret=259
I (864) wifi:mode : sta (b4:e6:2d:b1:e1:f9)
I (874) wifi:enable tsf
E (874) wifi:failed to post WiFi event=2 ret=259
[0;31mE (874) i2cdev: Could not read from device [0x0d at 0]: -1 (ESP_FAIL)[0m
ESP_ERROR_CHECK failed: esp_err_t 0xffffffff (ESP_FAIL) at 0x400d7799
file: "./main/magnetometer.c" line 17
func: Sensor_Config
expression: qmc5883l_set_mode(&dev, QMC5883L_MODE_CONTINUOUS)

abort() was called at PC 0x4008acd7 on core 0


Backtrace: 0x40081b9a:0x3ffba520 0x4008ace1:0x3ffba540 0x400929a9:0x3ffba560 0x4008acd7:0x3ffba5d0 0x400d7799:0x3ffba600 0x400d755e:0x3ffba620 0x4013f3eb:0x3ffba650 0x4008b7fd:0x3ffba680




ELF file SHA256: 54b3c20673d4f771

Rebooting...
ets Jun  8 2016 00:22:57

rst:0xc (SW_CPU_RESET),boot:0x17 (SPI_FAST_FLASH_BOOT)
configsip: 0, SPIWP:0xee
clk_drv:0x00,q_drv:0x00,d_drv:0x00,cs0_drv:0x00,hd_drv:0x00,wp_drv:0x00
mode:DIO, clock div:2
load:0x3fff0030,len:7176
load:0x40078000,len:15564
ho 0 tail 12 room 4
load:0x40080400,len:4
load:0x40080404,len:3904
entry 0x40080640
[0;32mI (31) boot: ESP-IDF v5.3.1-dirty 2nd stage bootloader[0m
[0;32mI (31) boot: compile time Nov  2 2024 18:17:21[0m
[0;32mI (31) boot: Multicore bootloader[0m
[0;32mI (36) boot: chip revision: v1.0[0m
[0;32mI (40) boot.esp32: SPI Speed      : 40MHz[0m
[0;32mI (44) boot.esp32: SPI Mode       : DIO[0m
[0;32mI (49) boot.esp32: SPI Flash Size : 2MB[0m
[0;32mI (53) boot: Enabling RNG early entropy source...[0m
[0;32mI (59) boot: Partition Table:[0m
[0;32mI (62) boot: ## Label            Usage          Type ST Offset   Length[0m
[0;32mI (70) boot:  0 nvs              WiFi data        01 02 00009000 00006000[0m
[0;32mI (77) boot:  1 phy_init         RF data          01 01 0000f000 00001000[0m
[0;32mI (84) boot:  2 factory          factory app      00 00 00010000 00100000[0m
[0;32mI (92) boot: End of partition table[0m
[0;32mI (96) esp_image: segment 0: paddr=00010020 vaddr=3f400020 size=1d3f4h (119796) map[0m
[0;32mI (146) esp_image: segment 1: paddr=0002d41c vaddr=3ffb0000 size=02bfch ( 11260) load[0m
[0;32mI (150) esp_image: segment 2: paddr=00030020 vaddr=400d0020 size=71430h (463920) map[0m
[0;32mI (310) esp_image: segment 3: paddr=000a1458 vaddr=3ffb2bfc size=0166ch (  5740) load[0m
[0;32mI (313) esp_image: segment 4: paddr=000a2acc vaddr=40080000 size=18bb0h (101296) load[0m
[0;32mI (368) boot: Loaded app from partition at offset 0x10000[0m
[0;32mI (368) boot: Disabling RNG early entropy source...[0m
[0;32mI (380) cpu_start: Multicore app[0m
[0;32mI (389) cpu_start: Pro cpu start user code[0m
[0;32mI (389) cpu_start: cpu freq: 160000000 Hz[0m
[0;32mI (389) app_init: Application information:[0m
[0;32mI (392) app_init: Project name:     wifi_rtos[0m
[0;32mI (397) app_init: App version:      1[0m
[0;32mI (401) app_init: Compile time:     Nov  2 2024 18:13:49[0m
[0;32mI (407) app_init: ELF file SHA256:  54b3c20673d4f771...[0m
[0;32mI (413) app_init: ESP-IDF:          v5.3.1-dirty[0m
[0;32mI (418) efuse_init: Min chip rev:     v0.0[0m
[0;32mI (423) efuse_init: Max chip rev:     v3.99 [0m
[0;32mI (428) efuse_init: Chip rev:         v1.0[0m
[0;32mI (433) heap_init: Initializing. RAM available for dynamic allocation:[0m
[0;32mI (440) heap_init: At 3FFAE6E0 len 00001920 (6 KiB): DRAM[0m
[0;32mI (446) heap_init: At 3FFB8358 len 00027CA8 (159 KiB): DRAM[0m
[0;32mI (452) heap_init: At 3FFE0440 len 00003AE0 (14 KiB): D/IRAM[0m
[0;32mI (459) heap_init: At 3FFE4350 len 0001BCB0 (111 KiB): D/IRAM[0m
[0;32mI (465) heap_init: At 40098BB0 len 00007450 (29 KiB): IRAM[0m
[0;32mI (473) spi_flash: detected chip: gd[0m
[0;32mI (475) spi_flash: flash io: dio[0m
[0;33mW (479) spi_flash: Detected size(4096k) larger than the size in the binary image header(2048k). Using the size in the binary image header.[0m
[0;33mW (493) i2c: This driver is an old driver, please migrate your application code to adapt `driver/i2c_master.h`[0m
[0;32mI (504) main_task: Started on CPU0[0m
[0;32mI (514) main_task: Calling app_main()[0m
I (694) wifi:wifi driver task: 3ffbe1f4, prio:23, stack:6656, core=0
I (694) wifi:wifi firmware version: ccaebfa
I (694) wifi:wifi certification version: v7.0
I (694) wifi:config NVS flash: enabled
I (694) wifi:config nano formating: disabled
I (704) wifi:Init data frame dynamic rx buffer num: 32
I (704) wifi:Init static rx mgmt buffer num: 5
I (714) wifi:Init management short buffer num: 32
I (714) wifi:Init dynamic tx buffer num: 32
I (714) wifi:Init static rx buffer size: 1600
I (724) wifi:Init static rx buffer num: 10
I (724) wifi:Init dynamic rx buffer num: 32
[0;32mI (734) wifi_init: rx ba win: 6[0m
[0;32mI (734) wifi_init: accept mbox: 6[0m
[0;32mI (734) wifi_init: tcpip mbox: 32[0m
[0;32mI (744) wifi_init: udp mbox: 6[0m
[0;32mI (744) wifi_init: tcp mbox: 6[0m
[0;32mI (744) wifi_init: tcp tx win: 5744[0m
[0;32mI (754) wifi_init: tcp rx win: 5744[0m
[0;32mI (754) wifi_init: tcp mss: 1440[0m
[0;32mI (764) wifi_init: WiFi IRAM OP enabled[0m
[0;32mI (764) wifi_init: WiFi RX IRAM OP enabled[0m
[0;32mI (774) phy_init: phy_version 4830,54550f7,Jun 20 2024,14:22:08[0m
[0;33mW (774) phy_init: failed to load RF calibration data (0x1102), falling back to full calibration[0m
[0;33mW (854) phy_init: saving new calibration data because of checksum failure, mode(2)[0m
E (864) wifi:failed to post WiFi event=43 ret=259
I (864) wifi:mode : sta (b4:e6:2d:b1:e1:f9)
I (874) wifi:enable tsf
E (874) wifi:failed to post WiFi event=2 ret=259
[0;32mI (994) main_task: Returned from app_main()[0m
E (3404) wifi:failed to post WiFi event=1 ret=259
SSID: Hariom.l1-4G  RSSI: -72 dBm
SSID: Dream Spoon  RSSI: -88 dBm
SSID: Hariom.l2-4g  RSSI: -88 dBm
SSID: ACTFIBERNET  RSSI: -94 dBm
SSID: Hariom GF 4G  RSSI: -96 dBm

Press 1->Samsung	2->ViVo	3->Fibernet	0->exit
		Select Store :: [0;32mI (5014) BTN: Waiting For Press.[0m
