eï¿½Jï¿½ï¿½Ñ¹esp32: SPï¿½ets Jun  8 2016 00:22:57

rst:0x1 (POWERON_RESET),boot:0x17 (SPI_FAST_FLASH_BOOT)
configsip: 0, SPIWP:0xee
clk_drv:0x00,q_drv:0x00,d_drv:0x00,cs0_drv:0x00,hd_drv:0x00,wp_drv:0x00
mode:DIO, clock div:2
load:0x3fff0030,len:7176
load:0x40078000,len:15564
ho 0 tail 12 room 4
load:0x40080400,len:4
load:0x40080404,len:3904
entry 0x40080640
[0;32mI (30) boot: ESP-IDF v5.3.1-dirty 2nd stage bootloader[0m
[0;32mI (30) boot: compile time Nov  7 2024 00:56:28[0m
[0;32mI (30) boot: Multicore bootloader[0m
[0;32mI (35) boot: chip revision: v1.0[0m
[0;32mI (39) boot.esp32: SPI Speed      : 40MHz[0m
[0;32mI (44) boot.esp32: SPI Mode       : DIO[0m
[0;32mI (48) boot.esp32: SPI Flash Size : 2MB[0m
[0;32mI (53) boot: Enabling RNG early entropy source...[0m
[0;32mI (58) boot: Partition Table:[0m
[0;32mI (62) boot: ## Label            Usage          Type ST Offset   Length[0m
[0;32mI (69) boot:  0 nvs              WiFi data        01 02 00009000 00006000[0m
[0;32mI (76) boot:  1 phy_init         RF data          01 01 0000f000 00001000[0m
[0;32mI (84) boot:  2 factory          factory app      00 00 00010000 00100000[0m
[0;32mI (91) boot: End of partition table[0m
[0;32mI (95) esp_image: segment 0: paddr=00010020 vaddr=3f400020 size=1d3f4h (119796) map[0m
[0;32mI (145) esp_image: segment 1: paddr=0002d41c vaddr=3ffb0000 size=02bfch ( 11260) load[0m
[0;32mI (149) esp_image: segment 2: paddr=00030020 vaddr=400d0020 size=715a0h (464288) map[0m
[0;32mI (310) esp_image: segment 3: paddr=000a15c8 vaddr=3ffb2bfc size=016dch (  5852) load[0m
[0;32mI (312) esp_image: segment 4: paddr=000a2cac vaddr=40080000 size=18bb0h (101296) load[0m
[0;32mI (368) boot: Loaded app from partition at offset 0x10000[0m
[0;32mI (368) boot: Disabling RNG early entropy source...[0m
[0;32mI (380) cpu_start: Multicore app[0m
[0;32mI (388) cpu_start: Pro cpu start user code[0m
[0;32mI (388) cpu_start: cpu freq: 160000000 Hz[0m
[0;32mI (388) app_init: Application information:[0m
[0;32mI (391) app_init: Project name:     wifi_rtos[0m
[0;32mI (396) app_init: App version:      60e9f13-dirty[0m
[0;32mI (402) app_init: Compile time:     Nov  7 2024 00:54:29[0m
[0;32mI (408) app_init: ELF file SHA256:  5d77f8fb0116708d...[0m
[0;32mI (413) app_init: ESP-IDF:          v5.3.1-dirty[0m
[0;32mI (419) efuse_init: Min chip rev:     v0.0[0m
[0;32mI (423) efuse_init: Max chip rev:     v3.99 [0m
[0;32mI (428) efuse_init: Chip rev:         v1.0[0m
[0;32mI (434) heap_init: Initializing. RAM available for dynamic allocation:[0m
[0;32mI (441) heap_init: At 3FFAE6E0 len 00001920 (6 KiB): DRAM[0m
[0;32mI (447) heap_init: At 3FFB85C8 len 00027A38 (158 KiB): DRAM[0m
[0;32mI (453) heap_init: At 3FFE0440 len 00003AE0 (14 KiB): D/IRAM[0m
[0;32mI (459) heap_init: At 3FFE4350 len 0001BCB0 (111 KiB): D/IRAM[0m
[0;32mI (466) heap_init: At 40098BB0 len 00007450 (29 KiB): IRAM[0m
[0;32mI (473) spi_flash: detected chip: gd[0m
[0;32mI (476) spi_flash: flash io: dio[0m
[0;33mW (480) spi_flash: Detected size(4096k) larger than the size in the binary image header(2048k). Using the size in the binary image header.[0m
[0;33mW (493) i2c: This driver is an old driver, please migrate your application code to adapt `driver/i2c_master.h`[0m
[0;32mI (504) main_task: Started on CPU0[0m
[0;32mI (514) main_task: Calling app_main()[0m
I (664) wifi:wifi driver task: 3ffbe464, prio:23, stack:6656, core=0
I (664) wifi:wifi firmware version: ccaebfa
I (664) wifi:wifi certification version: v7.0
I (664) wifi:config NVS flash: enabled
I (664) wifi:config nano formating: disabled
I (674) wifi:Init data frame dynamic rx buffer num: 32
I (674) wifi:Init static rx mgmt buffer num: 5
I (684) wifi:Init management short buffer num: 32
I (684) wifi:Init dynamic tx buffer num: 32
I (684) wifi:Init static rx buffer size: 1600
I (694) wifi:Init static rx buffer num: 10
I (694) wifi:Init dynamic rx buffer num: 32
[0;32mI (704) wifi_init: rx ba win: 6[0m
[0;32mI (704) wifi_init: accept mbox: 6[0m
[0;32mI (704) wifi_init: tcpip mbox: 32[0m
[0;32mI (714) wifi_init: udp mbox: 6[0m
[0;32mI (714) wifi_init: tcp mbox: 6[0m
[0;32mI (714) wifi_init: tcp tx win: 5744[0m
[0;32mI (724) wifi_init: tcp rx win: 5744[0m
[0;32mI (724) wifi_init: tcp mss: 1440[0m
[0;32mI (734) wifi_init: WiFi IRAM OP enabled[0m
[0;32mI (734) wifi_init: WiFi RX IRAM OP enabled[0m
[0;32mI (744) phy_init: phy_version 4830,54550f7,Jun 20 2024,14:22:08[0m
[0;33mW (744) phy_init: failed to load RF calibration data (0x1102), falling back to full calibration[0m
[0;33mW (824) phy_init: saving new calibration data because of checksum failure, mode(2)[0m
E (834) wifi:failed to post WiFi event=43 ret=259
I (834) wifi:mode : sta (b4:e6:2d:b1:e1:f9)
I (834) wifi:enable tsf
E (844) wifi:failed to post WiFi event=2 ret=259
[0;32mI (964) main_task: Returned from app_main()[0m
E (3374) wifi:failed to post WiFi event=1 ret=259
SSID: Hariom.l1-4G  RSSI: -86 dBm

Press 1->Puma

Press 2->Foreever21

Press 3->Nike

Press 4->UpdateDatabase
[0;32mI (4994) BTN: Waiting For Press.[0m
[0;32mI (9484) BTN: BTN Pressed Down.[0m
[0;32mI (9584) BTN: Short Press[0m
2
[0;32mI (9584) BTN: BTN Released.[0m
[0;32mI (11074) BTN: BTN Pressed Down.[0m
[0;32mI (11204) BTN: Short Press[0m
3
[0;32mI (11204) BTN: BTN Released.[0m
[0;32mI (12334) BTN: BTN Pressed Down.[0m
[0;32mI (12474) BTN: Short Press[0m
4
[0;32mI (12474) BTN: BTN Released.[0m
[0;32mI (13124) BTN: BTN Pressed Down.[0m
[0;32mI (13344) BTN: Short Press[0m
0
[0;32mI (13344) BTN: BTN Released.[0m
[0;32mI (16394) BTN: BTN Pressed Down.[0m
[0;32mI (16484) BTN: Short Press[0m
1
[0;32mI (16484) BTN: BTN Released.[0m
[0;32mI (17494) BTN: BTN Pressed Down.[0m
[0;32mI (17584) BTN: Short Press[0m
2
[0;32mI (17584) BTN: BTN Released.[0m
[0;32mI (18354) BTN: BTN Pressed Down.[0m
[0;32mI (18444) BTN: Short Press[0m
3
[0;32mI (18444) BTN: BTN Released.[0m
[0;32mI (22334) BTN: BTN Pressed Down.[0m
[0;32mI (22534) BTN: Short Press[0m
4
[0;32mI (22534) BTN: BTN Released.[0m
[0;32mI (24264) BTN: BTN Pressed Down.[0m
[0;32mI (25254) BTN: Long Press[0m
---debug:buttonPress:4
---debug:TotalShops:4

Updating Database: Move aroundKeep Moving...
E (27714) wifi:failed to post WiFi event=1 ret=259
SSID: Hariom.l1-4G  RSSI: -80 dBm
--debug enteredSSID: Hariom.l2-4g  RSSI: -93 dBm
Keep Moving...
E (30324) wifi:failed to post WiFi event=1 ret=259
SSID: Hariom.l1-4G  RSSI: -76 dBm
--debug enteredSSID: Hariom R2  RSSI: -93 dBm
--debug enteredSSID: Hariom.l2-4g  RSSI: -96 dBm
SSID: Dream Spoon  RSSI: -97 dBm
Keep Moving...
