e39) boot.esp32: ï¿½ets Jun  8 2016 00:22:57

rst:0x1 (POWERON_RESET),boot:0x17 (SPI_FAST_FLASH_BOOT)
configsip: 0, SPIWP:0xee
clk_drv:0x00,q_drv:0x00,d_drv:0x00,cs0_drv:0x00,hd_drv:0x00,wp_drv:0x00
mode:DIO, clock div:2
load:0x3fff0030,len:7176
load:0x40078000,len:15564
ho 0 tail 12 room 4
load:0x40080400,len:4
load:0x40080404,len:3904
entry 0x40080640
[0;32mI (30) boot: ESP-IDF v5.3.1-dirty 2nd stage bootloader[0m
[0;32mI (31) boot: compile time Nov  2 2024 18:17:21[0m
[0;32mI (31) boot: Multicore bootloader[0m
[0;32mI (35) boot: chip revision: v1.0[0m
[0;32mI (39) boot.esp32: SPI Speed      : 40MHz[0m
[0;32mI (44) boot.esp32: SPI Mode       : DIO[0m
[0;32mI (48) boot.esp32: SPI Flash Size : 2MB[0m
[0;32mI (53) boot: Enabling RNG early entropy source...[0m
[0;32mI (58) boot: Partition Table:[0m
[0;32mI (62) boot: ## Label            Usage          Type ST Offset   Length[0m
[0;32mI (69) boot:  0 nvs              WiFi data        01 02 00009000 00006000[0m
[0;32mI (77) boot:  1 phy_init         RF data          01 01 0000f000 00001000[0m
[0;32mI (84) boot:  2 factory          factory app      00 00 00010000 00100000[0m
[0;32mI (91) boot: End of partition table[0m
[0;32mI (96) esp_image: segment 0: paddr=00010020 vaddr=3f400020 size=220c4h (139460) map[0m
[0;32mI (152) esp_image: segment 1: paddr=000320ec vaddr=3ffb0000 size=04278h ( 17016) load[0m
[0;32mI (158) esp_image: segment 2: paddr=0003636c vaddr=40080000 size=09cach ( 40108) load[0m
[0;32mI (174) esp_image: segment 3: paddr=00040020 vaddr=400d0020 size=87ec8h (556744) map[0m
[0;32mI (365) esp_image: segment 4: paddr=000c7ef0 vaddr=40089cac size=0f088h ( 61576) load[0m
[0;32mI (402) boot: Loaded app from partition at offset 0x10000[0m
[0;32mI (402) boot: Disabling RNG early entropy source...[0m
[0;32mI (414) cpu_start: Multicore app[0m
[0;32mI (423) cpu_start: Pro cpu start user code[0m
[0;32mI (423) cpu_start: cpu freq: 160000000 Hz[0m
[0;32mI (423) app_init: Application information:[0m
[0;32mI (426) app_init: Project name:     wifi_rtos[0m
[0;32mI (431) app_init: App version:      1[0m
[0;32mI (435) app_init: Compile time:     Nov  2 2024 18:13:49[0m
[0;32mI (441) app_init: ELF file SHA256:  807d5d9000ab49c5...[0m
[0;32mI (447) app_init: ESP-IDF:          v5.3.1-dirty[0m
[0;32mI (452) efuse_init: Min chip rev:     v0.0[0m
[0;32mI (457) efuse_init: Max chip rev:     v3.99 [0m
[0;32mI (462) efuse_init: Chip rev:         v1.0[0m
[0;32mI (467) heap_init: Initializing. RAM available for dynamic allocation:[0m
[0;32mI (474) heap_init: At 3FFAE6E0 len 00001920 (6 KiB): DRAM[0m
[0;32mI (480) heap_init: At 3FFB8D60 len 000272A0 (156 KiB): DRAM[0m
[0;32mI (486) heap_init: At 3FFE0440 len 00003AE0 (14 KiB): D/IRAM[0m
[0;32mI (493) heap_init: At 3FFE4350 len 0001BCB0 (111 KiB): D/IRAM[0m
[0;32mI (499) heap_init: At 40098D34 len 000072CC (28 KiB): IRAM[0m
[0;32mI (507) spi_flash: detected chip: gd[0m
[0;32mI (509) spi_flash: flash io: dio[0m
[0;33mW (513) spi_flash: Detected size(4096k) larger than the size in the binary image header(2048k). Using the size in the binary image header.[0m
[0;33mW (527) i2c: This driver is an old driver, please migrate your application code to adapt `driver/i2c_master.h`[0m
[0;32mI (538) main_task: Started on CPU0[0m
[0;32mI (548) main_task: Calling app_main()[0m
I (568) wifi:wifi driver task: 3ffc1268, prio:23, stack:6656, core=0
I (568) wifi:wifi firmware version: ccaebfa
I (568) wifi:wifi certification version: v7.0
I (568) wifi:config NVS flash: enabled
I (568) wifi:config nano formating: disabled
I (578) wifi:Init data frame dynamic rx buffer num: 32
I (578) wifi:Init static rx mgmt buffer num: 5
I (588) wifi:Init management short buffer num: 32
I (588) wifi:Init dynamic tx buffer num: 32
I (588) wifi:Init static rx buffer size: 1600
I (598) wifi:Init static rx buffer num: 10
I (598) wifi:Init dynamic rx buffer num: 32
[0;32mI (608) wifi_init: rx ba win: 6[0m
[0;32mI (608) wifi_init: accept mbox: 6[0m
[0;32mI (608) wifi_init: tcpip mbox: 32[0m
[0;32mI (618) wifi_init: udp mbox: 6[0m
[0;32mI (618) wifi_init: tcp mbox: 6[0m
[0;32mI (618) wifi_init: tcp tx win: 5744[0m
[0;32mI (628) wifi_init: tcp rx win: 5744[0m
[0;32mI (628) wifi_init: tcp mss: 1440[0m
[0;32mI (638) wifi_init: WiFi IRAM OP enabled[0m
[0;32mI (638) wifi_init: WiFi RX IRAM OP enabled[0m
[0;32mI (768) phy_init: phy_version 4830,54550f7,Jun 20 2024,14:22:08[0m
I (848) wifi:mode : sta (b4:e6:2d:b1:e1:f9)
I (848) wifi:enable tsf
[0;32mI (848) main_task: Returned from app_main()[0m
[0;32mI (3348) Wifi: -----Total APs scanned = 0------
[0m

Press 1->Samsung	2->ViVo	3->Fibernet	0->exit
		Select Store :: [0;32mI (4868) BTN: Waiting For Press.[0m
[0;32mI (40688) BTN: BTN Pressed Down.[0m
[0;32mI (41068) BTN: Short Press[0m
2
[0;32mI (41068) BTN: BTN Released.[0m
[0;32mI (42558) BTN: BTN Pressed Down.[0m
[0;32mI (43548) BTN: Long Press[0m

selected ViVo store
Seleeeeeeeee = 2
yyyyyyyyyyyyyyyyyyyyyyyyyyyyyy 0 0 0 
-1000 -1000 -1000 
temp = 0	inde = -1	data =-1000	large = -1
temp = -1000	inde = -1	data =-1000	large = -1
temp = -1000	inde = -1	data =-1000	large = -1

present_ap = -1 , next_location_ap = 1

next_location_ap = 1
Magnetic data: X:271.12 mG, Y:-0.31 mG, Z:66.96 mG
Heading = 292.162993
[0;32mI (47768) Wifi: -----Total APs scanned = 0------
[0m
-1000 -1000 -1000 
temp = -1000	inde = -1	data =-1000	large = -1
temp = -1000	inde = -1	data =-1000	large = -1
temp = -1000	inde = -1	data =-1000	large = -1
Moving
Heading = 292.162993	-1.000000
left
Magnetic data: X:259.09 mG, Y:17.09 mG, Z:83.31 mG
Heading = 295.999703
[0;32mI (50288) Wifi: -----Total APs scanned = 0------
[0m
-1000 -1000 -1000 
temp = -1000	inde = -1	data =-1000	large = -1
temp = -1000	inde = -1	data =-1000	large = -1
temp = -1000	inde = -1	data =-1000	large = -1
Moving
Heading = 295.999703	-1.000000
left
Magnetic data: X:258.61 mG, Y:175.29 mG, Z:489.93 mG
Heading = 326.344645
[0;32mI (52808) Wifi: -----Total APs scanned = 0------
[0m
-1000 -1000 -1000 
temp = -1000	inde = -1	data =-1000	large = -1
temp = -1000	inde = -1	data =-1000	large = -1
temp = -1000	inde = -1	data =-1000	large = -1
Moving
Heading = 326.344645	-1.000000
left
Magnetic data: X:200.01 mG, Y:-30.82 mG, Z:567.44 mG
Heading = 283.470371
[0;32mI (55328) Wifi: -----Total APs scanned = 0------
[0m
-1000 -1000 -1000 
temp = -1000	inde = -1	data =-1000	large = -1
temp = -1000	inde = -1	data =-1000	large = -1
temp = -1000	inde = -1	data =-1000	large = -1
Moving
Heading = 283.470371	-1.000000
left
Magnetic data: X:205.69 mG, Y:61.95 mG, Z:452.70 mG
Heading = 308.982333
[0;32mI (57848) Wifi: -----Total APs scanned = 0------
[0m
-1000 -1000 -1000 
temp = -1000	inde = -1	data =-1000	large = -1
temp = -1000	inde = -1	data =-1000	large = -1
temp = -1000	inde = -1	data =-1000	large = -1
Moving
Heading = 308.982333	-1.000000
left
Magnetic data: X:327.88 mG, Y:-173.65 mG, Z:210.27 mG
Heading = 264.333086
[0;32mI (60368) Wifi: -----Total APs scanned = 0------
[0m
-1000 -1000 -1000 
temp = -1000	inde = -1	data =-1000	large = -1
temp = -1000	inde = -1	data =-1000	large = -1
temp = -1000	inde = -1	data =-1000	large = -1
Moving
Heading = 264.333086	-1.000000
left
Magnetic data: X:353.82 mG, Y:-151.06 mG, Z:213.13 mG
Heading = 269.116946
[0;32mI (62888) Wifi: -----Total APs scanned = 0------
[0m
-1000 -1000 -1000 
temp = -1000	inde = -1	data =-1000	large = -1
temp = -1000	inde = -1	data =-1000	large = -1
temp = -1000	inde = -1	data =-1000	large = -1
Moving
Heading = 269.116946	-1.000000
left
Magnetic data: X:350.77 mG, Y:-148.93 mG, Z:215.15 mG
Heading = 269.232126
[0;32mI (65408) Wifi: -----Total APs scanned = 0------
[0m
-1000 -1000 -1000 
temp = -1000	inde = -1	data =-1000	large = -1
temp = -1000	inde = -1	data =-1000	large = -1
temp = -1000	inde = -1	data =-1000	large = -1
Moving
Heading = 269.232126	-1.000000
left
Magnetic data: X:355.53 mG, Y:-148.62 mG, Z:215.45 mG
Heading = 269.550404
