ë‹¹esp32: SPIï¿½ets Jun  8 2016 00:22:57

rst:0x1 (POWERON_RESET),boot:0x17 (SPI_FAST_FLASH_BOOT)
configsip: 0, SPIWP:0xee
clk_drv:0x00,q_drv:0x00,d_drv:0x00,cs0_drv:0x00,hd_drv:0x00,wp_drv:0x00
mode:DIO, clock div:2
load:0x3fff0030,len:7176
load:0x40078000,len:15564
ho 0 tail 12 room 4
load:0x40080400,len:4
load:0x40080404,len:3904
entry 0x40080640
[0;32mI (30) boot: ESP-IDF v5.3.1-dirty 2nd stage bootloader[0m
[0;32mI (31) boot: compile time Nov  2 2024 18:17:21[0m
[0;32mI (31) boot: Multicore bootloader[0m
[0;32mI (35) boot: chip revision: v1.0[0m
[0;32mI (39) boot.esp32: SPI Speed      : 40MHz[0m
[0;32mI (44) boot.esp32: SPI Mode       : DIO[0m
[0;32mI (48) boot.esp32: SPI Flash Size : 2MB[0m
[0;32mI (53) boot: Enabling RNG early entropy source...[0m
[0;32mI (58) boot: Partition Table:[0m
[0;32mI (62) boot: ## Label            Usage          Type ST Offset   Length[0m
[0;32mI (69) boot:  0 nvs              WiFi data        01 02 00009000 00006000[0m
[0;32mI (77) boot:  1 phy_init         RF data          01 01 0000f000 00001000[0m
[0;32mI (84) boot:  2 factory          factory app      00 00 00010000 00100000[0m
[0;32mI (91) boot: End of partition table[0m
[0;32mI (96) esp_image: segment 0: paddr=00010020 vaddr=3f400020 size=1d3d4h (119764) map[0m
[0;32mI (145) esp_image: segment 1: paddr=0002d3fc vaddr=3ffb0000 size=02c1ch ( 11292) load[0m
[0;32mI (150) esp_image: segment 2: paddr=00030020 vaddr=400d0020 size=71488h (464008) map[0m
[0;32mI (310) esp_image: segment 3: paddr=000a14b0 vaddr=3ffb2c1c size=0164ch (  5708) load[0m
[0;32mI (312) esp_image: segment 4: paddr=000a2b04 vaddr=40080000 size=18bb0h (101296) load[0m
[0;32mI (368) boot: Loaded app from partition at offset 0x10000[0m
[0;32mI (368) boot: Disabling RNG early entropy source...[0m
[0;32mI (380) cpu_start: Multicore app[0m
[0;32mI (388) cpu_start: Pro cpu start user code[0m
[0;32mI (388) cpu_start: cpu freq: 160000000 Hz[0m
[0;32mI (388) app_init: Application information:[0m
[0;32mI (391) app_init: Project name:     wifi_rtos[0m
[0;32mI (396) app_init: App version:      1[0m
[0;32mI (401) app_init: Compile time:     Nov  2 2024 18:13:49[0m
[0;32mI (407) app_init: ELF file SHA256:  00698e3f7357095a...[0m
[0;32mI (412) app_init: ESP-IDF:          v5.3.1-dirty[0m
[0;32mI (418) efuse_init: Min chip rev:     v0.0[0m
[0;32mI (423) efuse_init: Max chip rev:     v3.99 [0m
[0;32mI (427) efuse_init: Chip rev:         v1.0[0m
[0;32mI (433) heap_init: Initializing. RAM available for dynamic allocation:[0m
[0;32mI (440) heap_init: At 3FFAE6E0 len 00001920 (6 KiB): DRAM[0m
[0;32mI (446) heap_init: At 3FFB8358 len 00027CA8 (159 KiB): DRAM[0m
[0;32mI (452) heap_init: At 3FFE0440 len 00003AE0 (14 KiB): D/IRAM[0m
[0;32mI (458) heap_init: At 3FFE4350 len 0001BCB0 (111 KiB): D/IRAM[0m
[0;32mI (465) heap_init: At 40098BB0 len 00007450 (29 KiB): IRAM[0m
[0;32mI (472) spi_flash: detected chip: gd[0m
[0;32mI (475) spi_flash: flash io: dio[0m
[0;33mW (479) spi_flash: Detected size(4096k) larger than the size in the binary image header(2048k). Using the size in the binary image header.[0m
[0;33mW (492) i2c: This driver is an old driver, please migrate your application code to adapt `driver/i2c_master.h`[0m
[0;32mI (504) main_task: Started on CPU0[0m
[0;32mI (514) main_task: Calling app_main()[0m
I (694) wifi:wifi driver task: 3ffbe1f4, prio:23, stack:6656, core=0
I (694) wifi:wifi firmware version: ccaebfa
I (694) wifi:wifi certification version: v7.0
I (694) wifi:config NVS flash: enabled
I (694) wifi:config nano formating: disabled
I (704) wifi:Init data frame dynamic rx buffer num: 32
I (704) wifi:Init static rx mgmt buffer num: 5
I (714) wifi:Init management short buffer num: 32
I (714) wifi:Init dynamic tx buffer num: 32
I (714) wifi:Init static rx buffer size: 1600
I (724) wifi:Init static rx buffer num: 10
I (724) wifi:Init dynamic rx buffer num: 32
[0;32mI (734) wifi_init: rx ba win: 6[0m
[0;32mI (734) wifi_init: accept mbox: 6[0m
[0;32mI (734) wifi_init: tcpip mbox: 32[0m
[0;32mI (744) wifi_init: udp mbox: 6[0m
[0;32mI (744) wifi_init: tcp mbox: 6[0m
[0;32mI (744) wifi_init: tcp tx win: 5744[0m
[0;32mI (754) wifi_init: tcp rx win: 5744[0m
[0;32mI (754) wifi_init: tcp mss: 1440[0m
[0;32mI (764) wifi_init: WiFi IRAM OP enabled[0m
[0;32mI (764) wifi_init: WiFi RX IRAM OP enabled[0m
[0;32mI (774) phy_init: phy_version 4830,54550f7,Jun 20 2024,14:22:08[0m
[0;33mW (774) phy_init: failed to load RF calibration data (0x1102), falling back to full calibration[0m
[0;33mW (854) phy_init: saving new calibration data because of checksum failure, mode(2)[0m
E (864) wifi:failed to post WiFi event=43 ret=259
I (864) wifi:mode : sta (b4:e6:2d:b1:e1:f9)
I (874) wifi:enable tsf
E (874) wifi:failed to post WiFi event=2 ret=259
[0;32mI (994) main_task: Returned from app_main()[0m
E (3404) wifi:failed to post WiFi event=1 ret=259
SSID: Hariom.l1-4G  RSSI: -65 dBm
SSID: Dream Spoon  RSSI: -87 dBm
SSID: Hariom R2  RSSI: -89 dBm
SSID: ACTFIBERNET  RSSI: -90 dBm
SSID: Hariom R3 4g  RSSI: -95 dBm

Press 1->Samsung	2->ViVo	3->Fibernet	0->exit
		Select Store :: [0;32mI (5014) BTN: Waiting For Press.[0m
[0;32mI (213204) BTN: BTN Pressed Down.[0m
[0;32mI (213454) BTN: Short Press[0m
2
[0;32mI (213454) BTN: BTN Released.[0m
[0;32mI (213504) BTN: BTN Pressed Down.[0m
[0;32mI (213634) BTN: Short Press[0m
3
[0;32mI (213634) BTN: BTN Released.[0m
[0;32mI (215484) BTN: BTN Pressed Down.[0m
[0;32mI (216474) BTN: Long Press[0m

select from above listed store
Seleeeeeeeee = 0
yyyyyyyyyyyyyyyyyyyyyyyyyyyyyy 0 0 0 
-1000 -1000 -1000 
temp = 0	inde = -1	data =-1000	large = -1
temp = -1000	inde = -1	data =-1000	large = -1
temp = -1000	inde = -1	data =-1000	large = -1

present_ap = -1 , next_location_ap = -1

next_location_ap = -1
You are in the selected location
Direction = Reached	Degrees = -1.000000
E (221964) wifi:failed to post WiFi event=1 ret=259
SSID: Hariom.l1-4G  RSSI: -71 dBm
SSID: Dream Spoon  RSSI: -92 dBm
SSID: Hariom R2  RSSI: -96 dBm
SSID: Hariom R3 4g  RSSI: -96 dBm
SSID: ACTFIBERNET  RSSI: -97 dBm
SSID: Hariom.l2-4g  RSSI: -98 dBm
SSID: Hariom GF 4G  RSSI: -98 dBm

Press 1->Samsung	2->ViVo	3->Fibernet	0->exit
		Select Store :: [0;32mI (223594) BTN: Waiting For Press.[0m
[0;32mI (232764) BTN: BTN Pressed Down.[0m
[0;32mI (232794) BTN: Short Press[0m
1
[0;32mI (232794) BTN: BTN Released.[0m
[0;32mI (233254) BTN: BTN Pressed Down.[0m
[0;32mI (234054) BTN: Short Press[0m
2
[0;32mI (234054) BTN: BTN Released.[0m
[0;32mI (234224) BTN: BTN Pressed Down.[0m
[0;32mI (235214) BTN: Long Press[0m

selected ViVo store
Seleeeeeeeee = 2
yyyyyyyyyyyyyyyyyyyyyyyyyyyyyy 0 0 0 
-1000 -1000 -1000 
temp = -1000	inde = -1	data =-1000	large = -1
temp = -1000	inde = -1	data =-1000	large = -1
temp = -1000	inde = -1	data =-1000	large = -1

present_ap = -1 , next_location_ap = 1

next_location_ap = 1
Magnetic data: X:-134.09 mG, Y:-247.80 mG, Z:-203.25 mG
Heading = 173.855817
E (239344) wifi:failed to post WiFi event=1 ret=259
SSID: Hariom.l1-4G  RSSI: -64 dBm
SSID: Dream Spoon  RSSI: -88 dBm
SSID: Hariom.l2-4g  RSSI: -93 dBm
SSID: Hariom R2  RSSI: -93 dBm
SSID: Hariom GF 4G  RSSI: -94 dBm
SSID: ACTFIBERNET  RSSI: -96 dBm
SSID: Hariom R3 4g  RSSI: -96 dBm
-1000 -1000 -1000 
temp = -1000	inde = -1	data =-1000	large = -1
temp = -1000	inde = -1	data =-1000	large = -1
temp = -1000	inde = -1	data =-1000	large = -1
Moving
Heading = 173.855817	-1.000000
left
Magnetic data: X:-138.55 mG, Y:-244.45 mG, Z:-206.42 mG
Heading = 172.731356
E (241874) wifi:failed to post WiFi event=1 ret=259
SSID: Hariom.l1-4G  RSSI: -68 dBm
SSID: Dream Spoon  RSSI: -88 dBm
SSID: Hariom R2  RSSI: -92 dBm
SSID: Hariom GF 4G  RSSI: -93 dBm
SSID: ACTFIBERNET  RSSI: -94 dBm
SSID: Hariom R3 4g  RSSI: -95 dBm
-1000 -1000 -1000 
temp = -1000	inde = -1	data =-1000	large = -1
temp = -1000	inde = -1	data =-1000	large = -1
temp = -1000	inde = -1	data =-1000	large = -1
Moving
Heading = 172.731356	-1.000000
left
Magnetic data: X:-138.85 mG, Y:-241.21 mG, Z:-201.54 mG
Heading = 172.348484
E (244404) wifi:failed to post WiFi event=1 ret=259
SSID: Hariom.l1-4G  RSSI: -62 dBm
SSID: Dream Spoon  RSSI: -87 dBm
SSID: Hariom R2  RSSI: -90 dBm
SSID: ACTFIBERNET  RSSI: -91 dBm
SSID: Hariom R3 4g  RSSI: -95 dBm
-1000 -1000 -1000 
temp = -1000	inde = -1	data =-1000	large = -1
temp = -1000	inde = -1	data =-1000	large = -1
temp = -1000	inde = -1	data =-1000	large = -1
Moving
Heading = 172.348484	-1.000000
left
Magnetic data: X:-139.59 mG, Y:-243.96 mG, Z:-203.86 mG
Heading = 172.498357
E (246924) wifi:failed to post WiFi event=1 ret=259
SSID: Hariom.l1-4G  RSSI: -60 dBm
SSID: Dream Spoon  RSSI: -86 dBm
SSID: Hariom GF 4G  RSSI: -91 dBm
SSID: Hariom R2  RSSI: -93 dBm
SSID: ACTFIBERNET  RSSI: -94 dBm
SSID: Hariom R3 4g  RSSI: -95 dBm
-1000 -1000 -1000 
temp = -1000	inde = -1	data =-1000	large = -1
temp = -1000	inde = -1	data =-1000	large = -1
temp = -1000	inde = -1	data =-1000	large = -1
Moving
Heading = 172.498357	-1.000000
left
Magnetic data: X:-138.85 mG, Y:-241.82 mG, Z:-203.25 mG
Heading = 172.411026
E (249464) wifi:failed to post WiFi event=1 ret=259
SSID: Hariom.l1-4G  RSSI: -64 dBm
SSID: Dream Spoon  RSSI: -86 dBm
SSID: Hariom R2  RSSI: -93 dBm
SSID: Hariom GF 4G  RSSI: -93 dBm
SSID: ACTFIBERNET  RSSI: -94 dBm
SSID: Hariom R3 4g  RSSI: -95 dBm
SSID: Hariom.l2-4g  RSSI: -98 dBm
-1000 -1000 -1000 
temp = -1000	inde = -1	data =-1000	large = -1
temp = -1000	inde = -1	data =-1000	large = -1
temp = -1000	inde = -1	data =-1000	large = -1
Moving
Heading = 172.411026	-1.000000
left
Magnetic data: X:-134.89 mG, Y:-241.52 mG, Z:-205.20 mG
Heading = 173.091878
