ets ï¿½ï¿½ï¿½Ñ¹esp32: SPI Spï¿½ets Jun  8 2016 00:22:57

rst:0x1 (POWERON_RESET),boot:0x17 (SPI_FAST_FLASH_BOOT)
configsip: 0, SPIWP:0xee
clk_drv:0x00,q_drv:0x00,d_drv:0x00,cs0_drv:0x00,hd_drv:0x00,wp_drv:0x00
mode:DIO, clock div:2
load:0x3fff0030,len:7176
load:0x40078000,len:15564
ho 0 tail 12 room 4
load:0x40080400,len:4
load:0x40080404,len:3904
entry 0x40080640
[0;32mI (30) boot: ESP-IDF v5.3.1-dirty 2nd stage bootloader[0m
[0;32mI (30) boot: compile time Nov  7 2024 00:56:28[0m
[0;32mI (30) boot: Multicore bootloader[0m
[0;32mI (35) boot: chip revision: v1.0[0m
[0;32mI (39) boot.esp32: SPI Speed      : 40MHz[0m
[0;32mI (43) boot.esp32: SPI Mode       : DIO[0m
[0;32mI (48) boot.esp32: SPI Flash Size : 2MB[0m
[0;32mI (53) boot: Enabling RNG early entropy source...[0m
[0;32mI (58) boot: Partition Table:[0m
[0;32mI (62) boot: ## Label            Usage          Type ST Offset   Length[0m
[0;32mI (69) boot:  0 nvs              WiFi data        01 02 00009000 00006000[0m
[0;32mI (76) boot:  1 phy_init         RF data          01 01 0000f000 00001000[0m
[0;32mI (84) boot:  2 factory          factory app      00 00 00010000 00100000[0m
[0;32mI (91) boot: End of partition table[0m
[0;32mI (95) esp_image: segment 0: paddr=00010020 vaddr=3f400020 size=1d484h (119940) map[0m
[0;32mI (145) esp_image: segment 1: paddr=0002d4ac vaddr=3ffb0000 size=02b6ch ( 11116) load[0m
[0;32mI (149) esp_image: segment 2: paddr=00030020 vaddr=400d0020 size=71600h (464384) map[0m
[0;32mI (310) esp_image: segment 3: paddr=000a1628 vaddr=3ffb2b6c size=0176ch (  5996) load[0m
[0;32mI (312) esp_image: segment 4: paddr=000a2d9c vaddr=40080000 size=18bb0h (101296) load[0m
[0;32mI (368) boot: Loaded app from partition at offset 0x10000[0m
[0;32mI (368) boot: Disabling RNG early entropy source...[0m
[0;32mI (380) cpu_start: Multicore app[0m
[0;32mI (388) cpu_start: Pro cpu start user code[0m
[0;32mI (388) cpu_start: cpu freq: 160000000 Hz[0m
[0;32mI (388) app_init: Application information:[0m
[0;32mI (391) app_init: Project name:     wifi_rtos[0m
[0;32mI (396) app_init: App version:      60e9f13-dirty[0m
[0;32mI (402) app_init: Compile time:     Nov  7 2024 00:54:29[0m
[0;32mI (408) app_init: ELF file SHA256:  b8f9e37b849582ec...[0m
[0;32mI (414) app_init: ESP-IDF:          v5.3.1-dirty[0m
[0;32mI (419) efuse_init: Min chip rev:     v0.0[0m
[0;32mI (424) efuse_init: Max chip rev:     v3.99 [0m
[0;32mI (429) efuse_init: Chip rev:         v1.0[0m
[0;32mI (434) heap_init: Initializing. RAM available for dynamic allocation:[0m
[0;32mI (441) heap_init: At 3FFAE6E0 len 00001920 (6 KiB): DRAM[0m
[0;32mI (447) heap_init: At 3FFB85C0 len 00027A40 (158 KiB): DRAM[0m
[0;32mI (453) heap_init: At 3FFE0440 len 00003AE0 (14 KiB): D/IRAM[0m
[0;32mI (459) heap_init: At 3FFE4350 len 0001BCB0 (111 KiB): D/IRAM[0m
[0;32mI (466) heap_init: At 40098BB0 len 00007450 (29 KiB): IRAM[0m
[0;32mI (473) spi_flash: detected chip: gd[0m
[0;32mI (476) spi_flash: flash io: dio[0m
[0;33mW (480) spi_flash: Detected size(4096k) larger than the size in the binary image header(2048k). Using the size in the binary image header.[0m
[0;33mW (493) i2c: This driver is an old driver, please migrate your application code to adapt `driver/i2c_master.h`[0m
[0;32mI (505) main_task: Started on CPU0[0m
[0;32mI (515) main_task: Calling app_main()[0m
I (695) wifi:wifi driver task: 3ffbe45c, prio:23, stack:6656, core=0
I (695) wifi:wifi firmware version: ccaebfa
I (695) wifi:wifi certification version: v7.0
I (695) wifi:config NVS flash: enabled
I (695) wifi:config nano formating: disabled
I (705) wifi:Init data frame dynamic rx buffer num: 32
I (705) wifi:Init static rx mgmt buffer num: 5
I (715) wifi:Init management short buffer num: 32
I (715) wifi:Init dynamic tx buffer num: 32
I (715) wifi:Init static rx buffer size: 1600
I (725) wifi:Init static rx buffer num: 10
I (725) wifi:Init dynamic rx buffer num: 32
[0;32mI (735) wifi_init: rx ba win: 6[0m
[0;32mI (735) wifi_init: accept mbox: 6[0m
[0;32mI (735) wifi_init: tcpip mbox: 32[0m
[0;32mI (745) wifi_init: udp mbox: 6[0m
[0;32mI (745) wifi_init: tcp mbox: 6[0m
[0;32mI (745) wifi_init: tcp tx win: 5744[0m
[0;32mI (755) wifi_init: tcp rx win: 5744[0m
[0;32mI (755) wifi_init: tcp mss: 1440[0m
[0;32mI (765) wifi_init: WiFi IRAM OP enabled[0m
[0;32mI (765) wifi_init: WiFi RX IRAM OP enabled[0m
[0;32mI (775) phy_init: phy_version 4830,54550f7,Jun 20 2024,14:22:08[0m
[0;33mW (775) phy_init: failed to load RF calibration data (0x1102), falling back to full calibration[0m
[0;33mW (855) phy_init: saving new calibration data because of checksum failure, mode(2)[0m
E (865) wifi:failed to post WiFi event=43 ret=259
I (865) wifi:mode : sta (b4:e6:2d:b1:e1:f9)
I (875) wifi:enable tsf
E (875) wifi:failed to post WiFi event=2 ret=259
[0;32mI (995) main_task: Returned from app_main()[0m
E (3405) wifi:failed to post WiFi event=1 ret=259
SSID: Manasa  RSSI: -59 dBm	MAC: 76:d6:56:57:94:92
SSID: Hariom.l1-4G  RSSI: -76 dBm	MAC: c0:a5:dd:1e:da:91
SSID: Dream Spoon  RSSI: -93 dBm	MAC: f0:a7:31:f7:6e:18
SSID: ACTFIBERNET  RSSI: -95 dBm	MAC: 3c:52:a1:6e:82:c2
SSID: Hariom R2  RSSI: -95 dBm	MAC: 3c:cd:57:6b:64:16
SSID: Hariom.l2-4g  RSSI: -97 dBm	MAC: 5c:8c:30:31:03:29

Press 1->Puma

Press 2->Foreever21

Press 3->Nike

Press 4->UpdateDatabase
[0;32mI (5035) BTN: Waiting For Press.[0m
[0;32mI (11565) BTN: BTN Pressed Down.[0m
[0;32mI (11675) BTN: Short Press[0m
2
[0;32mI (11675) BTN: BTN Released.[0m
[0;32mI (14245) BTN: BTN Pressed Down.[0m
[0;32mI (14275) BTN: Short Press[0m
3
[0;32mI (14275) BTN: BTN Released.[0m
[0;32mI (17735) BTN: BTN Pressed Down.[0m
[0;32mI (17765) BTN: Short Press[0m
4
[0;32mI (17765) BTN: BTN Released.[0m
[0;32mI (18775) BTN: BTN Pressed Down.[0m
[0;32mI (19765) BTN: Long Press[0m
---debug:buttonPress:0
---debug:TotalShops:4

select from above listed stores
Index of selected Shop = 1073415720
Mac : 76:d6:56:57:94:92
76d656579492
Mac : c0:a5:dd:1e:da:91
c0a5dd1eda91
Mac : f0:a7:31:f7:6e:18
f0a731f76e18
Mac : 3c:52:a1:6e:82:c2
3c52a16e82c2
Mac : 3c:cd:57:6b:64:16
3ccd576b6416
Mac : 5c:8c:30:31:03:29
5c8c30310329
yyyyyyyyyyyyyyyyyyyyyyyyyyyyyy -59 -76 0 
-59 -76 -1000 
temp = 0	inde = -1	data =-1000	large = -1
temp = -1000	inde = -1	data =-1000	large = -1
temp = -1000	inde = -1	data =-1000	large = -1

present_ap = -1 , next_location_ap = 1073415719

next_location_ap = 1073415719
Magnetic data: X:-453.92 mG, Y:-2000.00 mG, Z:-2000.00 mG
Heading = 189.481626
E (23915) wifi:failed to post WiFi event=1 ret=259
SSID: Manasa  RSSI: -64 dBm	MAC: 76:d6:56:57:94:92
----debug: Updated Mac Value vï¿½VWï¿½ï¿½Manasa at 0----
SSID: Hariom.l1-4G  RSSI: -76 dBm	MAC: c0:a5:dd:1e:da:91
----debug: Updated Mac Value ï¿½ï¿½ï¿½ï¿½ï¿½Hariom.l1-4G at 0----
SSID: Hariom R2  RSSI: -95 dBm	MAC: 3c:cd:57:6b:64:16
----debug: Updated Mac Value <ï¿½WkdHariom R2 at 0----
SSID: Hariom.l2-4g  RSSI: -96 dBm	MAC: 5c:8c:30:31:03:29
----debug: Updated Mac Value \ï¿½01)Hariom.l2-4g at 0----
SSID: Dream Spoon  RSSI: -96 dBm	MAC: f0:a7:31:f7:6e:18
----debug: Updated Mac Value ï¿½1ï¿½nDream Spoon at 0----
MAC: 76:d6:56:57:94:92
Guru Meditation Error: Core  1 panic'ed (LoadProhibited). Exception was unhandled.

Core  1 register dump:
PC      : 0x400d7918  PS      : 0x00060230  A0      : 0x800d6e1f  A1      : 0x3ffc6bb0  
A2      : 0x00000000  A3      : 0x3ffb4f9c  A4      : 0x000000d6  A5      : 0x00000056  
A6      : 0x00000057  A7      : 0x00000000  A8      : 0x00000000  A9      : 0x3ffc6ba0  
A10     : 0x3ffc6bb0  A11     : 0x00000000  A12     : 0x0000001e  A13     : 0x3ffc6bce  
A14     : 0x00ff0000  A15     : 0x00000001  SAR     : 0x00000004  EXCCAUSE: 0x0000001c  
EXCVADDR: 0x00000000  LBEG    : 0x4000c46c  LEND    : 0x4000c477  LCOUNT  : 0x00000000  


Backtrace: 0x400d7915:0x3ffc6bb0 0x400d6e1c:0x3ffc6c00 0x400d7194:0x3ffc6c30 0x400d725d:0x3ffc6d90 0x4008b7fd:0x3ffc6db0




ELF file SHA256: b8f9e37b849582ec

Rebooting...
ets Jun  8 2016 00:22:57

rst:0xc (SW_CPU_RESET),boot:0x17 (SPI_FAST_FLASH_BOOT)
configsip: 0, SPIWP:0xee
clk_drv:0x00,q_drv:0x00,d_drv:0x00,cs0_drv:0x00,hd_drv:0x00,wp_drv:0x00
mode:DIO, clock div:2
load:0x3fff0030,len:7176
load:0x40078000,len:15564
ho 0 tail 12 room 4
load:0x40080400,len:4
load:0x40080404,len:3904
entry 0x40080640
[0;32mI (31) boot: ESP-IDF v5.3.1-dirty 2nd stage bootloader[0m
[0;32mI (31) boot: compile time Nov  7 2024 00:56:28[0m
[0;32mI (31) boot: Multicore bootloader[0m
[0;32mI (36) boot: chip revision: v1.0[0m
[0;32mI (40) boot.esp32: SPI Speed      : 40MHz[0m
[0;32mI (44) boot.esp32: SPI Mode       : DIO[0m
[0;32mI (49) boot.esp32: SPI Flash Size : 2MB[0m
[0;32mI (53) boot: Enabling RNG early entropy source...[0m
[0;32mI (59) boot: Partition Table:[0m
[0;32mI (62) boot: ## Label            Usage          Type ST Offset   Length[0m
[0;32mI (70) boot:  0 nvs              WiFi data        01 02 00009000 00006000[0m
[0;32mI (77) boot:  1 phy_init         RF data          01 01 0000f000 00001000[0m
[0;32mI (84) boot:  2 factory          factory app      00 00 00010000 00100000[0m
[0;32mI (92) boot: End of partition table[0m
[0;32mI (96) esp_image: segment 0: paddr=00010020 vaddr=3f400020 size=1d484h (119940) map[0m
[0;32mI (146) esp_image: segment 1: paddr=0002d4ac vaddr=3ffb0000 size=02b6ch ( 11116) load[0m
[0;32mI (150) esp_image: segment 2: paddr=00030020 vaddr=400d0020 size=71600h (464384) map[0m
[0;32mI (311) esp_image: segment 3: paddr=000a1628 vaddr=3ffb2b6c size=0176ch (  5996) load[0m
[0;32mI (313) esp_image: segment 4: paddr=000a2d9c vaddr=40080000 size=18bb0h (101296) load[0m
[0;32mI (368) boot: Loaded app from partition at offset 0x10000[0m
[0;32mI (369) boot: Disabling RNG early entropy source...[0m
[0;32mI (380) cpu_start: Multicore app[0m
[0;32mI (389) cpu_start: Pro cpu start user code[0m
[0;32mI (389) cpu_start: cpu freq: 160000000 Hz[0m
[0;32mI (389) app_init: Application information:[0m
[0;32mI (392) app_init: Project name:     wifi_rtos[0m
[0;32mI (397) app_init: App version:      60e9f13-dirty[0m
[0;32mI (402) app_init: Compile time:     Nov  7 2024 00:54:29[0m
[0;32mI (408) app_init: ELF file SHA256:  b8f9e37b849582ec...[0m
[0;32mI (414) app_init: ESP-IDF:          v5.3.1-dirty[0m
[0;32mI (419) efuse_init: Min chip rev:     v0.0[0m
[0;32mI (424) efuse_init: Max chip rev:     v3.99 [0m
[0;32mI (429) efuse_init: Chip rev:         v1.0[0m
[0;32mI (434) heap_init: Initializing. RAM available for dynamic allocation:[0m
[0;32mI (441) heap_init: At 3FFAE6E0 len 00001920 (6 KiB): DRAM[0m
[0;32mI (447) heap_init: At 3FFB85C0 len 00027A40 (158 KiB): DRAM[0m
[0;32mI (453) heap_init: At 3FFE0440 len 00003AE0 (14 KiB): D/IRAM[0m
[0;32mI (460) heap_init: At 3FFE4350 len 0001BCB0 (111 KiB): D/IRAM[0m
[0;32mI (466) heap_init: At 40098BB0 len 00007450 (29 KiB): IRAM[0m
[0;32mI (474) spi_flash: detected chip: gd[0m
[0;32mI (477) spi_flash: flash io: dio[0m
[0;33mW (481) spi_flash: Detected size(4096k) larger than the size in the binary image header(2048k). Using the size in the binary image header.[0m
[0;33mW (494) i2c: This driver is an old driver, please migrate your application code to adapt `driver/i2c_master.h`[0m
[0;32mI (505) main_task: Started on CPU0[0m
[0;32mI (515) main_task: Calling app_main()[0m
I (695) wifi:wifi driver task: 3ffbe45c, prio:23, stack:6656, core=0
I (695) wifi:wifi firmware version: ccaebfa
I (695) wifi:wifi certification version: v7.0
I (695) wifi:config NVS flash: enabled
I (695) wifi:config nano formating: disabled
I (705) wifi:Init data frame dynamic rx buffer num: 32
I (705) wifi:Init static rx mgmt buffer num: 5
I (715) wifi:Init management short buffer num: 32
I (715) wifi:Init dynamic tx buffer num: 32
I (715) wifi:Init static rx buffer size: 1600
I (725) wifi:Init static rx buffer num: 10
I (725) wifi:Init dynamic rx buffer num: 32
[0;32mI (735) wifi_init: rx ba win: 6[0m
[0;32mI (735) wifi_init: accept mbox: 6[0m
[0;32mI (735) wifi_init: tcpip mbox: 32[0m
[0;32mI (745) wifi_init: udp mbox: 6[0m
[0;32mI (745) wifi_init: tcp mbox: 6[0m
[0;32mI (745) wifi_init: tcp tx win: 5744[0m
[0;32mI (755) wifi_init: tcp rx win: 5744[0m
[0;32mI (755) wifi_init: tcp mss: 1440[0m
[0;32mI (765) wifi_init: WiFi IRAM OP enabled[0m
[0;32mI (765) wifi_init: WiFi RX IRAM OP enabled[0m
[0;32mI (775) phy_init: phy_version 4830,54550f7,Jun 20 2024,14:22:08[0m
[0;33mW (775) phy_init: failed to load RF calibration data (0x1102), falling back to full calibration[0m
[0;33mW (855) phy_init: saving new calibration data because of checksum failure, mode(2)[0m
E (865) wifi:failed to post WiFi event=43 ret=259
I (865) wifi:mode : sta (b4:e6:2d:b1:e1:f9)
I (875) wifi:enable tsf
E (875) wifi:failed to post WiFi event=2 ret=259
[0;32mI (995) main_task: Returned from app_main()[0m
